[www.iot-lab.info/index.html]
[www.iot-lab.info/xmlrpc.php]
[backblue.gif]
[fade.gif]
[index.html]
[www.iot-lab.info/wp-content/plugins/responsive-lightbox/assets/swipebox/source/swipebox2f54.css]
[www.iot-lab.info/wp-content/plugins/table-of-contents-plus/screen6149.css]
[www.iot-lab.info/wp-content/themes/alienship-1.2.5/style2f54.css]
[www.iot-lab.info/wp-content/themes/alienship-1.2.5/css/bootstrap.minb3e8.css]
[www.iot-lab.info/wp-content/themes/alienship-1.2.5-child/styleb3e8.css]
[www.iot-lab.info/wp-content/themes/alienship-1.2.5-child/onelab2f54.css]
[www.iot-lab.info/wp-includes/js/jquery/jquery90f9.js]
[www.iot-lab.info/wp-includes/js/jquery/jquery-migrate.min1576.js]
[www.iot-lab.info/wp-content/plugins/responsive-lightbox/assets/swipebox/source/jquery.swipebox.min2f54.js]
[www.iot-lab.info/wp-content/plugins/responsive-lightbox/js/front2f54.js]
[www.iot-lab.info/wp-content/themes/alienship-1.2.5-child/js/bootstrap-hover-dropdown.min2f54.js]
[www.iot-lab.info/testbed/dashboard.html]
[www.iot-lab.info/wp-content/themes/alienship-1.2.5-child/templates/parts/fit-iotlab3.png]
[www.iot-lab.info/testbed/drawgantt.html]
[www.iot-lab.info/wp-content/themes/alienship-1.2.5-child/img_header/lille_8035.png]
[www.iot-lab.info/testbed/signup.html]
[www.iot-lab.info/wp-content/uploads/2019/01/carte-home-295x300.png]
[www.iot-lab.info/wp-content/uploads/2014/10/lille_8035-300x199.png]
[www.iot-lab.info/wp-content/uploads/2013/10/IMG_3423_DxO_bis-300x200.jpg]
[www.iot-lab.info/wp-content/plugins/table-of-contents-plus/front6149.js]
[www.iot-lab.info/wp-content/themes/alienship-1.2.5/js/bootstrap.minb12b.js]
[www.iot-lab.info/wp-content/themes/alienship-1.2.5/js/alienship-helper8a54.js]
[www.iot-lab.info/index.html]
[www.iot-lab.info/comments/feed/index.html]
[www.iot-lab.info/feed/index.html]
[www.iot-lab.info/wp-content/plugins/responsive-lightbox/assets/swipebox/source/img/loader.gif]
[www.iot-lab.info/news/index.html]
[www.iot-lab.info/what-is-iot-lab/index.html]
[www.iot-lab.info/deployment/index.html]
[www.iot-lab.info/wp-content/plugins/responsive-lightbox/assets/swipebox/source/swipebox2f54.css]
[www.iot-lab.info/wp-content/plugins/responsive-lightbox/assets/swipebox/source/img/icons.png]
[www.iot-lab.info/wp-content/plugins/table-of-contents-plus/screen6149.css]
[www.iot-lab.info/wp-content/themes/alienship-1.2.5/img/quote.png]
[www.iot-lab.info/wp-content/themes/alienship-1.2.5/style2f54.css]
[www.iot-lab.info/wp-content/themes/alienship-1.2.5/fonts/glyphicons-halflings-regular.eot]
[www.iot-lab.info/hardware/index.html]
[www.iot-lab.info/robots/index.html]
[www.iot-lab.info/wp-content/themes/alienship-1.2.5/fonts/glyphicons-halflings-regulard41d.eot]
[www.iot-lab.info/about-us/index.html]
[www.iot-lab.info/wp-content/themes/alienship-1.2.5/fonts/glyphicons-halflings-regular.woff]
[www.iot-lab.info/wp-content/themes/alienship-1.2.5/fonts/glyphicons-halflings-regular.ttf]
[www.iot-lab.info/wp-content/themes/alienship-1.2.5/css/bootstrap.minb3e8.css]
[www.iot-lab.info/wp-content/themes/alienship-1.2.5-child/fonts/opensans_bold_macroman/stylesheet.css]
[www.iot-lab.info/dev-center/index.html]
[www.iot-lab.info/wp-content/uploads/2014/01/1280px-Grenoble_-panorama.jpg]
[www.iot-lab.info/wp-content/uploads/2014/01/Grand-Place_Lille_panorama.jpg]
[www.iot-lab.info/wp-content/uploads/2014/01/1024px-Strasbourg_-_Ponts_Couverts_vus_de_la_terrasse_panoramique.jpg]
[www.iot-lab.info/wp-content/uploads/2014/02/1024px-Place_Saint_Anne_Rennes.jpg]
[www.iot-lab.info/wp-content/uploads/2014/02/Pont_des_Arts_Paris.jpg]
[www.iot-lab.info/wp-content/uploads/2016/05/Campus_Ecole_polytechnique_de_palaiseau.jpg]
[www.iot-lab.info/tutorials/index.html]
[www.iot-lab.info/wp-content/uploads/2016/05/panorama_lyon-1024x368.jpg]
[www.iot-lab.info/wp-content/themes/alienship-1.2.5-child/styleb3e8.css]
[www.iot-lab.info/wp-content/uploads/2016/07/Berlin_Panorama_Cropped.jpg]
[www.iot-lab.info/wp-content/themes/alienship-1.2.5-child/fonts/ubuntu/stylesheet.css]
[www.iot-lab.info/operating-systems/index.html]
[www.iot-lab.info/wp-content/themes/alienship-1.2.5-child/onelab2f54.css]
[www.iot-lab.info/testbed/css/app.d838dc6e.css]
[www.iot-lab.info/libraries/index.html]
[www.iot-lab.info/testbed/css/chunk-vendors.c333d7fa.css]
[www.iot-lab.info/testbed/js/app.3dbba19f.js]
[www.iot-lab.info/testbed/dashboard.html]
[www.iot-lab.info/wp-content/uploads/2019/03/terminal_icon-150x150.png]
[www.iot-lab.info/drivers/index.html]
[www.iot-lab.info/wp-content/uploads/2019/01/fit-lille-cube-1-150x150.jpg]
[www.iot-lab.info/testbed/js/chunk-vendors.abb22408.js]
[www.iot-lab.info/wp-content/uploads/2018/11/saclay_deploy_small-150x150.jpg]
[www.iot-lab.info/wp-content/uploads/2018/09/Sans-titre-150x150.jpg]
[www.iot-lab.info/wp-content/uploads/2018/05/en.b-l072z-lrwan1-150x150.jpg]
[www.iot-lab.info/wp-content/uploads/2018/05/tools-150x150.png]
[www.iot-lab.info/wp-content/uploads/2015/10/ipv6-150x150.jpg]
[www.iot-lab.info/news/index.html]
[www.iot-lab.info/wp-content/uploads/2018/02/Inria-0231-419-150x150.jpg]
[www.iot-lab.info/wp-content/uploads/2014/02/cutting-300x200.png]
[www.iot-lab.info/community/index.html]
[www.iot-lab.info/wp-content/uploads/2013/10/CompositingNodes.png]
[www.iot-lab.info/education/index.html]
[www.iot-lab.info/what-is-iot-lab/index.html]
[www.iot-lab.info/wp-content/uploads/2017/03/fit-federation1-300x276.png]
[www.iot-lab.info/wp-content/uploads/2017/12/carte-sites.png]
[www.iot-lab.info/wp-content/uploads/2013/10/turtlebot_2_lg.png]
[www.iot-lab.info/publications/index.html]
[www.iot-lab.info/wp-content/uploads/2013/10/turtlebot_2_lg-225x300.png]
[www.iot-lab.info/deployment/index.html]
[www.iot-lab.info/wp-content/uploads/2014/02/IMG_3320_DxO_cutted-300x200.png]
[www.iot-lab.info/charter/index.html]
[www.iot-lab.info/wp-content/uploads/2014/02/IMG_3447_DxO_cutted-300x200.png]
[www.iot-lab.info/wp-content/uploads/2014/02/IMG_3500_DxO_cutted-300x200.png]
[www.iot-lab.info/wp-content/uploads/2017/07/ATSAMR21-XPRO.png]
[www.iot-lab.info/wp-content/uploads/2018/03/firefly-4-zolertia.jpg]
[www.iot-lab.info/wp-content/uploads/2013/10/en.b-l072z-lrwan1.jpg]
[www.iot-lab.info/get_started/index.html]
[www.iot-lab.info/wp-content/uploads/2013/10/nrf52dk.jpg]
[www.iot-lab.info/wp-content/uploads/2013/10/nrf52840dk.jpg]
[www.iot-lab.info/wp-content/uploads/2013/10/nrf51dk.jpg]
[www.iot-lab.info/wp-content/uploads/2013/10/frdm-kw41z.jpg]
[www.iot-lab.info/wp-content/uploads/2017/07/contribute.png]
[www.iot-lab.info/wp-content/uploads/2014/02/icon_ON-GW-CN.png]
[www.iot-lab.info/wp-content/uploads/2014/02/icon_ON-e1392809905568.png]
[www.iot-lab.info/wp-content/uploads/2014/02/icon_GW-e1392809998219.png]
[www.iot-lab.info/wp-content/uploads/2014/02/icon_CN-e1392810026320.png]
[www.iot-lab.info/wp-content/uploads/2013/10/node-senslab-1.jpg]
[www.iot-lab.info/wp-content/uploads/2013/10/node-senslab-1-300x200.jpg]
[www.iot-lab.info/wp-content/uploads/2013/10/IMG_3398_DxO1.jpg]
[www.iot-lab.info/wp-content/uploads/2013/10/IMG_3479_DxO.jpg]
[www.iot-lab.info/hardware/index.html]
[www.iot-lab.info/wp-content/uploads/2013/10/IMG_3479_DxO-300x200.jpg]
[www.iot-lab.info/wp-content/uploads/2015/07/robot.png]
[www.iot-lab.info/testbed/index.html]
[www.iot-lab.info/wp-content/uploads/2015/07/robot_circuit.png]
[www.iot-lab.info/new-web-terminal-webportal/index.html]
[www.iot-lab.info/wp-content/uploads/2015/07/robot_model.png]
[www.iot-lab.info/wp-content/uploads/2015/07/robot_controlled.png]
[www.iot-lab.info/wp-content/uploads/2015/07/turtlebot2.jpg]
[www.iot-lab.info/wp-content/uploads/2015/07/turtlebot2-300x300.jpg]
[www.iot-lab.info/wp-content/uploads/2015/07/wifibot.jpg]
[www.iot-lab.info/robots/index.html]
[www.iot-lab.info/wp-content/uploads/2015/07/wifibot-300x300.jpg]
[www.iot-lab.info/wp-content/uploads/2015/02/upmc.gif]
[www.iot-lab.info/wp-content/uploads/2015/02/inria.png]
[www.iot-lab.info/new-open-nodes-available-on-lille-site/index.html]
[www.iot-lab.info/wp-content/uploads/2015/02/universite_de_strasbourg-300x138.png]
[www.iot-lab.info/wp-content/uploads/2015/02/institut-mines-telecom-300x270.jpg]
[www.iot-lab.info/wp-content/uploads/2015/02/cnrs.png]
[www.iot-lab.info/wp-content/uploads/2013/10/onelab.png]
[www.iot-lab.info/about-us/index.html]
[www.iot-lab.info/wp-content/uploads/2014/02/soft-layer.png]
[www.iot-lab.info/wp-content/uploads/2014/02/soft-layer-300x243.png]
[www.iot-lab.info/new-open-nodes-available-on-saclay-site/index.html]
[www.iot-lab.info/wp-content/uploads/2013/10/puzzle-300x260.png]
[www.iot-lab.info/dev-center/index.html]
[www.iot-lab.info/new-testbed-web-portal/index.html]
[www.iot-lab.info/new-types-of-nodes-available-on-iot-lab-zolertia-firefly-and-arduino-zero/index.html]
[www.iot-lab.info/wp-content/uploads/2015/06/tuto_wsn430.png]
[www.iot-lab.info/wp-content/uploads/2015/06/tuto_m3.png]
[www.iot-lab.info/wp-content/uploads/2015/06/tuto_a8.png]
[www.iot-lab.info/wp-content/uploads/2017/07/SAM_R21_Xplained_Pro_angled_view.jpg]
[www.iot-lab.info/wp-content/uploads/2018/03/arduino-zero.jpg]
[www.iot-lab.info/wp-content/uploads/2015/06/tuto_robot.png]
[www.iot-lab.info/wp-content/uploads/2015/06/tuto_batt.png]
[www.iot-lab.info/wp-content/uploads/2015/06/tuto_radio.png]
[www.iot-lab.info/wp-content/uploads/2015/06/tuto_contiki.png]
[www.iot-lab.info/wp-content/uploads/2015/06/tuto_riot.png]
[www.iot-lab.info/wp-content/uploads/2016/05/openwsn_logo.png]
[www.iot-lab.info/wp-content/uploads/2018/09/zephyr_tuto-300x300.png]
[www.iot-lab.info/wp-content/uploads/2019/02/contiki-ng.jpg]
[www.iot-lab.info/new-lora-sigfox-nodes/index.html]
[www.iot-lab.info/paris-site-is-ipv6-ready/index.html]
[www.iot-lab.info/join-the-first-fit-grid5k-school/index.html]
[www.iot-lab.info/update-iotlab-tools/index.html]
[www.iot-lab.info/tutorials/index.html]
[www.iot-lab.info/lilles-new-physical-topology-released/index.html]
[www.iot-lab.info/wp-content/uploads/2013/10/freertos-logo-300x114.jpg]
[www.iot-lab.info/wp-content/uploads/2013/10/riot-logo.png]
[www.iot-lab.info/wp-content/uploads/2013/10/logo_contiki.png]
[www.iot-lab.info/wp-content/uploads/2019/01/Zephyr-logo-300x155.png]
[www.iot-lab.info/wp-content/uploads/2013/10/openwsn_sticker.png]
[www.iot-lab.info/wp-content/uploads/2013/10/tinyos-logo-300x114.jpg]
[www.iot-lab.info/wp-content/uploads/2013/10/linux_org-logo.png]
[www.iot-lab.info/operating-systems/index.html]
[www.iot-lab.info/libraries/index.html]
[www.iot-lab.info/drivers/index.html]
[www.iot-lab.info/news/page/2/index.html]
[www.iot-lab.info/2019/03/index.html]
[www.iot-lab.info/wp-content/uploads/2014/06/networks-300x150.png]
[www.iot-lab.info/2019/01/index.html]
[www.iot-lab.info/wp-content/uploads/2014/06/SensLAB-christophe-300x199.jpg]
[www.iot-lab.info/community/index.html]
[www.iot-lab.info/education/index.html]
[www.iot-lab.info/publications/index.html]
[www.iot-lab.info/charter/index.html]
[www.iot-lab.info/2018/09/index.html]
[www.iot-lab.info/2018/04/index.html]
[www.iot-lab.info/2018/11/index.html]
[www.iot-lab.info/wp-content/uploads/2014/01/icon_open_hardware-150x150.png]
[www.iot-lab.info/2018/05/index.html]
[www.iot-lab.info/wp-content/uploads/2014/01/icon_open_source-150x150.png]
[www.iot-lab.info/wp-content/uploads/2014/01/icon_toolbox.png]
[www.iot-lab.info/get_started/index.html]
[www.iot-lab.info/testbed/drawgantt.html]
[www.iot-lab.info/testbed/index.html]
[www.iot-lab.info/testbed/signup.html]
[www.iot-lab.info/2017/11/index.html]
[www.iot-lab.info/wp-content/themes/alienship-1.2.5-child/templates/parts/fit+fit-iotlab.svg]
[www.iot-lab.info/2017/12/index.html]
[www.iot-lab.info/2017/09/index.html]
[www.iot-lab.info/2018/02/index.html]
[www.iot-lab.info/wp-content/themes/alienship-1.2.5-child/templates/parts/fit-white.svg]
[www.iot-lab.info/wp-content/themes/alienship-1.2.5/fonts/glyphicons-halflings-regular.svg]
[www.iot-lab.info/2017/07/index.html]
[www.iot-lab.info/2017/04/index.html]
[www.iot-lab.info/2017/05/index.html]
[www.iot-lab.info/2016/06/index.html]
[www.iot-lab.info/wp-content/themes/alienship-1.2.5-child/fonts/opensans_bold_macroman/OpenSans-Bold-webfont.eot]
[www.iot-lab.info/wp-content/themes/alienship-1.2.5-child/fonts/opensans_bold_macroman/OpenSans-Bold-webfontd41d.eot]
[www.iot-lab.info/wp-content/themes/alienship-1.2.5-child/fonts/opensans_bold_macroman/OpenSans-Bold-webfont.woff]
[www.iot-lab.info/wp-content/themes/alienship-1.2.5-child/fonts/opensans_bold_macroman/OpenSans-Bold-webfont.ttf]
[www.iot-lab.info/wp-content/themes/alienship-1.2.5-child/fonts/opensans_bold_macroman/stylesheet.css]
[www.iot-lab.info/wp-content/themes/alienship-1.2.5-child/fonts/ubuntu/ubuntu-r-webfont.eot]
[www.iot-lab.info/wp-content/themes/alienship-1.2.5-child/fonts/ubuntu/ubuntu-r-webfontd41d.eot]
[www.iot-lab.info/2016/05/index.html]
[www.iot-lab.info/wp-content/themes/alienship-1.2.5-child/fonts/ubuntu/ubuntu-r-webfont.woff]
[www.iot-lab.info/wp-content/themes/alienship-1.2.5-child/fonts/ubuntu/ubuntu-r-webfont.ttf]
[www.iot-lab.info/wp-content/themes/alienship-1.2.5-child/fonts/ubuntu/ubuntu-b-webfont.eot]
[www.iot-lab.info/wp-content/themes/alienship-1.2.5-child/fonts/ubuntu/ubuntu-b-webfontd41d.eot]
[www.iot-lab.info/wp-content/themes/alienship-1.2.5-child/fonts/ubuntu/ubuntu-b-webfont.woff]
[www.iot-lab.info/wp-content/themes/alienship-1.2.5-child/fonts/ubuntu/ubuntu-b-webfont.ttf]
[www.iot-lab.info/wp-content/themes/alienship-1.2.5-child/fonts/ubuntu/stylesheet.css]
[www.iot-lab.info/wp-content/themes/alienship-1.2.5-child/img_header/bg-home1.html]
[www.iot-lab.info/testbed/fonts/OpenSans-Bold-webfont.1d9c7945.eot]
[www.iot-lab.info/2015/10/index.html]
[www.iot-lab.info/testbed/fonts/OpenSans-Bold-webfont.1d9c7945d41d.eot]
[www.iot-lab.info/2016/04/index.html]
[www.iot-lab.info/testbed/fonts/OpenSans-Bold-webfont.2e90d515.woff]
[www.iot-lab.info/testbed/fonts/OpenSans-Bold-webfont.76cc6be5.ttf]
[www.iot-lab.info/testbed/css/app.d838dc6e.css]
[www.iot-lab.info/testbed/fonts/fontawesome-webfont.674f50d2.eot]
[www.iot-lab.info/testbed/fonts/fontawesome-webfont.674f50d2d41d.eot]
[www.iot-lab.info/2015/09/index.html]
[www.iot-lab.info/testbed/fonts/fontawesome-webfont.fee66e71.woff]
[www.iot-lab.info/testbed/fonts/fontawesome-webfont.b06871f2.ttf]
[www.iot-lab.info/testbed/css/chunk-vendors.c333d7fa.css]
[www.iot-lab.info/wp-content/uploads/2019/03/terminal_icon-300x266.png]
[www.iot-lab.info/new-web-terminal-webportal/index.html]
[www.iot-lab.info/2015/07/index.html]
[www.iot-lab.info/wp-content/uploads/2019/01/fit-lille-cube-1-300x206.jpg]
[www.iot-lab.info/new-open-nodes-available-on-lille-site/index.html]
[www.iot-lab.info/2015/05/index.html]
[www.iot-lab.info/wp-content/uploads/2018/11/saclay_deploy_small-300x169.jpg]
[www.iot-lab.info/new-open-nodes-available-on-saclay-site/index.html]
[www.iot-lab.info/2015/02/index.html]
[www.iot-lab.info/wp-content/uploads/2018/09/Sans-titre-300x266.jpg]
[www.iot-lab.info/new-testbed-web-portal/index.html]
[www.iot-lab.info/2014/11/index.html]
[www.iot-lab.info/2014/10/index.html]
[www.iot-lab.info/wp-content/uploads/2017/07/ArduinoZero.png]
[www.iot-lab.info/2014/09/index.html]
[www.iot-lab.info/new-types-of-nodes-available-on-iot-lab-zolertia-firefly-and-arduino-zero/index.html]
[www.iot-lab.info/wp-content/uploads/2018/05/en.b-l072z-lrwan1-300x197.jpg]
[www.iot-lab.info/2014/07/index.html]
[www.iot-lab.info/2014/06/index.html]
[www.iot-lab.info/new-lora-sigfox-nodes/index.html]
[www.iot-lab.info/wp-content/uploads/2018/05/tools-300x300.png]
[www.iot-lab.info/update-iotlab-tools/index.html]
[www.iot-lab.info/2014/05/index.html]
[www.iot-lab.info/wp-content/uploads/2015/10/ipv6-269x300.jpg]
[www.iot-lab.info/paris-site-is-ipv6-ready/index.html]
[www.iot-lab.info/2014/03/index.html]
[www.iot-lab.info/wp-includes/images/smilies/icon_wink.gif]
[www.iot-lab.info/join-the-first-fit-grid5k-school/index.html]
[www.iot-lab.info/wp-content/uploads/2018/02/Inria-0231-419-300x169.jpg]
[www.iot-lab.info/2014/02/index.html]
[www.iot-lab.info/2014/01/index.html]
[www.iot-lab.info/wp-content/uploads/2018/02/lille_deployment_zones.png]
[www.iot-lab.info/lilles-new-physical-topology-released/index.html]
[www.iot-lab.info/wp-content/uploads/2018/02/lille_deployment_zones-724x1024.png]
[www.iot-lab.info/wp-content/uploads/2015/06/tuto_wsn430-150x150.png]
[www.iot-lab.info/wp-content/uploads/2017/11/xbanner-twitter.jpg.pagespeed.ic_.zKyq6E64qM-150x150.jpg]
[www.iot-lab.info/deployment/grenoble/index.html]
[www.iot-lab.info/wp-content/uploads/2015/02/RIOT-OS.png]
[www.iot-lab.info/news/page/2/index.html]
[www.iot-lab.info/wp-content/uploads/2017/07/jdevlogo2017-150x150.png]
[www.iot-lab.info/2019/03/index.html]
[www.iot-lab.info/2019/01/index.html]
[www.iot-lab.info/2018/11/index.html]
[www.iot-lab.info/deployment/saclay/index.html]
[www.iot-lab.info/deployment/strasbourg/index.html]
[www.iot-lab.info/2018/09/index.html]
[www.iot-lab.info/deployment/lille/index.html]
[www.iot-lab.info/deployment/paris/index.html]
[www.iot-lab.info/2018/05/index.html]
[www.iot-lab.info/deployment/lyon/index.html]
[www.iot-lab.info/hardware/wsn430/index.html]
[www.iot-lab.info/2018/04/index.html]
[www.iot-lab.info/hardware/m3/index.html]
[www.iot-lab.info/hardware/a8/index.html]
[www.iot-lab.info/2018/02/index.html]
[www.iot-lab.info/2017/12/index.html]
[www.iot-lab.info/2017/11/index.html]
[www.iot-lab.info/hardware/custom/index.html]
[www.iot-lab.info/2017/09/index.html]
[www.iot-lab.info/2017/07/index.html]
[www.iot-lab.info/tutorials/testbed-overview/index.html]
[www.iot-lab.info/2017/05/index.html]
[www.iot-lab.info/tutorials/getting-started-tutorial/index.html]
[www.iot-lab.info/2017/04/index.html]
[www.iot-lab.info/tutorials/ssh-access/index.html]
[www.iot-lab.info/2016/06/index.html]
[www.iot-lab.info/tutorials/understand-ipv6-subnetting-on-the-fit-iot-lab-testbed/index.html]
[www.iot-lab.info/2016/05/index.html]
[www.iot-lab.info/2016/04/index.html]
[www.iot-lab.info/tutorials/submit-experiment-wsn430-web/index.html]
[www.iot-lab.info/2015/10/index.html]
[www.iot-lab.info/tutorials/submit-experiment-m3-web/index.html]
[www.iot-lab.info/tutorials/submit-experiment-m3-clitools/index.html]
[www.iot-lab.info/tutorials/submit-experiment-a8-web/index.html]
[www.iot-lab.info/wp-content/uploads/2015/09/inauguration_lille-150x150.png]
[www.iot-lab.info/2015/09/index.html]
[www.iot-lab.info/tutorials/submit-experiment-a8-clitools/index.html]
[www.iot-lab.info/wp-content/uploads/2015/07/CIRCNOXWsAAmMcJ.jpg-large-150x150.jpg]
[www.iot-lab.info/2015/07/index.html]
[www.iot-lab.info/2015/05/index.html]
[www.iot-lab.info/2015/02/index.html]
[www.iot-lab.info/tutorials/samr21-riot/index.html]
[www.iot-lab.info/tutorials/firefly-contiki/index.html]
[www.iot-lab.info/tutorials/riot-ttn/index.html]
[www.iot-lab.info/tutorials/arduino-zero-riot/index.html]
[www.iot-lab.info/wp-content/uploads/2014/11/IMG_20160413_113301-150x150.jpg]
[www.iot-lab.info/2014/11/index.html]
[www.iot-lab.info/wp-content/uploads/2014/11/tutorial-150x150.png]
[www.iot-lab.info/wp-content/uploads/2014/10/news-iotlab-150x150.png]
[www.iot-lab.info/2014/10/index.html]
[www.iot-lab.info/wp-content/uploads/2014/09/lille_7312-e1411735064527-150x150.png]
[www.iot-lab.info/tutorials/robots-circuit-m3/index.html]
[www.iot-lab.info/2014/09/index.html]
[www.iot-lab.info/wp-content/uploads/2014/09/Workshop-150x150.png]
[www.iot-lab.info/tutorials/wsn430-compilation/index.html]
[www.iot-lab.info/wp-content/uploads/2014/07/ietf_news-150x150.png]
[www.iot-lab.info/2014/07/index.html]
[www.iot-lab.info/tutorials/openlab-compilation/index.html]
[www.iot-lab.info/wp-content/uploads/2014/06/ubimob2014-150x150.png]
[www.iot-lab.info/tutorials/monitoring-consumption-m3/index.html]
[www.iot-lab.info/tutorials/monitoring-radio-m3/index.html]
[www.iot-lab.info/wp-content/uploads/2014/06/IMG_20140522_1650581-150x150.jpg]
[www.iot-lab.info/2014/06/index.html]
[www.iot-lab.info/wp-content/uploads/2014/06/m3-grid-strasbourg-150x150.png]
[www.iot-lab.info/wp-content/uploads/2014/05/m3-300x275-150x150.png]
[www.iot-lab.info/2014/05/index.html]
[www.iot-lab.info/wp-content/uploads/2014/05/coming_soon-150x150.png]
[www.iot-lab.info/tutorials/monitoring-sniffer-m3/index.html]
[www.iot-lab.info/wp-content/uploads/2014/05/wsn430-300x275-150x150.png]
[www.iot-lab.info/2014/03/index.html]
[www.iot-lab.info/wp-content/uploads/2014/05/fit-iot-lab-300x275-150x150.png]
[www.iot-lab.info/tutorials/contiki-compilation/index.html]
[www.iot-lab.info/wp-content/uploads/2014/02/feature-stras-150x150.jpg]
[www.iot-lab.info/2014/02/index.html]
[www.iot-lab.info/wp-content/uploads/2014/02/feat-gre1-150x150.jpg]
[www.iot-lab.info/tutorials/contiki-private-ipv6-m3/index.html]
[www.iot-lab.info/wp-content/uploads/2014/01/feature-lil-150x150.jpg]
[www.iot-lab.info/wp-content/uploads/2014/01/feature-gre21-150x150.jpg]
[www.iot-lab.info/2014/01/index.html]
[www.iot-lab.info/wp-content/themes/alienship-1.2.5-child/templates/parts/fit-iotlab-complete.svg]
[www.iot-lab.info/tutorials/contiki-public-ipv6-m3/index.html]
[www.iot-lab.info/wp-content/uploads/2013/10/IMG_20131220_1238271-225x300.jpg]
[www.iot-lab.info/wp-content/uploads/2013/10/planMontbonnot.png]
[www.iot-lab.info/tutorials/contiki-public-ipv6-a8-m3/index.html]
[www.iot-lab.info/tutorials/contiki-coap-m3/index.html]
[www.iot-lab.info/wp-content/uploads/2013/10/planMontbonnot-300x201.png]
[www.iot-lab.info/wp-content/uploads/2013/10/batiment-montbonnot.jpg]
[www.iot-lab.info/wp-content/uploads/2013/10/batiment-montbonnot-300x200.jpg]
[www.iot-lab.info/wp-content/uploads/2013/10/senslab.jpg]
[www.iot-lab.info/wp-content/uploads/2013/10/senslab-300x186.jpg]
[www.iot-lab.info/wp-content/uploads/2013/10/Fit1440.png]
[www.iot-lab.info/wp-content/uploads/2013/10/Fit1440-300x168.png]
[www.iot-lab.info/deployment/grenoble/index.html]
[www.iot-lab.info/wp-content/uploads/2019/01/plan-lille.png]
[www.iot-lab.info/wp-content/uploads/2013/10/lille_deployment_zones-2.png]
[www.iot-lab.info/tutorials/contiki-coap-tsch-m3/index.html]
[www.iot-lab.info/wp-content/uploads/2013/10/lille_deployment_zones-2-300x272.png]
[www.iot-lab.info/wp-content/uploads/2013/10/redeploiment_fit.png]
[www.iot-lab.info/wp-content/uploads/2013/10/redeploiment_fit-244x300.png]
[www.iot-lab.info/wp-content/uploads/2019/01/fit-lille-1.jpg]
[www.iot-lab.info/wp-content/uploads/2019/01/fit-lille-1-300x200.jpg]
[www.iot-lab.info/wp-content/uploads/2019/01/fit-lille-2.jpg]
[www.iot-lab.info/wp-content/uploads/2019/01/fit-lille-2-300x200.jpg]
[www.iot-lab.info/wp-content/uploads/2019/01/fit-lille-3.jpg]
[www.iot-lab.info/wp-content/uploads/2019/01/fit-lille-3-300x200.jpg]
[www.iot-lab.info/wp-content/uploads/2019/01/fit-lille-cube-1.jpg]
[www.iot-lab.info/wp-content/uploads/2019/01/fit-lille-cube-21.jpg]
[www.iot-lab.info/wp-content/uploads/2019/01/fit-lille-cube-21-300x200.jpg]
[www.iot-lab.info/wp-content/uploads/2019/01/fit-lille-cube-3.jpg]
[www.iot-lab.info/deployment/lille/index.html]
[www.iot-lab.info/wp-content/uploads/2019/01/fit-lille-cube-3-300x200.jpg]
[www.iot-lab.info/wp-content/uploads/2013/10/20121121093855-5e8c5289-me.jpg]
[www.iot-lab.info/tutorials/contiki-lwm2m-m3/index.html]
[www.iot-lab.info/tutorials/riot-compilation/index.html]
[www.iot-lab.info/wp-content/uploads/2013/10/Capture-du-2014-02-27-143115.png]
[www.iot-lab.info/wp-content/uploads/2013/10/Capture-du-2014-02-27-143115-300x169.png]
[www.iot-lab.info/wp-content/uploads/2013/10/20121121093855-93e2a2a1-me.jpg]
[www.iot-lab.info/wp-content/uploads/2013/10/20121121093855-93e2a2a1-me-300x199.jpg]
[www.iot-lab.info/wp-content/uploads/2014/02/IMG_4090.jpg]
[www.iot-lab.info/wp-content/uploads/2014/02/IMG_4090-300x225.jpg]
[www.iot-lab.info/deployment/strasbourg/index.html]
[www.iot-lab.info/wp-content/uploads/2013/10/20121121093855-5e8c5289-me-300x199.jpg]
[www.iot-lab.info/wp-content/uploads/2016/05/saclay_map.png]
[www.iot-lab.info/wp-content/uploads/2016/05/saclay_map-300x182.png]
[www.iot-lab.info/tutorials/riot-networking-m3/index.html]
[www.iot-lab.info/wp-content/uploads/2016/05/digiteo1.jpg]
[www.iot-lab.info/wp-content/uploads/2016/05/digiteo1-300x169.jpg]
[www.iot-lab.info/wp-content/uploads/2016/05/digiteo2.jpg]
[www.iot-lab.info/wp-content/uploads/2016/05/digiteo2-300x169.jpg]
[www.iot-lab.info/wp-content/uploads/2016/05/lora.jpg]
[www.iot-lab.info/wp-content/uploads/2016/05/lora-300x169.jpg]
[www.iot-lab.info/wp-content/uploads/2016/05/parking.jpg]
[www.iot-lab.info/deployment/saclay/index.html]
[www.iot-lab.info/wp-content/uploads/2016/05/parking-300x225.jpg]
[www.iot-lab.info/tutorials/riot-rpl-m3/index.html]
[www.iot-lab.info/wp-content/uploads/2015/05/Paris-IMT-Map.png]
[www.iot-lab.info/wp-content/uploads/2015/05/Paris-IMT-Map-220x300.png]
[www.iot-lab.info/wp-content/uploads/2015/05/Paris-IMT-_MG_2137.jpg]
[www.iot-lab.info/wp-content/uploads/2015/05/Paris-IMT-_MG_2137-150x150.jpg]
[www.iot-lab.info/wp-content/uploads/2015/05/Paris-IMT-_MG_2119.jpg]
[www.iot-lab.info/wp-content/uploads/2015/05/Paris-IMT-_MG_2119-150x150.jpg]
[www.iot-lab.info/wp-content/uploads/2015/05/Paris-IMT-_MG_2151.jpg]
[www.iot-lab.info/wp-content/uploads/2015/05/Paris-IMT-_MG_2151-150x150.jpg]
[www.iot-lab.info/wp-content/uploads/2015/05/Paris-IMT-_MG_2162.jpg]
[www.iot-lab.info/wp-content/uploads/2015/05/Paris-IMT-_MG_2162-150x150.jpg]
[www.iot-lab.info/wp-content/uploads/2015/05/Paris-IMT-_MG_2132.jpg]
[www.iot-lab.info/wp-content/uploads/2015/05/Paris-IMT-_MG_2132-150x150.jpg]
[www.iot-lab.info/wp-content/uploads/2015/05/Paris-IMT-_MG_2129.jpg]
[www.iot-lab.info/wp-content/uploads/2015/05/Paris-IMT-_MG_2129-150x150.jpg]
[www.iot-lab.info/deployment/paris/index.html]
[www.iot-lab.info/wp-content/uploads/2016/05/plan_geograph_iotlab-lyon.png]
[www.iot-lab.info/wp-content/uploads/2016/05/plan_geograph_iotlab-lyon-300x146.png]
[www.iot-lab.info/tutorials/riot-public-ipv6-m3/index.html]
[www.iot-lab.info/wp-content/uploads/2016/05/Cartographie-300x190.png]
[www.iot-lab.info/wp-content/uploads/2016/05/IMG_1283.jpg]
[www.iot-lab.info/wp-content/uploads/2016/05/IMG_1283-300x225.jpg]
[www.iot-lab.info/wp-content/uploads/2016/05/IMG_10521.jpg]
[www.iot-lab.info/wp-content/uploads/2016/05/IMG_10521-300x225.jpg]
[www.iot-lab.info/wp-content/uploads/2016/05/IMG_1281.jpg]
[www.iot-lab.info/wp-content/uploads/2016/05/IMG_1281-300x225.jpg]
[www.iot-lab.info/wp-content/uploads/2016/05/IMG_1056.jpg]
[www.iot-lab.info/wp-content/uploads/2016/05/IMG_1056-300x225.jpg]
[www.iot-lab.info/wp-content/uploads/2016/05/IMG_1345.jpg]
[www.iot-lab.info/wp-content/uploads/2016/05/IMG_1345-300x225.jpg]
[www.iot-lab.info/wp-content/uploads/2016/05/IMG_1346.jpg]
[www.iot-lab.info/wp-content/uploads/2016/05/IMG_1346-300x225.jpg]
[www.iot-lab.info/wp-content/uploads/2016/05/logo-citi-1.png]
[www.iot-lab.info/wp-content/uploads/2016/05/logo-insa-lyon.png]
[www.iot-lab.info/wp-includes/js/mediaelement/mediaelementplayer.min4165.css]
[www.iot-lab.info/wp-includes/js/mediaelement/wp-mediaelement2f54.css]
[www.iot-lab.info/wp-includes/js/mediaelement/mediaelement-and-player.min4165.js]
[www.iot-lab.info/deployment/lyon/index.html]
[www.iot-lab.info/wp-includes/js/mediaelement/wp-mediaelement2f54.js]
[www.iot-lab.info/wp-content/uploads/2013/10/WSN430-v1.3b-open-node.png]
[www.iot-lab.info/wp-content/uploads/2013/10/WSN430-v1.3b-open-node-300x194.png]
[www.iot-lab.info/wp-content/uploads/2013/10/WSN430-v1.4-open-node.png]
[www.iot-lab.info/hardware/wsn430/index.html]
[www.iot-lab.info/wp-content/uploads/2013/10/WSN430-v1.4-open-node-300x188.png]
[www.iot-lab.info/wp-content/uploads/2013/10/m3opennode.png]
[www.iot-lab.info/wp-content/uploads/2013/10/m3opennode-300x199.png]
[www.iot-lab.info/hardware/m3/index.html]
[www.iot-lab.info/wp-content/uploads/2013/10/GPS_MAX6.pdf]
[www.iot-lab.info/wp-content/uploads/2013/10/a8opennode.png]
[www.iot-lab.info/hardware/a8/index.html]
[www.iot-lab.info/wp-content/uploads/2013/10/a8opennode-300x200.png]
[www.iot-lab.info/tutorials/riot-public-ipv6-a8-m3/index.html]
[www.iot-lab.info/wp-content/uploads/2017/07/develop_on_class.png]
[www.iot-lab.info/wp-content/uploads/2017/07/plug-300x300.png]
[www.iot-lab.info/wp-content/uploads/2017/07/run-300x300.png]
[www.iot-lab.info/hardware/custom/index.html]
[www.iot-lab.info/tutorials/riot-coap-m3/index.html]
[www.iot-lab.info/tutorials/do-a-circuit-loop-with-a-mobile-m3-node/index.html]
[www.iot-lab.info/tutorials/riot-coap-a8-m3/index.html]
[www.iot-lab.info/tutorials/riot-mqtt-sn-a8-m3/index.html]
[www.iot-lab.info/tutorials/openwsn-compilation/index.html]
[www.iot-lab.info/wp-content/uploads/2013/10/tableau-fit.svg]
[www.iot-lab.info/dev-centrer/drivers/index.html]
[www.iot-lab.info/tutorials/openwsn-bsp/index.html]
[www.iot-lab.info/dev-centrer/operating-systems/index.html]
[www.iot-lab.info/tutorials/openwsn-6tsch/index.html]
[www.iot-lab.info/dev-centrer/libraries/index.html]
[www.iot-lab.info/tutorials/zephyr-compilation/index.html]
[www.iot-lab.info/tutorials/contiki-ng-compilation/index.html]
[www.iot-lab.info/tutorials/install-cli-tools/index.html]
[www.iot-lab.info/tutorials/iotlab-experimenttools-client/index.html]
[www.iot-lab.info/wp-content/uploads/2018/09/testbed-overview.png]
[www.iot-lab.info/tutorials/testbed-overview/index.html]
[www.iot-lab.info/wp-content/uploads/2014/02/difficulty.jpg]
[www.iot-lab.info/wp-content/uploads/2014/02/duration.jpg]
[www.iot-lab.info/tutorials/iotlab-nodetools-client/index.html]
[www.iot-lab.info/wp-content/uploads/2019/01/getting-started-image.png]
[www.iot-lab.info/wp-content/uploads/2019/01/getting-started-new-experiment.png]
[www.iot-lab.info/wp-content/uploads/2019/01/getting-started-new-experiment-1024x289.png]
[www.iot-lab.info/tutorials/iotlab-profiletools-client/index.html]
[www.iot-lab.info/wp-content/uploads/2019/01/getting-started-select-nodes.png]
[www.iot-lab.info/wp-content/uploads/2019/01/getting-started-select-nodes-1024x421.png]
[www.iot-lab.info/wp-content/uploads/2019/01/getting-started-add-firmware.png]
[www.iot-lab.info/wp-content/uploads/2019/01/getting-started-add-firmware-1024x506.png]
[www.iot-lab.info/wp-content/uploads/2019/01/getting-started-presets-firmwares.png]
[www.iot-lab.info/wp-content/uploads/2019/01/getting-started-presets-firmwares-1024x429.png]
[www.iot-lab.info/wp-content/uploads/2019/01/getting-started-verify-and-launch.png]
[www.iot-lab.info/wp-content/uploads/2019/01/getting-started-verify-and-launch-1024x515.png]
[www.iot-lab.info/wp-content/uploads/2019/01/getting-started-experiment-status.png]
[www.iot-lab.info/wp-content/uploads/2019/01/getting-started-experiment-status-1024x445.png]
[www.iot-lab.info/wp-content/uploads/2019/01/getting-started-experiment-select.png]
[www.iot-lab.info/wp-content/uploads/2019/01/getting-started-experiment-select-1024x213.png]
[www.iot-lab.info/wp-content/uploads/2019/01/getting-started-terminal-action.png]
[www.iot-lab.info/wp-content/uploads/2019/01/getting-started-terminal-action-1024x401.png]
[www.iot-lab.info/wp-content/uploads/2019/01/getting-started-terminal-open.png]
[www.iot-lab.info/wp-content/uploads/2019/01/getting-started-terminal-open-1024x483.png]
[www.iot-lab.info/wp-content/uploads/2019/01/getting-started-terminal-send.png]
[www.iot-lab.info/wp-content/uploads/2019/01/getting-started-terminal-send-1024x649.png]
[www.iot-lab.info/tutorials/getting-started-tutorial/index.html]
[www.iot-lab.info/wp-content/uploads/2014/05/Capture-du-2014-05-12-2105511.png]
[www.iot-lab.info/tutorials/iotlab-robottools-client/index.html]
[www.iot-lab.info/tutorials/iotlab-runscript-client/index.html]
[www.iot-lab.info/wp-content/uploads/2018/03/ssh.png]
[www.iot-lab.info/tutorials/ssh-access/index.html]
[www.iot-lab.info/tutorials/understand-ipv6-subnetting-on-the-fit-iot-lab-testbed/index.html]
[www.iot-lab.info/tutorials/serial-aggregator/index.html]
[www.iot-lab.info/tutorials/ssh-clitools-client/index.html]
[www.iot-lab.info/wp-content/uploads/2018/09/submit-wsn430.png]
[www.iot-lab.info/tutorials/submit-experiment-wsn430-web/index.html]
[www.iot-lab.info/wp-content/uploads/2018/09/result-wsn420.png]
[www.iot-lab.info/wp-content/uploads/2014/05/tuto_m3_exp.png]
[www.iot-lab.info/tutorials/debugger-on-m3-nodes/index.html]
[www.iot-lab.info/wp-content/uploads/2018/03/experiment-submit.png]
[www.iot-lab.info/wp-content/uploads/2018/03/experiment-submit-1024x500.png]
[www.iot-lab.info/wp-content/uploads/2018/03/experiment-details.png]
[www.iot-lab.info/tutorials/submit-experiment-m3-web/index.html]
[www.iot-lab.info/wp-content/uploads/2018/03/experiment-details-1024x372.png]
[www.iot-lab.info/wp-content/uploads/2017/06/tuto_m3_clitools_exp.jpg]
[www.iot-lab.info/tutorials/submit-experiment-m3-clitools/index.html]
[www.iot-lab.info/workshop-iot-nov2014/index.html]
[www.iot-lab.info/wp-content/uploads/2014/10/tuto_a8_exp.png]
[www.iot-lab.info/ubimob-2014/index.html]
[www.iot-lab.info/wp-content/uploads/2018/04/experiment-submit-a8.png]
[www.iot-lab.info/wp-content/uploads/2018/04/experiment-submit-a8-1024x501.png]
[www.iot-lab.info/wp-content/uploads/2018/04/experiment-details-a8.png]
[www.iot-lab.info/tutorials/submit-experiment-a8-web/index.html]
[www.iot-lab.info/wp-content/uploads/2018/04/experiment-details-a8-1024x376.png]
[www.iot-lab.info/wp-content/uploads/2017/06/tuto_a8_clitools_exp.png]
[www.iot-lab.info/tutorials/submit-experiment-a8-clitools/index.html]
[www.iot-lab.info/wp-content/uploads/2016/10/tuto_samr21_exp.png]
[www.iot-lab.info/tutorials/samr21-riot/index.html]
[www.iot-lab.info/wp-content/uploads/2018/03/lorawan-classes.jpg]
[www.iot-lab.info/wp-content/uploads/2018/03/lorawan-system.png]
[www.iot-lab.info/reducing-wsn430-nodes-support/index.html]
[www.iot-lab.info/wp-content/uploads/2018/03/ttn-signup.png]
[www.iot-lab.info/tutorials/riot-ttn/index.html]
[www.iot-lab.info/wp-content/uploads/2018/03/xbee.jpg]
[www.iot-lab.info/tutorials/arduino-zero-riot/index.html]
[www.iot-lab.info/wp-content/uploads/2018/03/tuto_firefly_exp.png]
[www.iot-lab.info/fundamentals-and-applications-of-the-internet-of-things-workshop-santiago-chile/index.html]
[www.iot-lab.info/tutorials/firefly-contiki/index.html]
[www.iot-lab.info/jdev-2017/index.html]
[www.iot-lab.info/2017-new-riot-tutorials/index.html]
[www.iot-lab.info/new-features-released-on-may-15/index.html]
[www.iot-lab.info/wp-content/uploads/2016/04/drawgantt_turtlebot.png]
[www.iot-lab.info/wp-content/uploads/2016/04/mobile_live_imu.png]
[www.iot-lab.info/wp-content/uploads/2016/04/plot_traj_1.png]
[www.iot-lab.info/wp-content/uploads/2016/04/plot_traj_1-150x150.png]
[www.iot-lab.info/wp-content/uploads/2016/04/plot_traj_2.png]
[www.iot-lab.info/wp-content/uploads/2016/04/plot_traj_2-150x150.png]
[www.iot-lab.info/wp-content/uploads/2016/04/plot_traj_3.png]
[www.iot-lab.info/tutorials/robots-circuit-m3/index.html]
[www.iot-lab.info/wp-content/uploads/2016/04/plot_traj_3-150x150.png]
[www.iot-lab.info/tutorials/wsn430-compilation/index.html]
[www.iot-lab.info/tutorials/openlab-compilation/index.html]
[www.iot-lab.info/wp-content/uploads/2014/04/monitoring-conso2.png]
[www.iot-lab.info/contiki-3-x-support/index.html]
[www.iot-lab.info/new-features-released-on-april-25/index.html]
[www.iot-lab.info/lille-site-is-ipv6-ready/index.html]
[www.iot-lab.info/wp-content/uploads/2018/03/submit-experiment-monitoring-conso1.png]
[www.iot-lab.info/wp-content/uploads/2014/04/full-plot.jpg]
[www.iot-lab.info/wp-content/uploads/2014/04/zoom-plot.jpg]
[www.iot-lab.info/wp-content/uploads/2014/04/plot_power31.png]
[www.iot-lab.info/tutorials/monitoring-consumption-m3/index.html]
[www.iot-lab.info/wp-content/uploads/2014/04/plot_power31-1024x545.png]
[www.iot-lab.info/wp-content/uploads/2018/03/monitoring-radio.png]
[www.iot-lab.info/new-tutorials-for-riot-on-a8-m3-nodes/index.html]
[www.iot-lab.info/wp-content/uploads/2018/03/experiment-radio.png]
[www.iot-lab.info/wp-content/uploads/2018/03/experiment-radio-1024x504.png]
[www.iot-lab.info/wp-content/uploads/2018/03/experiment-radio-details.png]
[www.iot-lab.info/wp-content/uploads/2018/03/experiment-radio-details-1024x377.png]
[www.iot-lab.info/wp-content/uploads/2014/04/radio-plot.jpg]
[www.iot-lab.info/tutorials/monitoring-radio-m3/index.html]
[www.iot-lab.info/wp-content/uploads/2014/04/RadioParameters.jpg]
[www.iot-lab.info/opening-of-lyon-site/index.html]
[www.iot-lab.info/wp-content/uploads/2015/01/wireshark1_sniffer.jpg]
[www.iot-lab.info/wp-content/uploads/2015/01/wireshark2_sniffer.jpg]
[www.iot-lab.info/tutorials/monitoring-sniffer-m3/index.html]
[www.iot-lab.info/tutorials/contiki-compilation/index.html]
[www.iot-lab.info/new-plot-tools/index.html]
[www.iot-lab.info/news/page/3/index.html]
[www.iot-lab.info/opening-of-the-paris-saclay-site/index.html]
[www.iot-lab.info/tutorials/contiki-private-ipv6-m3/index.html]
[www.iot-lab.info/tutorials/contiki-public-ipv6-m3/index.html]
[www.iot-lab.info/tutorials/contiki-public-ipv6-a8-m3/index.html]
[www.iot-lab.info/tutorials/contiki-coap-m3/index.html]
[www.iot-lab.info/ipv6-ready/index.html]
[www.iot-lab.info/tutorials/contiki-coap-tsch-m3/index.html]
[www.iot-lab.info/rescom2015/index.html]
[www.iot-lab.info/maintenance-operation-of-april-4th/index.html]
[www.iot-lab.info/workshop-internet-of-things-equipex-fit-iot-lab-2/index.html]
[www.iot-lab.info/wp-content/uploads/2018/03/leshan-overview.png]
[www.iot-lab.info/maintenance-operation-of-may-26th/index.html]
[www.iot-lab.info/wp-content/uploads/2018/03/leshan-overview-264x300.png]
[www.iot-lab.info/wp-content/uploads/2018/03/leshan-registration.png]
[www.iot-lab.info/wp-content/uploads/2018/03/leshan-instance.png]
[www.iot-lab.info/wp-content/uploads/2018/03/temperature-uri.png]
[www.iot-lab.info/wp-content/uploads/2018/03/temperature-resource.png]
[www.iot-lab.info/wp-content/uploads/2018/03/leshan-temperature.png]
[www.iot-lab.info/wp-content/uploads/2018/03/leshan-leds.png]
[www.iot-lab.info/tutorials/contiki-lwm2m-m3/index.html]
[www.iot-lab.info/wp-content/uploads/2018/03/leshan-serial.png]
[www.iot-lab.info/tutorials/riot-compilation/index.html]
[www.iot-lab.info/maintenance-operation-of-february-5th/index.html]
[www.iot-lab.info/tutorials-for-riot-os-on-m3-nodes/index.html]
[www.iot-lab.info/tutorials/riot-networking-m3/index.html]
[www.iot-lab.info/opening-of-the-paris-rocquencourt-site/index.html]
[www.iot-lab.info/tutorials/riot-rpl-m3/index.html]
[www.iot-lab.info/tutorials/riot-public-ipv6-m3/index.html]
[www.iot-lab.info/tutorials/riot-public-ipv6-a8-m3/index.html]
[www.iot-lab.info/tutorials/tutorials/riot-coap-m3.html]
[www.iot-lab.info/workshop-internet-of-things-equipex-fit-iot-lab/index.html]
[www.iot-lab.info/tutorials/riot-coap-m3/index.html]
[www.iot-lab.info/fit-iot-lab-project-review-by-the-french-national-research-agency/index.html]
[www.iot-lab.info/new-m3-testbed-in-lille/index.html]
[www.iot-lab.info/workshop-internet-of-things-talks/index.html]
[www.iot-lab.info/tutorials/riot-coap-a8-m3/index.html]
[www.iot-lab.info/tutorials/riot-mqtt-sn-a8-m3/index.html]
[www.iot-lab.info/tutorials/openwsn-compilation/index.html]
[www.iot-lab.info/iot-lab-at-the-ietf-6tisch-plugfest/index.html]
[www.iot-lab.info/ubimob-2014-tutorial/index.html]
[www.iot-lab.info/strasbourg-robots-deployment-work-in-progress/index.html]
[www.iot-lab.info/strasbourg-m3-nodes-ready/index.html]
[www.iot-lab.info/tutorials/openwsn-bsp/index.html]
[www.iot-lab.info/wp-content/uploads/2016/01/ipv6-a8.jpg]
[www.iot-lab.info/tutorials/openwsn-6tsch/index.html]
[www.iot-lab.info/tutorials/zephyr-compilation/index.html]
[www.iot-lab.info/tutorials/contiki-ng-compilation/index.html]
[www.iot-lab.info/m3-nodes-available/index.html]
[www.iot-lab.info/tutorials/install-cli-tools/index.html]
[www.iot-lab.info/m3-nodes-in-grenoble/index.html]
[www.iot-lab.info/tutorials/iotlab-experimenttools-client/index.html]
[www.iot-lab.info/legacy-wsn430-nodes-available/index.html]
[www.iot-lab.info/tutorials/iotlab-nodetools-client/index.html]
[www.iot-lab.info/www-iot-lab-info-is-alive/index.html]
[www.iot-lab.info/tutorials/iotlab-profiletools-client/index.html]
[www.iot-lab.info/strasbourg-testbed-deployment/index.html]
[www.iot-lab.info/tutorials/iotlab-robottools-client/index.html]
[www.iot-lab.info/test-hardware-nodes-at-grenoble-site/index.html]
[www.iot-lab.info/building-session-in-lillle/index.html]
[www.iot-lab.info/plateform-deployment/index.html]
[www.iot-lab.info/tutorials/iotlab-runscript-client/index.html]
[www.iot-lab.info/tutorials/ssh-clitools-client/index.html]
[www.iot-lab.info/tutorials/tutorials/serial-aggregator.html]
[www.iot-lab.info/tutorials/build-tunslip6/index.html]
[www.iot-lab.info/tutorials/serial-aggregator/index.html]
[www.iot-lab.info/tutorials/debugger-on-m3-nodes/index.html]
[www.iot-lab.info/wp-content/uploads/2013/10/medaille-investissements-avenir.jpg]
[www.iot-lab.info/wp-content/themes/alienship-1.2.2-child/templates/parts/FIT-IoT-Lab-Logo2.png]
[www.iot-lab.info/wp-content/uploads/2014/02/cutting.png]
[www.iot-lab.info/wp-content/uploads/2014/09/FIT-IoT-LAB-NOV-2014_IOS.pdf]
[www.iot-lab.info/wp-content/uploads/2014/11/Workshop-IoT_INRIA_Nov-2014_Schneider-Electric.pdf]
[www.iot-lab.info/wp-content/uploads/2014/11/Maraninchi_6nov14_IoTLab.pdf]
[www.iot-lab.info/wp-content/uploads/2014/09/IoT-LAB-RIOTv3.pdf]
[www.iot-lab.info/wp-content/uploads/2014/11/FIT-IoTLab2014_FRousseau.pdf]
[www.iot-lab.info/wp-content/uploads/2014/11/Pres-D-Barthel-IoT-Lab-Nov-6th-2014-v1.1-1.pdf]
[www.iot-lab.info/wp-content/uploads/2014/09/20141106-IoT-Lab_Hikob.pdf]
[www.iot-lab.info/wp-content/uploads/2014/11/FIT_IoTLab_Gonizzi_final.pdf]
[www.iot-lab.info/wp-content/uploads/2014/11/141106_openwsn_iotlab_public.pdf]
[www.iot-lab.info/wp-content/uploads/2014/09/CEA-LIST-LSC_OTA_Firmware_Update.pdf]
[www.iot-lab.info/wp-content/uploads/2014/09/LAAS_OM2M-IOT-LAB.pdf]
[www.iot-lab.info/wp-content/uploads/2014/09/vucinic-oscar.pdf]
[www.iot-lab.info/wp-content/uploads/2014/09/FDESPAUX_Grenoble.pdf]
[www.iot-lab.info/wp-content/uploads/2014/09/KevinRoussel-PresGrenobleNov2014.pdf]
[www.iot-lab.info/wp-content/uploads/2014/06/IMG_20140522_165254.jpg]
[www.iot-lab.info/wp-content/uploads/2014/09/se_logo.gif]
[www.iot-lab.info/wp-content/uploads/2013/10/logo_INRIA_en.png]
[www.iot-lab.info/wp-content/uploads/2014/09/upmc-logotype.png]
[www.iot-lab.info/wp-content/uploads/2013/10/logo_imt.png]
[www.iot-lab.info/wp-content/uploads/2014/09/logo-UnivStrasbourg.png]
[www.iot-lab.info/wp-content/uploads/2013/10/logo_cnrs_new.jpg]
[www.iot-lab.info/workshop-iot-nov2014/index.html]
[www.iot-lab.info/workshop-tutorial-2014/index.html]
[www.iot-lab.info/wp-content/uploads/2014/05/timer_5.jpg]
[www.iot-lab.info/wp-content/uploads/2014/05/platform-overview.jpg]
[www.iot-lab.info/wp-content/uploads/2014/05/timer_15.jpg]
[www.iot-lab.info/wp-content/uploads/2014/05/timer_10.jpg]
[www.iot-lab.info/wp-content/uploads/2014/05/timer_45.jpg]
[www.iot-lab.info/ubimob-2014/index.html]
[www.iot-lab.info/wp-content/uploads/2014/05/timer_30.jpg]
[www.iot-lab.info/tools/index.html]
[www.iot-lab.info/dev-center/tutorials/index.html]
[www.iot-lab.info/wp-content/themes/alienship-1.2.5-child/fonts/opensans_bold_macroman/OpenSans-Bold-webfont.svg]
[www.iot-lab.info/wp-content/themes/alienship-1.2.5-child/fonts/ubuntu/ubuntu-r-webfont.svg]
[www.iot-lab.info/wp-content/themes/alienship-1.2.5-child/fonts/ubuntu/ubuntu-b-webfont.svg]
[www.iot-lab.info/testbed/img/OpenSans-Bold-webfont.1c4d39ef.svg]
[www.iot-lab.info/testbed/fonts/fontawesome-webfont.af7ae505.html]
[www.iot-lab.info/testbed/img/fontawesome-webfont.912ec66d.svg]
[www.iot-lab.info/tutorials/use-zolertia-firefly-nodes.html]
[www.iot-lab.info/tutorials/use-arduino-zero-nodes.html]
[www.iot-lab.info/wp-content/uploads/2015/06/tuto_wsn430-300x300.png]
[www.iot-lab.info/reducing-wsn430-nodes-support/index.html]
[www.iot-lab.info/wp-content/uploads/2017/11/xbanner-twitter.jpg.pagespeed.ic_.zKyq6E64qM-300x150.jpg]
[www.iot-lab.info/fundamentals-and-applications-of-the-internet-of-things-workshop-santiago-chile/index.html]
[www.iot-lab.info/2017-new-riot-tutorials/index.html]
[www.iot-lab.info/wp-content/uploads/2017/07/jdevlogo2017-300x300.png]
[www.iot-lab.info/wp-content/uploads/2017/07/aff-jdev-2017_v04.png]
[www.iot-lab.info/jdev-2017/index.html]
[www.iot-lab.info/new-features-released-on-may-15/index.html]
[www.iot-lab.info/new-features-released-on-april-25/index.html]
[www.iot-lab.info/contiki-3-x-support/index.html]
[www.iot-lab.info/lille-site-is-ipv6-ready/index.html]
[www.iot-lab.info/new-tutorials-for-riot-on-a8-m3-nodes/index.html]
[www.iot-lab.info/opening-of-lyon-site/index.html]
[www.iot-lab.info/wp-content/uploads/2016/05/IMG_10561.jpg]
[www.iot-lab.info/news/page/3/index.html]
[www.iot-lab.info/wp-content/uploads/2014/11/IMG_20160413_113301.jpg]
[www.iot-lab.info/news/page/4/index.html]
[www.iot-lab.info/opening-of-the-paris-saclay-site/index.html]
[www.iot-lab.info/deployment/rocquencourt/index.html]
[www.iot-lab.info/wp-content/uploads/2014/04/full-plot-150x150.jpg]
[www.iot-lab.info/new-plot-tools/index.html]
[www.iot-lab.info/wp-content/uploads/2014/04/radio-plot-150x150.jpg]
[www.iot-lab.info/wp-content/uploads/2016/04/robot_trajectory.png]
[www.iot-lab.info/maintenance-operation-of-april-4th/index.html]
[www.iot-lab.info/ipv6-ready/index.html]
[www.iot-lab.info/wp-content/uploads/2015/09/inauguration_lille-300x102.png]
[www.iot-lab.info/workshop-internet-of-things-equipex-fit-iot-lab-2/index.html]
[www.iot-lab.info/wp-content/uploads/2015/07/CIRCNOXWsAAmMcJ.jpg-large-300x225.jpg]
[www.iot-lab.info/rescom2015/index.html]
[www.iot-lab.info/workshop-iot-oct2015/index.html]
[www.iot-lab.info/tutorial-rescom/index.html]
[www.iot-lab.info/maintenance-operation-of-may-26th/index.html]
[www.iot-lab.info/tutorials-for-riot-os-on-m3-nodes/index.html]
[www.iot-lab.info/maintenance-operation-of-february-5th/index.html]
[www.iot-lab.info/wp-content/uploads/2014/11/IMG_20160413_113301-225x300.jpg]
[www.iot-lab.info/wp-content/uploads/2013/10/Inria-0204-065.jpg]
[www.iot-lab.info/opening-of-the-paris-rocquencourt-site/index.html]
[www.iot-lab.info/wp-content/uploads/2013/10/Inria-0204-065-300x200.jpg]
[www.iot-lab.info/wp-content/uploads/2014/11/tutorial-288x300.png]
[www.iot-lab.info/workshop-internet-of-things-talks/index.html]
[www.iot-lab.info/wp-content/uploads/2014/10/news-iotlab-300x254.png]
[www.iot-lab.info/fit-iot-lab-project-review-by-the-french-national-research-agency/index.html]
[www.iot-lab.info/wp-content/uploads/2014/09/lille_7312-e1411735064527-300x257.png]
[www.iot-lab.info/wp-content/uploads/2014/09/lille_map.png]
[www.iot-lab.info/new-m3-testbed-in-lille/index.html]
[www.iot-lab.info/wp-content/uploads/2014/09/lille_map-300x234.png]
[www.iot-lab.info/wp-content/uploads/2014/09/Workshop.png]
[www.iot-lab.info/workshop-internet-of-things-equipex-fit-iot-lab/index.html]
[www.iot-lab.info/wp-content/uploads/2014/07/ietf_news.png]
[www.iot-lab.info/iot-lab-at-the-ietf-6tisch-plugfest/index.html]
[www.iot-lab.info/wp-content/uploads/2014/06/ubimob2014-300x272.png]
[www.iot-lab.info/ubimob-2014-tutorial/index.html]
[www.iot-lab.info/wp-content/uploads/2014/06/IMG_20140522_1650581.jpg]
[www.iot-lab.info/wp-content/uploads/2014/06/IMG_4416.jpg]
[www.iot-lab.info/wp-content/uploads/2014/06/IMG_4416-225x300.jpg]
[www.iot-lab.info/wp-content/uploads/2014/06/IMG_20140522_165058.jpg]
[www.iot-lab.info/wp-content/uploads/2014/06/IMG_20140522_165058-300x222.jpg]
[www.iot-lab.info/wp-content/uploads/2014/06/IMG_20140522_165254-300x222.jpg]
[www.iot-lab.info/strasbourg-robots-deployment-work-in-progress/index.html]
[www.iot-lab.info/wp-content/uploads/2014/06/m3-grid-strasbourg-300x279.png]
[www.iot-lab.info/strasbourg-m3-nodes-ready/index.html]
[www.iot-lab.info/wp-content/uploads/2014/06/m3-grid-strasbourg.png]
[www.iot-lab.info/wp-content/uploads/2014/05/m3-300x275.png]
[www.iot-lab.info/m3-nodes-available/index.html]
[www.iot-lab.info/wp-content/uploads/2014/05/coming_soon.png]
[www.iot-lab.info/m3-nodes-in-grenoble/index.html]
[www.iot-lab.info/wp-content/uploads/2014/05/wsn430-300x275.png]
[www.iot-lab.info/legacy-wsn430-nodes-available/index.html]
[www.iot-lab.info/wp-content/uploads/2014/05/fit-iot-lab-300x275.png]
[www.iot-lab.info/www-iot-lab-info-is-alive/index.html]
[www.iot-lab.info/wp-content/uploads/2014/02/feature-stras.jpg]
[www.iot-lab.info/wp-content/uploads/2014/02/IMG_4075.jpg]
[www.iot-lab.info/wp-content/uploads/2014/02/IMG_4075-300x225.jpg]
[www.iot-lab.info/strasbourg-testbed-deployment/index.html]
[www.iot-lab.info/wp-content/uploads/2014/02/feat-gre1.jpg]
[www.iot-lab.info/wp-content/uploads/2014/02/2013-12-02-17.19.33.jpg]
[www.iot-lab.info/test-hardware-nodes-at-grenoble-site/index.html]
[www.iot-lab.info/wp-content/uploads/2014/02/IMG_20131217_163446.jpg]
[www.iot-lab.info/wp-content/uploads/2014/01/feature-lil.jpg]
[www.iot-lab.info/wp-content/uploads/2014/02/BefnanlIAAAzm3i.jpg-large.jpg]
[www.iot-lab.info/wp-content/uploads/2014/02/BefnanlIAAAzm3i.jpg-large-225x300.jpg]
[www.iot-lab.info/wp-content/uploads/2014/02/BefmDthIQAAKIlJ.jpg-large.jpg]
[www.iot-lab.info/building-session-in-lillle/index.html]
[www.iot-lab.info/wp-content/uploads/2014/02/BefmDthIQAAKIlJ.jpg-large-300x225.jpg]
[www.iot-lab.info/wp-content/uploads/2014/01/feature-gre21.jpg]
[www.iot-lab.info/wp-content/uploads/2014/01/DSCF2295.jpg]
[www.iot-lab.info/wp-content/uploads/2014/01/FIT_01.jpg]
[www.iot-lab.info/wp-content/uploads/2014/01/FIT_07.jpg]
[www.iot-lab.info/plateform-deployment/index.html]
[www.iot-lab.info/wp-content/uploads/2016/05/iotlab-lyon-1230a.html]
[www.iot-lab.info/wp-content/uploads/2016/05/iotlab-lyon-1.html]
[www.iot-lab.info/wp-content/uploads/2016/05/iotlab-lyon-2e6f8.html]
[www.iot-lab.info/wp-content/uploads/2016/05/iotlab-lyon-2.html]
[www.iot-lab.info/wp-includes/js/mediaelement/bigplay.png]
[www.iot-lab.info/wp-includes/js/mediaelement/background.png]
[www.iot-lab.info/wp-includes/js/mediaelement/loading.gif]
[www.iot-lab.info/wp-includes/js/mediaelement/controls.png]
[www.iot-lab.info/wp-includes/js/mediaelement/mediaelementplayer.min4165.css]
[www.iot-lab.info/wp-includes/js/mediaelement/skipback.png]
[www.iot-lab.info/wp-includes/js/mediaelement/wp-mediaelement2f54.css]
[www.iot-lab.info/testbed-beta.html]
[www.iot-lab.info/tutorials/basic-m3-nodes-contiki-uip-stack-with-public-ipv6-on-ssh-front-end/index.html]
[www.iot-lab.info/tutorials/a8-public-ipv6/index.html]
[www.iot-lab.info/wp-content/uploads/2014/02/tutorial_cc1101.html]
[www.iot-lab.info/tutorials/configure-your-ssh-access/index.html]
[www.iot-lab.info/wp-content/uploads/2014/08/simple_robot.html]
[www.iot-lab.info/wp-content/uploads/2014/04/submit-experiment-monitoring-conso1.html]
[www.iot-lab.info/tutorials/build-tunslip6/index.html]
[www.iot-lab.info/tutorials/iotlab-experiment-client/index.html]
[www.iot-lab.info/tutorials/iotlab-profile-client/index.html]
[www.iot-lab.info/workshop-iot-nov2014/www.eglobalmark.html]
[www.iot-lab.info/workshop-tutorial-2014/index.html]
[www.iot-lab.info/tutorials/configure-your-ssh-access.html]
[www.iot-lab.info/tutorials/submit-an-experiment-with-web-portal-and-m3-nodes/index.html]
[www.iot-lab.info/tutorials/monitor-consumption-m3-node/index.html]
[www.iot-lab.info/tutorials/contiki-ipv6-stack-and-tools/index.html]
[www.iot-lab.info/tutorials/contiki-ipv6-stack-and-tools-on-ssh-frontend/index.html]
[www.iot-lab.info/tutorials/get-compile-a-m3-firmware-code/index.html]
[www.iot-lab.info/tutorials/riot-public-ipv66lowpan-network-with-m3-nodes/index.html]
[www.iot-lab.info/tutorials/coap-using-riot-with-m3-nodes/index.html]
[www.iot-lab.info/tutorials/mqtt-sn-using-riot-with-a8-m3-nodes/index.html]
[www.iot-lab.info/tutorials/ssh-cli-client/index.html]
[www.iot-lab.info/tutorials/run-script/index.html]
[www.iot-lab.info/tutorials/contiki-coap-rpl-tsch/index.html]
[www.iot-lab.info/tutorials/riot-public-ipv66lowpan-network-with-a8-m3-nodes/index.html]
[www.iot-lab.info/tutorials/coap-riot-with-a8-m3-nodes/index.html]
[www.iot-lab.info/news/page/4/index.html]
[www.iot-lab.info/wp-content/uploads/2014/11/FIT-final3.png]
[www.iot-lab.info/wp-content/uploads/2014/11/FIT-final3-300x168.png]
[www.iot-lab.info/news/page/5/index.html]
[www.iot-lab.info/wp-content/uploads/2013/10/pla-general2.png]
[www.iot-lab.info/wp-content/uploads/2013/10/pla-general2-1024x477.png]
[www.iot-lab.info/wp-content/uploads/2013/10/z3-new-gw-a8.png]
[www.iot-lab.info/wp-content/uploads/2013/10/z3-new-gw-a8-300x99.png]
[www.iot-lab.info/wp-content/uploads/2013/10/z2-new-gw-a8.png]
[www.iot-lab.info/wp-content/uploads/2013/10/z2-new-gw-a8-300x99.png]
[www.iot-lab.info/wp-content/uploads/2013/10/z1-new-gw-m3.png]
[www.iot-lab.info/wp-content/uploads/2013/10/z1-new-gw-m3-300x99.png]
[www.iot-lab.info/wp-content/uploads/2013/10/z1-new-gw-wsn430.png]
[www.iot-lab.info/wp-content/uploads/2013/10/z1-new-gw-wsn430-300x99.png]
[www.iot-lab.info/wp-content/uploads/2013/10/20140110_150708-300x273.jpg]
[www.iot-lab.info/wp-content/uploads/2014/11/20140110_150457-300x198.jpg]
[www.iot-lab.info/wp-content/uploads/2013/10/20140110_150633.jpg]
[www.iot-lab.info/deployment/rocquencourt/index.html]
[www.iot-lab.info/wp-content/uploads/2013/10/20140110_150633-161x300.jpg]
[www.iot-lab.info/tutorials/monitor-consumption-m3-node.html]
[www.iot-lab.info/tutorials/radio-monitoring-for-m3-nodes/index.html]
[www.iot-lab.info/tutorials/iotlab-robot-client/index.html]
[www.iot-lab.info/wp-content/uploads/2015/09/inauguration_lille.png]
[www.iot-lab.info/wp-content/uploads/2015/09/20151014-IoT-LAB_workshop-Onelab_and_FIT_Equipex.pdf]
[www.iot-lab.info/wp-content/uploads/2015/10/20151014-IoT-LAB_workshop-FIT_IoT-LAB.pdf.pdf]
[www.iot-lab.info/wp-content/uploads/2015/09/20151014-IoT-LAB_workshop-SensorLab2.pdf]
[www.iot-lab.info/wp-content/uploads/2015/09/20151014-IoT-LAB_workshop-Papadopoulos.pdf]
[www.iot-lab.info/wp-content/uploads/2015/09/20151014-IoT-LAB_workshop-openwsn.pdf]
[www.iot-lab.info/wp-content/uploads/2015/09/20151014-IoT-LAB_workshop-RIOT.pdf]
[www.iot-lab.info/wp-content/uploads/2015/09/20151014-IoT-LAB_workshop-Riotlab.pdf]
[www.iot-lab.info/tutorial-workshop-lille/index.html]
[www.iot-lab.info/workshop-iot-oct2015/index.html]
[www.iot-lab.info/wp-content/uploads/2014/05/platform-overview-150x150.jpg]
[www.iot-lab.info/tutorial-rescom/index.html]
[www.iot-lab.info/tutorials/get-and-compile-riot-os-example-for-m3/index.html]
[www.iot-lab.info/tutorials/riot-os-example-for-m3/index.html]
[www.iot-lab.info/tutorials/rpl-riot/index.html]
[www.iot-lab.info/tutorials/radio-sniffer/index.html]
[www.iot-lab.info/tutorials/submit-an-experiment-with-a8-nodes-using-the-web-portal/index.html]
[www.iot-lab.info/tutorials/nodes-serial-link-aggregation/index.html]
[www.iot-lab.info/wp-includes/js/mediaelement/bigplay.svg]
[www.iot-lab.info/wp-includes/js/mediaelement/controls.svg]
[www.iot-lab.info/news/page/5/index.html]
[www.iot-lab.info/tutorial-workshop-lille/index.html]
