Archive member included because of file (symbol)

/usr/lib/gcc/arm-none-eabi/4.8.2/armv7-m/libgcc.a(_aeabi_uldivmod.o)
                              obj_zoul/cc2538-rf.o (__aeabi_uldivmod)
/usr/lib/gcc/arm-none-eabi/4.8.2/armv7-m/libgcc.a(bpabi.o)
                              /usr/lib/gcc/arm-none-eabi/4.8.2/armv7-m/libgcc.a(_aeabi_uldivmod.o) (__gnu_uldivmod_helper)
/usr/lib/gcc/arm-none-eabi/4.8.2/armv7-m/libgcc.a(_dvmd_tls.o)
                              /usr/lib/gcc/arm-none-eabi/4.8.2/armv7-m/libgcc.a(_aeabi_uldivmod.o) (__aeabi_ldiv0)
/usr/lib/gcc/arm-none-eabi/4.8.2/armv7-m/libgcc.a(_divdi3.o)
                              /usr/lib/gcc/arm-none-eabi/4.8.2/armv7-m/libgcc.a(bpabi.o) (__divdi3)
/usr/lib/gcc/arm-none-eabi/4.8.2/armv7-m/libgcc.a(_udivdi3.o)
                              /usr/lib/gcc/arm-none-eabi/4.8.2/armv7-m/libgcc.a(bpabi.o) (__udivdi3)
/usr/lib/gcc/arm-none-eabi/4.8.2/../../../arm-none-eabi/lib/armv7-m/libc.a(lib_a-atoi.o)
                              obj_zoul/res-hello.o (atoi)
/usr/lib/gcc/arm-none-eabi/4.8.2/../../../arm-none-eabi/lib/armv7-m/libc.a(lib_a-ctype_.o)
                              obj_zoul/resolv.o (__ctype_ptr__)
/usr/lib/gcc/arm-none-eabi/4.8.2/../../../arm-none-eabi/lib/armv7-m/libc.a(lib_a-memchr-stub.o)
                              obj_zoul/er-coap.o (memchr)
/usr/lib/gcc/arm-none-eabi/4.8.2/../../../arm-none-eabi/lib/armv7-m/libc.a(lib_a-memcmp.o)
                              obj_zoul/er-coap-observe.o (memcmp)
/usr/lib/gcc/arm-none-eabi/4.8.2/../../../arm-none-eabi/lib/armv7-m/libc.a(lib_a-memcpy.o)
                              obj_zoul/er-coap.o (memcpy)
/usr/lib/gcc/arm-none-eabi/4.8.2/../../../arm-none-eabi/lib/armv7-m/libc.a(lib_a-memmove.o)
                              obj_zoul/er-coap.o (memmove)
/usr/lib/gcc/arm-none-eabi/4.8.2/../../../arm-none-eabi/lib/armv7-m/libc.a(lib_a-memset.o)
                              obj_zoul/er-coap.o (memset)
/usr/lib/gcc/arm-none-eabi/4.8.2/../../../arm-none-eabi/lib/armv7-m/libc.a(lib_a-reent.o)
                              obj_zoul/syscalls.o (errno)
/usr/lib/gcc/arm-none-eabi/4.8.2/../../../arm-none-eabi/lib/armv7-m/libc.a(lib_a-strcasecmp.o)
                              obj_zoul/resolv.o (strcasecmp)
/usr/lib/gcc/arm-none-eabi/4.8.2/../../../arm-none-eabi/lib/armv7-m/libc.a(lib_a-strcat.o)
                              obj_zoul/resolv.o (strcat)
/usr/lib/gcc/arm-none-eabi/4.8.2/../../../arm-none-eabi/lib/armv7-m/libc.a(lib_a-strchr.o)
                              obj_zoul/er-coap.o (strchr)
/usr/lib/gcc/arm-none-eabi/4.8.2/../../../arm-none-eabi/lib/armv7-m/libc.a(lib_a-strcmp.o)
                              obj_zoul/cfs-coffee.o (strcmp)
/usr/lib/gcc/arm-none-eabi/4.8.2/../../../arm-none-eabi/lib/armv7-m/libc.a(lib_a-strcpy.o)
                              obj_zoul/res-plugtest-path.o (strcpy)
/usr/lib/gcc/arm-none-eabi/4.8.2/../../../arm-none-eabi/lib/armv7-m/libc.a(lib_a-strlen.o)
                              obj_zoul/er-coap.o (strlen)
/usr/lib/gcc/arm-none-eabi/4.8.2/../../../arm-none-eabi/lib/armv7-m/libc.a(lib_a-strncasecmp.o)
                              obj_zoul/resolv.o (strncasecmp)
/usr/lib/gcc/arm-none-eabi/4.8.2/../../../arm-none-eabi/lib/armv7-m/libc.a(lib_a-strncat.o)
                              obj_zoul/resolv.o (strncat)
/usr/lib/gcc/arm-none-eabi/4.8.2/../../../arm-none-eabi/lib/armv7-m/libc.a(lib_a-strncmp.o)
                              obj_zoul/er-coap.o (strncmp)
/usr/lib/gcc/arm-none-eabi/4.8.2/../../../arm-none-eabi/lib/armv7-m/libc.a(lib_a-strncpy.o)
                              obj_zoul/er-coap-observe.o (strncpy)
/usr/lib/gcc/arm-none-eabi/4.8.2/../../../arm-none-eabi/lib/armv7-m/libc.a(lib_a-strtol.o)
                              /usr/lib/gcc/arm-none-eabi/4.8.2/../../../arm-none-eabi/lib/armv7-m/libc.a(lib_a-atoi.o) (_strtol_r)
/usr/lib/gcc/arm-none-eabi/4.8.2/../../../arm-none-eabi/lib/armv7-m/libc.a(lib_a-freer.o)
                              /usr/lib/gcc/arm-none-eabi/4.8.2/../../../arm-none-eabi/lib/armv7-m/libc.a(lib_a-reent.o) (_free_r)
/usr/lib/gcc/arm-none-eabi/4.8.2/../../../arm-none-eabi/lib/armv7-m/libc.a(lib_a-impure.o)
                              /usr/lib/gcc/arm-none-eabi/4.8.2/../../../arm-none-eabi/lib/armv7-m/libc.a(lib_a-reent.o) (_impure_ptr)
/usr/lib/gcc/arm-none-eabi/4.8.2/../../../arm-none-eabi/lib/armv7-m/libc.a(lib_a-mallocr.o)
                              /usr/lib/gcc/arm-none-eabi/4.8.2/../../../arm-none-eabi/lib/armv7-m/libc.a(lib_a-freer.o) (__malloc_current_mallinfo)
/usr/lib/gcc/arm-none-eabi/4.8.2/../../../arm-none-eabi/lib/armv7-m/libc.a(lib_a-mlock.o)
                              /usr/lib/gcc/arm-none-eabi/4.8.2/../../../arm-none-eabi/lib/armv7-m/libc.a(lib_a-freer.o) (__malloc_lock)
/usr/lib/gcc/arm-none-eabi/4.8.2/../../../arm-none-eabi/lib/armv7-m/libc.a(lib_a-sbrkr.o)
                              /usr/lib/gcc/arm-none-eabi/4.8.2/../../../arm-none-eabi/lib/armv7-m/libc.a(lib_a-freer.o) (_sbrk_r)

Allocating common symbols
[...]
Memory Configuration

Name             Origin             Length             Attributes
FLASH_FW         0x0000000000202000 0x000000000007dfd4 xr
FLASH_CCA        0x000000000027ffd4 0x000000000000002c xr
NRSRAM           0x0000000020000000 0x0000000000004000 xrw
FRSRAM           0x0000000020004000 0x0000000000004000 xrw
*default*        0x0000000000000000 0xffffffffffffffff

Linker script and memory map

LOAD obj_zoul/startup-gcc.o
LOAD obj_zoul/er-coap.o
LOAD obj_zoul/er-coap-engine.o
LOAD obj_zoul/er-coap-transactions.o
LOAD obj_zoul/er-coap-observe.o
LOAD obj_zoul/er-coap-separate.o
LOAD obj_zoul/er-coap-res-well-known-core.o
LOAD obj_zoul/er-coap-block1.o
LOAD obj_zoul/er-coap-observe-client.o
LOAD obj_zoul/rest-engine.o
LOAD obj_zoul/contiki-main.o
LOAD obj_zoul/leds.o
LOAD obj_zoul/cc1200-zoul-arch.o
LOAD obj_zoul/adc-zoul.o
LOAD obj_zoul/button-sensor.o
LOAD obj_zoul/zoul-sensors.o
LOAD obj_zoul/board.o
LOAD obj_zoul/antenna-sw.o
LOAD obj_zoul/rtcc.o
LOAD obj_zoul/leds-res-arch.o
LOAD obj_zoul/power-mgmt.o
LOAD obj_zoul/soc.o
LOAD obj_zoul/clock.o
LOAD obj_zoul/rtimer-arch.o
LOAD obj_zoul/uart.o
LOAD obj_zoul/watchdog.o
LOAD obj_zoul/nvic.o
LOAD obj_zoul/cpu.o
LOAD obj_zoul/sys-ctrl.o
LOAD obj_zoul/gpio.o
LOAD obj_zoul/ioc.o
LOAD obj_zoul/spi.o
LOAD obj_zoul/adc.o
LOAD obj_zoul/crypto.o
LOAD obj_zoul/aes.o
LOAD obj_zoul/ecb.o
LOAD obj_zoul/cbc.o
LOAD obj_zoul/ctr.o
LOAD obj_zoul/cbc-mac.o
LOAD obj_zoul/gcm.o
LOAD obj_zoul/ccm.o
LOAD obj_zoul/sha256.o
LOAD obj_zoul/cc2538-aes-128.o
LOAD obj_zoul/cc2538-ccm-star.o
LOAD obj_zoul/cc2538-rf.o
LOAD obj_zoul/udma.o
LOAD obj_zoul/lpm.o
LOAD obj_zoul/pka.o
LOAD obj_zoul/bignum-driver.o
LOAD obj_zoul/ecc-driver.o
LOAD obj_zoul/ecc-algorithm.o
LOAD obj_zoul/ecc-curve.o
LOAD obj_zoul/dbg.o
LOAD obj_zoul/ieee-addr.o
LOAD obj_zoul/slip-arch.o
LOAD obj_zoul/slip.o
LOAD obj_zoul/i2c.o
LOAD obj_zoul/cc2538-temp-sensor.o
LOAD obj_zoul/vdd3-sensor.o
LOAD obj_zoul/cfs-coffee.o
LOAD obj_zoul/cfs-coffee-arch.o
LOAD obj_zoul/pwm.o
LOAD obj_zoul/dbg-printf.o
LOAD obj_zoul/dbg-snprintf.o
LOAD obj_zoul/dbg-sprintf.o
LOAD obj_zoul/strformat.o
LOAD obj_zoul/usb-core.o
LOAD obj_zoul/cdc-acm.o
LOAD obj_zoul/usb-arch.o
LOAD obj_zoul/usb-serial.o
LOAD obj_zoul/cdc-acm-descriptors.o
LOAD obj_zoul/arg.o
LOAD obj_zoul/autostart.o
LOAD obj_zoul/compower.o
LOAD obj_zoul/ctimer.o
LOAD obj_zoul/energest.o
LOAD obj_zoul/etimer.o
LOAD obj_zoul/mt.o
LOAD obj_zoul/process.o
LOAD obj_zoul/procinit.o
LOAD obj_zoul/rtimer.o
LOAD obj_zoul/stimer.o
LOAD obj_zoul/timer.o
LOAD obj_zoul/nullradio.o
LOAD obj_zoul/serial-line.o
LOAD obj_zoul/aes-128.o
LOAD obj_zoul/assert.o
LOAD obj_zoul/ccm-star.o
LOAD obj_zoul/crc16.o
LOAD obj_zoul/gcr.o
LOAD obj_zoul/ifft.o
LOAD obj_zoul/list.o
LOAD obj_zoul/me.o
LOAD obj_zoul/memb.o
LOAD obj_zoul/me_tabs.o
LOAD obj_zoul/mmem.o
LOAD obj_zoul/petsciiconv.o
LOAD obj_zoul/print-stats.o
LOAD obj_zoul/random.o
LOAD obj_zoul/ringbuf.o
LOAD obj_zoul/ringbufindex.o
LOAD obj_zoul/sensors.o
LOAD obj_zoul/settings.o
LOAD obj_zoul/trickle-timer.o
LOAD obj_zoul/sicslowpan.o
LOAD obj_zoul/uip6.o
LOAD obj_zoul/uip-ds6.o
LOAD obj_zoul/uip-ds6-nbr.o
LOAD obj_zoul/uip-ds6-route.o
LOAD obj_zoul/uip-icmp6.o
LOAD obj_zoul/uip-nd6.o
LOAD obj_zoul/dhcpc.o
LOAD obj_zoul/ip64-addr.o
LOAD obj_zoul/psock.o
LOAD obj_zoul/resolv.o
LOAD obj_zoul/simple-udp.o
LOAD obj_zoul/slipdev.o
LOAD obj_zoul/tcpip.o
LOAD obj_zoul/tcp-socket.o
LOAD obj_zoul/udp-socket.o
LOAD obj_zoul/uip-debug.o
LOAD obj_zoul/uiplib.o
LOAD obj_zoul/uip-nameserver.o
LOAD obj_zoul/uip-packetqueue.o
LOAD obj_zoul/uip-split.o
LOAD obj_zoul/uip-udp-packet.o
LOAD obj_zoul/rpl.o
LOAD obj_zoul/rpl-dag.o
LOAD obj_zoul/rpl-dag-root.o
LOAD obj_zoul/rpl-ext-header.o
LOAD obj_zoul/rpl-icmp6.o
LOAD obj_zoul/rpl-mrhof.o
LOAD obj_zoul/rpl-nbr-policy.o
LOAD obj_zoul/rpl-ns.o
LOAD obj_zoul/rpl-of0.o
LOAD obj_zoul/rpl-timers.o
LOAD obj_zoul/syscalls.o
LOAD obj_zoul/linkaddr.o
LOAD obj_zoul/link-stats.o
LOAD obj_zoul/nbr-table.o
LOAD obj_zoul/net-debug.o
LOAD obj_zoul/netstack.o
LOAD obj_zoul/packetbuf.o
LOAD obj_zoul/queuebuf.o
LOAD obj_zoul/csma.o
LOAD obj_zoul/frame802154.o
LOAD obj_zoul/frame802154e-ie.o
LOAD obj_zoul/framer-802154.o
LOAD obj_zoul/framer-nullmac.o
LOAD obj_zoul/mac.o
LOAD obj_zoul/mac-sequence.o
LOAD obj_zoul/nordc.o
LOAD obj_zoul/nullmac.o
LOAD obj_zoul/nullrdc.o
LOAD obj_zoul/nullrdc-noframer.o
LOAD obj_zoul/phase.o
LOAD obj_zoul/contikimac.o
LOAD obj_zoul/contikimac-framer.o
LOAD obj_zoul/anti-replay.o
LOAD obj_zoul/ccm-star-packetbuf.o
LOAD obj_zoul/nullsec.o
LOAD obj_zoul/noncoresec.o
LOAD obj_zoul/cc1200-802154g-863-870-fsk-50kbps.o
LOAD obj_zoul/cc1200-868-fsk-1-2kbps.o
LOAD obj_zoul/cc1200.o
LOAD er-example-server.co
LOAD obj_zoul/res-mirror.o
LOAD obj_zoul/res-plugtest-large-update.o
LOAD obj_zoul/res-plugtest-large.o
LOAD obj_zoul/res-plugtest-query.o
LOAD obj_zoul/res-plugtest-multi.o
LOAD obj_zoul/res-temperature.o
LOAD obj_zoul/res-battery.o
LOAD obj_zoul/res-hello.o
LOAD obj_zoul/res-event.o
LOAD obj_zoul/res-b1-sep-b2.o
LOAD obj_zoul/res-chunks.o
LOAD obj_zoul/res-plugtest-create2.o
LOAD obj_zoul/res-plugtest-longpath.o
LOAD obj_zoul/res-plugtest-path.o
LOAD obj_zoul/res-plugtest-separate.o
LOAD obj_zoul/res-sub.o
LOAD obj_zoul/res-plugtest-large-create.o
LOAD obj_zoul/res-plugtest-create1.o
LOAD obj_zoul/res-leds.o
LOAD obj_zoul/res-plugtest-validate.o
LOAD obj_zoul/res-plugtest-create3.o
LOAD obj_zoul/res-separate.o
LOAD obj_zoul/res-plugtest-test.o
LOAD obj_zoul/res-sht11.o
LOAD obj_zoul/res-toggle.o
LOAD obj_zoul/res-plugtest-locquery.o
LOAD obj_zoul/res-radio.o
LOAD obj_zoul/res-plugtest-obs.o
LOAD obj_zoul/res-plugtest-links.o
LOAD obj_zoul/res-light.o
LOAD obj_zoul/res-push.o
START GROUP
LOAD /usr/lib/gcc/arm-none-eabi/4.8.2/armv7-m/libgcc.a
LOAD /usr/lib/gcc/arm-none-eabi/4.8.2/../../../arm-none-eabi/lib/armv7-m/libc.a
END GROUP

.text           0x0000000000202000     0xbf0e
                0x0000000000202000                _text = .
 *(SORT(.vectors))
 .vectors       0x0000000000202000      0x28c obj_zoul/startup-gcc.o
                0x0000000000202000                vectors
 *(SORT(.text*))
 .text.reset_handler
                0x000000000020228c       0x40 obj_zoul/startup-gcc.o
                0x000000000020228c                reset_handler
 .text.coap_init_connection
                0x00000000002022cc       0x28 obj_zoul/er-coap.o
                0x00000000002022cc                coap_init_connection
 .text.coap_get_mid
                0x00000000002022f4       0x10 obj_zoul/er-coap.o
                0x00000000002022f4                coap_get_mid
 .text.coap_serialize_message
                0x0000000000202304      0x2e0 obj_zoul/er-coap.o
                0x0000000000202304                coap_serialize_message
 .text.coap_send_message
                0x00000000002025e4       0x4c obj_zoul/er-coap.o
                0x00000000002025e4                coap_send_message
 .text.coap_parse_message
                0x0000000000202630      0x2e8 obj_zoul/er-coap.o
                0x0000000000202630                coap_parse_message
 .text.coap_set_service_callback
                0x0000000000202918        0xc obj_zoul/er-coap-engine.o
                0x0000000000202918                coap_set_service_callback
 .text.process_thread_coap_engine
                0x0000000000202924      0x394 obj_zoul/er-coap-engine.o
 .text.coap_init_engine
                0x0000000000202cb8        0xc obj_zoul/er-coap-engine.o
                0x0000000000202cb8                coap_init_engine
 .text.coap_register_as_transaction_handler
                0x0000000000202cc4       0x14 obj_zoul/er-coap-transactions.o
                0x0000000000202cc4                coap_register_as_transaction_handler
 .text.coap_new_transaction
                0x0000000000202cd8       0x44 obj_zoul/er-coap-transactions.o
                0x0000000000202cd8                coap_new_transaction
 .text.coap_clear_transaction
                0x0000000000202d1c       0x2c obj_zoul/er-coap-transactions.o
                0x0000000000202d1c                coap_clear_transaction
 .text.coap_send_transaction
                0x0000000000202d48       0x94 obj_zoul/er-coap-transactions.o
                0x0000000000202d48                coap_send_transaction
 .text.coap_get_transaction_by_mid
                0x0000000000202ddc       0x1c obj_zoul/er-coap-transactions.o
                0x0000000000202ddc                coap_get_transaction_by_mid
 .text.coap_check_transactions
                0x0000000000202df8       0x2c obj_zoul/er-coap-transactions.o
                0x0000000000202df8                coap_check_transactions
 .text.coap_remove_observer
                0x0000000000202e24       0x20 obj_zoul/er-coap-observe.o
                0x0000000000202e24                coap_remove_observer
 .text.coap_remove_observer_by_client
                0x0000000000202e44       0x3c obj_zoul/er-coap-observe.o
                0x0000000000202e44                coap_remove_observer_by_client
 .text.coap_remove_observer_by_token
                0x0000000000202e80       0x58 obj_zoul/er-coap-observe.o
                0x0000000000202e80                coap_remove_observer_by_token
 .text.coap_remove_observer_by_uri
                0x0000000000202ed8       0x5c obj_zoul/er-coap-observe.o
                0x0000000000202ed8                coap_remove_observer_by_uri
 .text.coap_remove_observer_by_mid
                0x0000000000202f34       0x48 obj_zoul/er-coap-observe.o
                0x0000000000202f34                coap_remove_observer_by_mid
 .text.coap_notify_observers_sub
                0x0000000000202f7c      0x11c obj_zoul/er-coap-observe.o
                0x0000000000202f7c                coap_notify_observers_sub
 .text.coap_observe_handler
                0x0000000000203098      0x104 obj_zoul/er-coap-observe.o
                0x0000000000203098                coap_observe_handler
 .text.coap_separate_reject
                0x000000000020319c       0x1c obj_zoul/er-coap-separate.o
                0x000000000020319c                coap_separate_reject
 .text.coap_separate_accept
                0x00000000002031b8       0xd0 obj_zoul/er-coap-separate.o
                0x00000000002031b8                coap_separate_accept
 .text.well_known_core_get_handler
                0x0000000000203288      0x160 obj_zoul/er-coap-res-well-known-core.o
                0x0000000000203288                well_known_core_get_handler
 .text.classify_notification
                0x00000000002033e8       0x58 obj_zoul/er-coap-observe-client.o
 .text.simple_reply.isra.1
                0x0000000000203440       0x38 obj_zoul/er-coap-observe-client.o
 .text.coap_get_obs_subject_by_token
                0x0000000000203478       0x40 obj_zoul/er-coap-observe-client.o
                0x0000000000203478                coap_get_obs_subject_by_token
 .text.coap_handle_notification
                0x00000000002034b8       0xa8 obj_zoul/er-coap-observe-client.o
                0x00000000002034b8                coap_handle_notification
 .text.process_thread_rest_engine_process
                0x0000000000203560       0x88 obj_zoul/rest-engine.o
 .text.rest_invoke_restful_service
                0x00000000002035e8       0xf8 obj_zoul/rest-engine.o
                0x00000000002035e8                rest_invoke_restful_service
 .text.rest_init_engine
                0x00000000002036e0       0x40 obj_zoul/rest-engine.o
                0x00000000002036e0                rest_init_engine
 .text.rest_activate_resource
                0x0000000000203720       0x34 obj_zoul/rest-engine.o
                0x0000000000203720                rest_activate_resource
 .text.rest_get_resources
                0x0000000000203754        0x8 obj_zoul/rest-engine.o
                0x0000000000203754                rest_get_resources
 .text.startup.main
                0x000000000020375c      0x1b4 obj_zoul/contiki-main.o
                0x000000000020375c                main
 .text.leds_init
                0x0000000000203910       0x14 obj_zoul/leds.o
                0x0000000000203910                leds_init
 .text.leds_on  0x0000000000203924       0x10 obj_zoul/leds.o
                0x0000000000203924                leds_on
 .text.leds_off
                0x0000000000203934       0x14 obj_zoul/leds.o
                0x0000000000203934                leds_off
 .text.leds_toggle
                0x0000000000203948       0x10 obj_zoul/leds.o
                0x0000000000203948                leds_toggle
 .text.value    0x0000000000203958       0x20 obj_zoul/button-sensor.o
 .text.duration_exceeded_callback
                0x0000000000203978       0x3c obj_zoul/button-sensor.o
 .text.config_user
                0x00000000002039b4       0xa0 obj_zoul/button-sensor.o
 .text.btn_callback
                0x0000000000203a54       0x5c obj_zoul/button-sensor.o
 .text.antenna_sw_config
                0x0000000000203ab0       0x30 obj_zoul/antenna-sw.o
                0x0000000000203ab0                antenna_sw_config
 .text.leds_arch_init
                0x0000000000203ae0       0x48 obj_zoul/leds-res-arch.o
                0x0000000000203ae0                leds_arch_init
 .text.leds_arch_set
                0x0000000000203b28       0x44 obj_zoul/leds-res-arch.o
                0x0000000000203b28                leds_arch_set
 .text.soc_get_rev
                0x0000000000203b6c       0x18 obj_zoul/soc.o
                0x0000000000203b6c                soc_get_rev
 .text.soc_get_sram_size
                0x0000000000203b84       0x20 obj_zoul/soc.o
                0x0000000000203b84                soc_get_sram_size
 .text.soc_print_info
                0x0000000000203ba4       0x70 obj_zoul/soc.o
                0x0000000000203ba4                soc_print_info
 .text.update_ticks
                0x0000000000203c14       0x50 obj_zoul/clock.o
 .text.clock_init
                0x0000000000203c64       0x50 obj_zoul/clock.o
                0x0000000000203c64                clock_init
 .text.clock_time
                0x0000000000203cb4       0x14 obj_zoul/clock.o
                0x0000000000203cb4                clock_time
 .text.clock_seconds
                0x0000000000203cc8       0x14 obj_zoul/clock.o
                0x0000000000203cc8                clock_seconds
 .text.clock_delay_usec
                0x0000000000203cdc       0x1c obj_zoul/clock.o
                0x0000000000203cdc                clock_delay_usec
 .text.clock_adjust
                0x0000000000203cf8       0x20 obj_zoul/clock.o
                0x0000000000203cf8                clock_adjust
 .text.rtimer_arch_next_trigger
                0x0000000000203d18        0xc obj_zoul/rtimer-arch.o
                0x0000000000203d18                rtimer_arch_next_trigger
 .text.rtimer_arch_now
                0x0000000000203d24       0x24 obj_zoul/rtimer-arch.o
                0x0000000000203d24                rtimer_arch_now
 .text.rtimer_arch_schedule
                0x0000000000203d48       0x58 obj_zoul/rtimer-arch.o
                0x0000000000203d48                rtimer_arch_schedule
 .text.rtimer_isr
                0x0000000000203da0       0x24 obj_zoul/rtimer-arch.o
                0x0000000000203da0                rtimer_isr
 .text.permit_pm1
                0x0000000000203dc4       0x24 obj_zoul/uart.o
 .text.uart_isr
                0x0000000000203de8       0x64 obj_zoul/uart.o
 .text.uart_init
                0x0000000000203e4c      0x184 obj_zoul/uart.o
                0x0000000000203e4c                uart_init
 .text.uart_set_input
                0x0000000000203fd0       0x10 obj_zoul/uart.o
                0x0000000000203fd0                uart_set_input
 .text.uart_write_byte
                0x0000000000203fe0       0x1c obj_zoul/uart.o
                0x0000000000203fe0                uart_write_byte
 .text.watchdog_init
                0x0000000000203ffc        0xc obj_zoul/watchdog.o
                0x0000000000203ffc                watchdog_init
 .text.watchdog_start
                0x0000000000204008        0xc obj_zoul/watchdog.o
                0x0000000000204008                watchdog_start
 .text.watchdog_periodic
                0x0000000000204014       0x10 obj_zoul/watchdog.o
                0x0000000000204014                watchdog_periodic
 .text.nvic_init
                0x0000000000204024       0x3c obj_zoul/nvic.o
                0x0000000000204024                nvic_init
 .text.nvic_interrupt_enable
                0x0000000000204060       0x1c obj_zoul/nvic.o
                0x0000000000204060                nvic_interrupt_enable
 .text.nvic_interrupt_disable
                0x000000000020407c       0x1c obj_zoul/nvic.o
                0x000000000020407c                nvic_interrupt_disable
 .text.nvic_interrupt_unpend
                0x0000000000204098       0x1c obj_zoul/nvic.o
                0x0000000000204098                nvic_interrupt_unpend
 .text.sys_ctrl_get_reset_cause
                0x00000000002040b4       0x10 obj_zoul/sys-ctrl.o
                0x00000000002040b4                sys_ctrl_get_reset_cause
 .text.sys_ctrl_get_reset_cause_str
                0x00000000002040c4       0x14 obj_zoul/sys-ctrl.o
                0x00000000002040c4                sys_ctrl_get_reset_cause_str
 .text.sys_ctrl_init
                0x00000000002040d8       0x74 obj_zoul/sys-ctrl.o
                0x00000000002040d8                sys_ctrl_init
 .text.sys_ctrl_get_sys_clock
                0x000000000020414c       0x18 obj_zoul/sys-ctrl.o
                0x000000000020414c                sys_ctrl_get_sys_clock
 .text.sys_ctrl_get_io_clock
                0x0000000000204164       0x18 obj_zoul/sys-ctrl.o
                0x0000000000204164                sys_ctrl_get_io_clock
 .text.gpio_register_callback
                0x000000000020417c       0x10 obj_zoul/gpio.o
                0x000000000020417c                gpio_register_callback
 .text.notify   0x000000000020418c       0x30 obj_zoul/gpio.o
                0x000000000020418c                notify
 .text.gpio_port_isr
                0x00000000002041bc       0x4c obj_zoul/gpio.o
 .text.gpio_init
                0x0000000000204208       0x10 obj_zoul/gpio.o
                0x0000000000204208                gpio_init
 .text.ioc_init
                0x0000000000204218       0x1c obj_zoul/ioc.o
                0x0000000000204218                ioc_init
 .text.ioc_set_over
                0x0000000000204234       0x14 obj_zoul/ioc.o
                0x0000000000204234                ioc_set_over
 .text.ioc_set_sel
                0x0000000000204248       0x14 obj_zoul/ioc.o
                0x0000000000204248                ioc_set_sel
 .text.adc_get  0x000000000020425c       0x74 obj_zoul/adc.o
                0x000000000020425c                adc_get
 .text.permit_pm1
                0x00000000002042d0       0x14 obj_zoul/crypto.o
 .text.crypto_isr
                0x00000000002042e4       0x24 obj_zoul/crypto.o
                0x00000000002042e4                crypto_isr
 .text.crypto_enable
                0x0000000000204308       0x20 obj_zoul/crypto.o
                0x0000000000204308                crypto_enable
 .text.crypto_init
                0x0000000000204328       0x3c obj_zoul/crypto.o
                0x0000000000204328                crypto_init
 .text.crypto_disable
                0x0000000000204364       0x20 obj_zoul/crypto.o
                0x0000000000204364                crypto_disable
 .text.on       0x0000000000204384       0x2c obj_zoul/cc2538-rf.o
 .text.off      0x00000000002043b0       0x40 obj_zoul/cc2538-rf.o
 .text.set_channel
                0x00000000002043f0       0x48 obj_zoul/cc2538-rf.o
 .text.channel_clear
                0x0000000000204438       0x3c obj_zoul/cc2538-rf.o
 .text.receiving_packet
                0x0000000000204474       0x1c obj_zoul/cc2538-rf.o
 .text.pending_packet
                0x0000000000204490       0x10 obj_zoul/cc2538-rf.o
 .text.get_value
                0x00000000002044a0      0x164 obj_zoul/cc2538-rf.o
 .text.prepare  0x0000000000204604       0x64 obj_zoul/cc2538-rf.o
 .text.transmit
                0x0000000000204668       0xa0 obj_zoul/cc2538-rf.o
 .text.set_frame_filtering
                0x0000000000204708       0x18 obj_zoul/cc2538-rf.o
 .text.set_object
                0x0000000000204720       0x34 obj_zoul/cc2538-rf.o
 .text.read     0x0000000000204754       0xf0 obj_zoul/cc2538-rf.o
 .text.set_poll_mode
                0x0000000000204844       0x8c obj_zoul/cc2538-rf.o
 .text.set_value
                0x00000000002048d0       0xec obj_zoul/cc2538-rf.o
 .text.init     0x00000000002049bc       0xbc obj_zoul/cc2538-rf.o
 .text.process_thread_cc2538_rf_process
                0x0000000000204a78       0x90 obj_zoul/cc2538-rf.o
 .text.get_object
                0x0000000000204b08      0x13c obj_zoul/cc2538-rf.o
 .text.cc2538_rf_rx_tx_isr
                0x0000000000204c44       0x24 obj_zoul/cc2538-rf.o
                0x0000000000204c44                cc2538_rf_rx_tx_isr
 .text.cc2538_rf_err_isr
                0x0000000000204c68       0x2c obj_zoul/cc2538-rf.o
                0x0000000000204c68                cc2538_rf_err_isr
 .text.udma_init
                0x0000000000204c94       0x30 obj_zoul/udma.o
                0x0000000000204c94                udma_init
 .text.udma_set_channel_src
                0x0000000000204cc4       0x10 obj_zoul/udma.o
                0x0000000000204cc4                udma_set_channel_src
 .text.udma_set_channel_dst
                0x0000000000204cd4       0x14 obj_zoul/udma.o
                0x0000000000204cd4                udma_set_channel_dst
 .text.udma_set_channel_control_word
                0x0000000000204ce8       0x14 obj_zoul/udma.o
                0x0000000000204ce8                udma_set_channel_control_word
 .text.udma_channel_enable
                0x0000000000204cfc       0x18 obj_zoul/udma.o
                0x0000000000204cfc                udma_channel_enable
 .text.udma_channel_mask_set
                0x0000000000204d14       0x18 obj_zoul/udma.o
                0x0000000000204d14                udma_channel_mask_set
 .text.udma_channel_sw_request
                0x0000000000204d2c       0x18 obj_zoul/udma.o
                0x0000000000204d2c                udma_channel_sw_request
 .text.udma_channel_get_mode
                0x0000000000204d44       0x1c obj_zoul/udma.o
                0x0000000000204d44                udma_channel_get_mode
 .text.udma_isr
                0x0000000000204d60       0x10 obj_zoul/udma.o
                0x0000000000204d60                udma_isr
 .text.udma_err_isr
                0x0000000000204d70        0xc obj_zoul/udma.o
                0x0000000000204d70                udma_err_isr
 .text.select_32_mhz_xosc
                0x0000000000204d7c       0x2c obj_zoul/lpm.o
 .text.lpm_exit
                0x0000000000204da8       0x30 obj_zoul/lpm.o
                0x0000000000204da8                lpm_exit
 .text.lpm_enter
                0x0000000000204dd8       0xb4 obj_zoul/lpm.o
                0x0000000000204dd8                lpm_enter
 .text.lpm_register_peripheral
                0x0000000000204e8c       0x20 obj_zoul/lpm.o
                0x0000000000204e8c                lpm_register_peripheral
 .text.lpm_init
                0x0000000000204eac       0x24 obj_zoul/lpm.o
                0x0000000000204eac                lpm_init
 .text.pka_isr  0x0000000000204ed0       0x24 obj_zoul/pka.o
                0x0000000000204ed0                pka_isr
 .text.ieee_addr_cpy_to
                0x0000000000204ef4       0x70 obj_zoul/ieee-addr.o
                0x0000000000204ef4                ieee_addr_cpy_to
 .text.printf   0x0000000000204f64       0x20 obj_zoul/dbg-printf.o
                0x0000000000204f64                printf
 .text.vsnprintf
                0x0000000000204f84       0x28 obj_zoul/dbg-snprintf.o
                0x0000000000204f84                vsnprintf
 .text.fill_space
                0x0000000000204fac       0x30 obj_zoul/strformat.o
 .text.format_str_v
                0x0000000000204fdc      0x6c8 obj_zoul/strformat.o
                0x0000000000204fdc                format_str_v
 .text.process_thread_ctimer_process
                0x00000000002056a4       0x80 obj_zoul/ctimer.o
 .text.ctimer_init
                0x0000000000205724       0x28 obj_zoul/ctimer.o
                0x0000000000205724                ctimer_init
 .text.ctimer_set_with_process
                0x000000000020574c       0x44 obj_zoul/ctimer.o
                0x000000000020574c                ctimer_set_with_process
 .text.ctimer_set
                0x0000000000205790       0x14 obj_zoul/ctimer.o
                0x0000000000205790                ctimer_set
 .text.ctimer_reset
                0x00000000002057a4       0x38 obj_zoul/ctimer.o
                0x00000000002057a4                ctimer_reset
 .text.ctimer_restart
                0x00000000002057dc       0x38 obj_zoul/ctimer.o
                0x00000000002057dc                ctimer_restart
 .text.ctimer_stop
                0x0000000000205814       0x2c obj_zoul/ctimer.o
                0x0000000000205814                ctimer_stop
 .text.update_time
                0x0000000000205840       0x40 obj_zoul/etimer.o
 .text.etimer_request_poll
                0x0000000000205880        0xc obj_zoul/etimer.o
                0x0000000000205880                etimer_request_poll
 .text.process_thread_etimer_process
                0x000000000020588c       0x94 obj_zoul/etimer.o
 .text.add_timer
                0x0000000000205920       0x40 obj_zoul/etimer.o
 .text.etimer_pending
                0x0000000000205960       0x10 obj_zoul/etimer.o
                0x0000000000205960                etimer_pending
 .text.etimer_stop
                0x0000000000205970       0x34 obj_zoul/etimer.o
                0x0000000000205970                etimer_stop
 .text.call_process.part.0
                0x00000000002059a4       0x38 obj_zoul/process.o
 .text.exit_process
                0x00000000002059dc       0x84 obj_zoul/process.o
 .text.do_poll  0x0000000000205a60       0x30 obj_zoul/process.o
 .text.process_alloc_event
                0x0000000000205a90       0x10 obj_zoul/process.o
                0x0000000000205a90                process_alloc_event
 .text.process_init
                0x0000000000205aa0       0x30 obj_zoul/process.o
                0x0000000000205aa0                process_init
 .text.process_run
                0x0000000000205ad0       0x80 obj_zoul/process.o
                0x0000000000205ad0                process_run
 .text.process_nevents
                0x0000000000205b50       0x14 obj_zoul/process.o
                0x0000000000205b50                process_nevents
 .text.process_post
                0x0000000000205b64       0x3c obj_zoul/process.o
                0x0000000000205b64                process_post
 .text.process_post_synch
                0x0000000000205ba0       0x14 obj_zoul/process.o
                0x0000000000205ba0                process_post_synch
 .text.process_start
                0x0000000000205bb4       0x30 obj_zoul/process.o
                0x0000000000205bb4                process_start
 .text.process_poll
                0x0000000000205be4       0x1c obj_zoul/process.o
                0x0000000000205be4                process_poll
 .text.rtimer_run_next
                0x0000000000205c00       0x28 obj_zoul/rtimer.o
                0x0000000000205c00                rtimer_run_next
 .text.stimer_expired
                0x0000000000205c28       0x20 obj_zoul/stimer.o
                0x0000000000205c28                stimer_expired
 .text.process_thread_serial_line_process
                0x0000000000205c48       0x98 obj_zoul/serial-line.o
 .text.serial_line_input_byte
                0x0000000000205ce0       0x44 obj_zoul/serial-line.o
                0x0000000000205ce0                serial_line_input_byte
 .text.serial_line_init
                0x0000000000205d24       0x24 obj_zoul/serial-line.o
                0x0000000000205d24                serial_line_init
 .text.random_rand
                0x0000000000205d48       0x24 obj_zoul/random.o
                0x0000000000205d48                random_rand
 .text.random_init
                0x0000000000205d6c       0x7c obj_zoul/random.o
                0x0000000000205d6c                random_init
 .text.process_thread_sensors_process
                0x0000000000205de8       0xd4 obj_zoul/sensors.o
 .text.sensors_changed
                0x0000000000205ebc       0x38 obj_zoul/sensors.o
                0x0000000000205ebc                sensors_changed
 .text.clear_fragments
                0x0000000000205ef4       0x3c obj_zoul/sicslowpan.o
 .text.sicslowpan_init
                0x0000000000205f30       0x24 obj_zoul/sicslowpan.o
                0x0000000000205f30                sicslowpan_init
 .text.compress_addr_64
                0x0000000000205f54       0x90 obj_zoul/sicslowpan.o
 .text.set_packet_attrs
                0x0000000000205fe4       0x44 obj_zoul/sicslowpan.o
 .text.addr_context_lookup_by_prefix
                0x0000000000206028       0x24 obj_zoul/sicslowpan.o
 .text.send_packet
                0x000000000020604c       0x24 obj_zoul/sicslowpan.o
 .text.packet_sent
                0x0000000000206070       0x28 obj_zoul/sicslowpan.o
 .text.store_fragment
                0x0000000000206098       0x58 obj_zoul/sicslowpan.o
 .text.uncompress_addr
                0x00000000002060f0       0x7c obj_zoul/sicslowpan.o
 .text.output   0x000000000020616c      0x684 obj_zoul/sicslowpan.o
 .text.add_fragment
                0x00000000002067f0      0x118 obj_zoul/sicslowpan.o
 .text.input    0x0000000000206908      0x5b8 obj_zoul/sicslowpan.o
 .text.upper_layer_chksum
                0x0000000000206ec0       0x54 obj_zoul/uip6.o
 .text.ext_hdr_options_process
                0x0000000000206f14       0xa8 obj_zoul/uip6.o
 .text.uip_init
                0x0000000000206fbc       0x34 obj_zoul/uip6.o
                0x0000000000206fbc                uip_init
 .text.remove_ext_hdr
                0x0000000000206ff0       0x58 obj_zoul/uip6.o
                0x0000000000206ff0                remove_ext_hdr
 .text.uip_udp_new
                0x0000000000207048       0x84 obj_zoul/uip6.o
                0x0000000000207048                uip_udp_new
 .text.uip_process
                0x00000000002070cc      0x454 obj_zoul/uip6.o
                0x00000000002070cc                uip_process
 .text.uip_ds6_prefix_add
                0x0000000000207520       0x60 obj_zoul/uip-ds6.o
                0x0000000000207520                uip_ds6_prefix_add
 .text.uip_ds6_is_addr_onlink
                0x0000000000207580       0x40 obj_zoul/uip-ds6.o
                0x0000000000207580                uip_ds6_is_addr_onlink
 .text.uip_ds6_addr_lookup
                0x00000000002075c0       0x2c obj_zoul/uip-ds6.o
                0x00000000002075c0                uip_ds6_addr_lookup
 .text.uip_ds6_get_link_local
                0x00000000002075ec       0x40 obj_zoul/uip-ds6.o
                0x00000000002075ec                uip_ds6_get_link_local
 .text.uip_ds6_maddr_add
                0x000000000020762c       0x4c obj_zoul/uip-ds6.o
                0x000000000020762c                uip_ds6_maddr_add
 .text.uip_ds6_addr_add
                0x0000000000207678       0x98 obj_zoul/uip-ds6.o
                0x0000000000207678                uip_ds6_addr_add
 .text.uip_ds6_maddr_lookup
                0x0000000000207710       0x2c obj_zoul/uip-ds6.o
                0x0000000000207710                uip_ds6_maddr_lookup
 .text.uip_ds6_addr_rm
                0x000000000020773c       0x44 obj_zoul/uip-ds6.o
                0x000000000020773c                uip_ds6_addr_rm
 .text.uip_ds6_periodic
                0x0000000000207780       0x4c obj_zoul/uip-ds6.o
                0x0000000000207780                uip_ds6_periodic
 .text.uip_ds6_select_src
                0x00000000002077cc       0x98 obj_zoul/uip-ds6.o
                0x00000000002077cc                uip_ds6_select_src
 .text.uip_ds6_compute_reachable_time
                0x0000000000207864       0x28 obj_zoul/uip-ds6.o
                0x0000000000207864                uip_ds6_compute_reachable_time
 .text.uip_ds6_init
                0x000000000020788c       0xe0 obj_zoul/uip-ds6.o
                0x000000000020788c                uip_ds6_init
 .text.uip_ds6_nbr_rm
                0x000000000020796c       0x20 obj_zoul/uip-ds6-nbr.o
                0x000000000020796c                uip_ds6_nbr_rm
 .text.uip_ds6_neighbors_init
                0x000000000020798c       0x1c obj_zoul/uip-ds6-nbr.o
                0x000000000020798c                uip_ds6_neighbors_init
 .text.uip_ds6_nbr_add
                0x00000000002079a8       0x3c obj_zoul/uip-ds6-nbr.o
                0x00000000002079a8                uip_ds6_nbr_add
 .text.uip_ds6_nbr_get_ll
                0x00000000002079e4       0x10 obj_zoul/uip-ds6-nbr.o
                0x00000000002079e4                uip_ds6_nbr_get_ll
 .text.uip_ds6_nbr_lookup
                0x00000000002079f4       0x38 obj_zoul/uip-ds6-nbr.o
                0x00000000002079f4                uip_ds6_nbr_lookup
 .text.uip_ds6_nbr_ll_lookup
                0x0000000000207a2c       0x10 obj_zoul/uip-ds6-nbr.o
                0x0000000000207a2c                uip_ds6_nbr_ll_lookup
 .text.uip_ds6_link_neighbor_callback
                0x0000000000207a3c       0x34 obj_zoul/uip-ds6-nbr.o
                0x0000000000207a3c                uip_ds6_link_neighbor_callback
 .text.call_route_callback
                0x0000000000207a70       0x48 obj_zoul/uip-ds6-route.o
 .text.uip_ds6_route_init
                0x0000000000207ab8       0x4c obj_zoul/uip-ds6-route.o
                0x0000000000207ab8                uip_ds6_route_init
 .text.uip_ds6_route_nexthop
                0x0000000000207b04       0x20 obj_zoul/uip-ds6-route.o
                0x0000000000207b04                uip_ds6_route_nexthop
 .text.uip_ds6_route_head
                0x0000000000207b24        0xc obj_zoul/uip-ds6-route.o
                0x0000000000207b24                uip_ds6_route_head
 .text.uip_ds6_route_is_nexthop
                0x0000000000207b30       0x20 obj_zoul/uip-ds6-route.o
                0x0000000000207b30                uip_ds6_route_is_nexthop
 .text.uip_ds6_route_lookup
                0x0000000000207b50       0x64 obj_zoul/uip-ds6-route.o
                0x0000000000207b50                uip_ds6_route_lookup
 .text.uip_ds6_route_rm
                0x0000000000207bb4       0x9c obj_zoul/uip-ds6-route.o
                0x0000000000207bb4                uip_ds6_route_rm
 .text.rm_routelist
                0x0000000000207c50       0x30 obj_zoul/uip-ds6-route.o
 .text.uip_ds6_route_add
                0x0000000000207c80      0x110 obj_zoul/uip-ds6-route.o
                0x0000000000207c80                uip_ds6_route_add
 .text.uip_ds6_defrt_rm
                0x0000000000207d90       0x44 obj_zoul/uip-ds6-route.o
                0x0000000000207d90                uip_ds6_defrt_rm
 .text.uip_ds6_defrt_lookup
                0x0000000000207dd4       0x2c obj_zoul/uip-ds6-route.o
                0x0000000000207dd4                uip_ds6_defrt_lookup
 .text.uip_ds6_defrt_add
                0x0000000000207e00       0x64 obj_zoul/uip-ds6-route.o
                0x0000000000207e00                uip_ds6_defrt_add
 .text.uip_ds6_defrt_choose
                0x0000000000207e64       0x30 obj_zoul/uip-ds6-route.o
                0x0000000000207e64                uip_ds6_defrt_choose
 .text.uip_ds6_defrt_periodic
                0x0000000000207e94       0x30 obj_zoul/uip-ds6-route.o
                0x0000000000207e94                uip_ds6_defrt_periodic
 .text.echo_reply_input
                0x0000000000207ec4       0x94 obj_zoul/uip-icmp6.o
 .text.echo_request_input
                0x0000000000207f58       0xc8 obj_zoul/uip-icmp6.o
 .text.uip_icmp6_input
                0x0000000000208020       0x38 obj_zoul/uip-icmp6.o
                0x0000000000208020                uip_icmp6_input
 .text.uip_icmp6_register_input_handler
                0x0000000000208058        0xc obj_zoul/uip-icmp6.o
                0x0000000000208058                uip_icmp6_register_input_handler
 .text.uip_icmp6_error_output
                0x0000000000208064      0x14c obj_zoul/uip-icmp6.o
                0x0000000000208064                uip_icmp6_error_output
 .text.uip_icmp6_send
                0x00000000002081b0       0x90 obj_zoul/uip-icmp6.o
                0x00000000002081b0                uip_icmp6_send
 .text.uip_icmp6_init
                0x0000000000208240       0x1c obj_zoul/uip-icmp6.o
                0x0000000000208240                uip_icmp6_init
 .text.tcpip_output
                0x000000000020825c       0x14 obj_zoul/tcpip.o
                0x000000000020825c                tcpip_output
 .text.tcpip_set_outputfunc
                0x0000000000208270        0xc obj_zoul/tcpip.o
                0x0000000000208270                tcpip_set_outputfunc
 .text.udp_new  0x000000000020827c       0x18 obj_zoul/tcpip.o
                0x000000000020827c                udp_new
 .text.tcpip_icmp6_call
                0x0000000000208294       0x28 obj_zoul/tcpip.o
                0x0000000000208294                tcpip_icmp6_call
 .text.tcpip_input
                0x00000000002082bc       0x24 obj_zoul/tcpip.o
                0x00000000002082bc                tcpip_input
 .text.tcpip_ipv6_output
                0x00000000002082e0       0xb4 obj_zoul/tcpip.o
                0x00000000002082e0                tcpip_ipv6_output
 .text.process_thread_tcpip_process
                0x0000000000208394       0xdc obj_zoul/tcpip.o
 .text.tcpip_uipcall
                0x0000000000208470       0x2c obj_zoul/tcpip.o
                0x0000000000208470                tcpip_uipcall
 .text.uip_debug_ipaddr_print
                0x000000000020849c       0xa0 obj_zoul/uip-debug.o
                0x000000000020849c                uip_debug_ipaddr_print
 .text.uip_udp_packet_send
                0x000000000020853c       0x38 obj_zoul/uip-udp-packet.o
                0x000000000020853c                uip_udp_packet_send
 .text.rpl_get_mode
                0x0000000000208574        0xc obj_zoul/rpl.o
                0x0000000000208574                rpl_get_mode
 .text.rpl_purge_routes
                0x0000000000208580       0x64 obj_zoul/rpl.o
                0x0000000000208580                rpl_purge_routes
 .text.rpl_link_neighbor_callback
                0x00000000002085e4       0x54 obj_zoul/rpl.o
                0x00000000002085e4                rpl_link_neighbor_callback
 .text.rpl_ipv6_neighbor_callback
                0x0000000000208638       0x28 obj_zoul/rpl.o
                0x0000000000208638                rpl_ipv6_neighbor_callback
 .text.rpl_purge_dags
                0x0000000000208660       0x28 obj_zoul/rpl.o
                0x0000000000208660                rpl_purge_dags
 .text.rpl_init
                0x0000000000208688       0x4c obj_zoul/rpl.o
                0x0000000000208688                rpl_init
 .text.rpl_set_preferred_parent
                0x00000000002086d4       0x28 obj_zoul/rpl-dag.o
 .text.set_ip_from_prefix
                0x00000000002086fc       0x2c obj_zoul/rpl-dag.o
 .text.find_parent_any_dag_any_instance
                0x0000000000208728       0x1c obj_zoul/rpl-dag.o
 .text.rpl_dag_init
                0x0000000000208744       0x14 obj_zoul/rpl-dag.o
                0x0000000000208744                rpl_dag_init
 .text.rpl_get_parent
                0x0000000000208758       0x10 obj_zoul/rpl-dag.o
                0x0000000000208758                rpl_get_parent
 .text.rpl_get_parent_lladdr
                0x0000000000208768       0x10 obj_zoul/rpl-dag.o
                0x0000000000208768                rpl_get_parent_lladdr
 .text.best_parent
                0x0000000000208778       0x74 obj_zoul/rpl-dag.o
 .text.rpl_alloc_instance
                0x00000000002087ec       0x34 obj_zoul/rpl-dag.o
                0x00000000002087ec                rpl_alloc_instance
 .text.rpl_add_parent
                0x0000000000208820       0x30 obj_zoul/rpl-dag.o
                0x0000000000208820                rpl_add_parent
 .text.rpl_remove_parent
                0x0000000000208850       0x1c obj_zoul/rpl-dag.o
                0x0000000000208850                rpl_remove_parent
 .text.remove_parents.constprop.3
                0x000000000020886c       0x2c obj_zoul/rpl-dag.o
 .text.rpl_get_any_dag
                0x0000000000208898       0x18 obj_zoul/rpl-dag.o
                0x0000000000208898                rpl_get_any_dag
 .text.rpl_get_instance
                0x00000000002088b0       0x1c obj_zoul/rpl-dag.o
                0x00000000002088b0                rpl_get_instance
 .text.rpl_find_of
                0x00000000002088cc       0x14 obj_zoul/rpl-dag.o
                0x00000000002088cc                rpl_find_of
 .text.rpl_join_instance
                0x00000000002088e0      0x13c obj_zoul/rpl-dag.o
                0x00000000002088e0                rpl_join_instance
 .text.rpl_local_repair
                0x0000000000208a1c       0x60 obj_zoul/rpl-dag.o
                0x0000000000208a1c                rpl_local_repair
 .text.rpl_recalculate_ranks
                0x0000000000208a7c       0x3c obj_zoul/rpl-dag.o
                0x0000000000208a7c                rpl_recalculate_ranks
 .text.update_hbh_header
                0x0000000000208ab8       0xc4 obj_zoul/rpl-ext-header.o
 .text.insert_hbh_header
                0x0000000000208b7c       0x9c obj_zoul/rpl-ext-header.o
 .text.rpl_verify_hbh_header
                0x0000000000208c18       0xec obj_zoul/rpl-ext-header.o
                0x0000000000208c18                rpl_verify_hbh_header
 .text.rpl_remove_header
                0x0000000000208d04       0x78 obj_zoul/rpl-ext-header.o
                0x0000000000208d04                rpl_remove_header
 .text.rpl_update_header
                0x0000000000208d7c       0x64 obj_zoul/rpl-ext-header.o
                0x0000000000208d7c                rpl_update_header
 .text.dao_ack_input
                0x0000000000208de0       0x14 obj_zoul/rpl-icmp6.o
 .text.dio_input
                0x0000000000208df4      0x248 obj_zoul/rpl-icmp6.o
 .text.dao_input
                0x000000000020903c      0x268 obj_zoul/rpl-icmp6.o
 .text.dis_output
                0x00000000002092a4       0x54 obj_zoul/rpl-icmp6.o
                0x00000000002092a4                dis_output
 .text.dio_output
                0x00000000002092f8      0x218 obj_zoul/rpl-icmp6.o
                0x00000000002092f8                dio_output
 .text.dis_input
                0x0000000000209510       0x50 obj_zoul/rpl-icmp6.o
 .text.dao_output_target
                0x0000000000209560       0xdc obj_zoul/rpl-icmp6.o
                0x0000000000209560                dao_output_target
 .text.dao_output
                0x000000000020963c       0x90 obj_zoul/rpl-icmp6.o
                0x000000000020963c                dao_output
 .text.rpl_icmp6_register_handlers
                0x00000000002096cc       0x30 obj_zoul/rpl-icmp6.o
                0x00000000002096cc                rpl_icmp6_register_handlers
 .text.update_nbr
                0x00000000002096fc      0x10c obj_zoul/rpl-nbr-policy.o
 .text.handle_periodic_timer
                0x0000000000209808       0x14 obj_zoul/rpl-nbr-policy.o
 .text.find_removable_dis
                0x000000000020981c       0x20 obj_zoul/rpl-nbr-policy.o
                0x000000000020981c                find_removable_dis
 .text.find_removable_dio
                0x000000000020983c       0x40 obj_zoul/rpl-nbr-policy.o
                0x000000000020983c                find_removable_dio
 .text.find_removable_dao
                0x000000000020987c       0x38 obj_zoul/rpl-nbr-policy.o
                0x000000000020987c                find_removable_dao
 .text.rpl_nbr_policy_find_removable
                0x00000000002098b4       0x28 obj_zoul/rpl-nbr-policy.o
                0x00000000002098b4                rpl_nbr_policy_find_removable
 .text.new_dio_interval
                0x00000000002098dc       0x50 obj_zoul/rpl-timers.o
 .text.handle_periodic_timer
                0x000000000020992c       0x4c obj_zoul/rpl-timers.o
 .text.set_dao_lifetime_timer
                0x0000000000209978       0x4c obj_zoul/rpl-timers.o
 .text.handle_dio_timer
                0x00000000002099c4       0x80 obj_zoul/rpl-timers.o
 .text.schedule_dao
                0x0000000000209a44       0x54 obj_zoul/rpl-timers.o
 .text.handle_dao_timer
                0x0000000000209a98       0x58 obj_zoul/rpl-timers.o
 .text.rpl_reset_periodic_timer
                0x0000000000209af0       0x34 obj_zoul/rpl-timers.o
                0x0000000000209af0                rpl_reset_periodic_timer
 .text.rpl_schedule_unicast_dio_immediately
                0x0000000000209b24       0x10 obj_zoul/rpl-timers.o
                0x0000000000209b24                rpl_schedule_unicast_dio_immediately
 .text.get_probing_target
                0x0000000000209b34       0xcc obj_zoul/rpl-timers.o
                0x0000000000209b34                get_probing_target
 .text.rpl_schedule_probing
                0x0000000000209c00       0x20 obj_zoul/rpl-timers.o
                0x0000000000209c00                rpl_schedule_probing
 .text.periodic
                0x0000000000209c20       0x2c obj_zoul/link-stats.o
 .text.link_stats_from_lladdr
                0x0000000000209c4c        0xc obj_zoul/link-stats.o
                0x0000000000209c4c                link_stats_from_lladdr
 .text.link_stats_packet_sent
                0x0000000000209c58       0x78 obj_zoul/link-stats.o
                0x0000000000209c58                link_stats_packet_sent
 .text.link_stats_input_callback
                0x0000000000209cd0       0x4c obj_zoul/link-stats.o
                0x0000000000209cd0                link_stats_input_callback
 .text.link_stats_init
                0x0000000000209d1c       0x28 obj_zoul/link-stats.o
                0x0000000000209d1c                link_stats_init
 .text.index_from_key
                0x0000000000209d44       0x20 obj_zoul/nbr-table.o
 .text.index_from_lladdr
                0x0000000000209d64       0x40 obj_zoul/nbr-table.o
 .text.key_from_item
                0x0000000000209da4       0x2c obj_zoul/nbr-table.o
 .text.nbr_get_bit.constprop.0
                0x0000000000209dd0       0x30 obj_zoul/nbr-table.o
 .text.remove_key
                0x0000000000209e00       0x58 obj_zoul/nbr-table.o
 .text.nbr_table_register
                0x0000000000209e58       0x28 obj_zoul/nbr-table.o
                0x0000000000209e58                nbr_table_register
 .text.nbr_table_head
                0x0000000000209e80       0x34 obj_zoul/nbr-table.o
                0x0000000000209e80                nbr_table_head
 .text.nbr_table_add_lladdr
                0x0000000000209eb4      0x118 obj_zoul/nbr-table.o
                0x0000000000209eb4                nbr_table_add_lladdr
 .text.nbr_table_remove
                0x0000000000209fcc       0x2c obj_zoul/nbr-table.o
                0x0000000000209fcc                nbr_table_remove
 .text.nbr_table_lock
                0x0000000000209ff8       0x14 obj_zoul/nbr-table.o
                0x0000000000209ff8                nbr_table_lock
 .text.nbr_table_unlock
                0x000000000020a00c       0x14 obj_zoul/nbr-table.o
                0x000000000020a00c                nbr_table_unlock
 .text.netstack_init
                0x000000000020a020       0x38 obj_zoul/netstack.o
                0x000000000020a020                netstack_init
 .text.packetbuf_hdrreduce
                0x000000000020a058       0x28 obj_zoul/packetbuf.o
                0x000000000020a058                packetbuf_hdrreduce
 .text.packetbuf_set_datalen
                0x000000000020a080        0xc obj_zoul/packetbuf.o
                0x000000000020a080                packetbuf_set_datalen
 .text.packetbuf_hdrptr
                0x000000000020a08c        0x8 obj_zoul/packetbuf.o
                0x000000000020a08c                packetbuf_hdrptr
 .text.packetbuf_datalen
                0x000000000020a094        0xc obj_zoul/packetbuf.o
                0x000000000020a094                packetbuf_datalen
 .text.packetbuf_hdrlen
                0x000000000020a0a0       0x18 obj_zoul/packetbuf.o
                0x000000000020a0a0                packetbuf_hdrlen
 .text.packetbuf_dataptr
                0x000000000020a0b8       0x10 obj_zoul/packetbuf.o
                0x000000000020a0b8                packetbuf_dataptr
 .text.packetbuf_copyto
                0x000000000020a0c8       0x40 obj_zoul/packetbuf.o
                0x000000000020a0c8                packetbuf_copyto
 .text.packetbuf_totlen
                0x000000000020a108       0x14 obj_zoul/packetbuf.o
                0x000000000020a108                packetbuf_totlen
 .text.packetbuf_hdralloc
                0x000000000020a11c       0x3c obj_zoul/packetbuf.o
                0x000000000020a11c                packetbuf_hdralloc
 .text.packetbuf_attr_clear
                0x000000000020a158       0x34 obj_zoul/packetbuf.o
                0x000000000020a158                packetbuf_attr_clear
 .text.packetbuf_clear
                0x000000000020a18c       0x20 obj_zoul/packetbuf.o
                0x000000000020a18c                packetbuf_clear
 .text.packetbuf_copyfrom
                0x000000000020a1ac       0x2c obj_zoul/packetbuf.o
                0x000000000020a1ac                packetbuf_copyfrom
 .text.packetbuf_attr_copyto
                0x000000000020a1d8       0x34 obj_zoul/packetbuf.o
                0x000000000020a1d8                packetbuf_attr_copyto
 .text.packetbuf_attr_copyfrom
                0x000000000020a20c       0x34 obj_zoul/packetbuf.o
                0x000000000020a20c                packetbuf_attr_copyfrom
 .text.packetbuf_set_attr
                0x000000000020a240       0x10 obj_zoul/packetbuf.o
                0x000000000020a240                packetbuf_set_attr
 .text.packetbuf_attr
                0x000000000020a250        0xc obj_zoul/packetbuf.o
                0x000000000020a250                packetbuf_attr
 .text.packetbuf_set_addr
                0x000000000020a25c       0x18 obj_zoul/packetbuf.o
                0x000000000020a25c                packetbuf_set_addr
 .text.packetbuf_addr
                0x000000000020a274       0x10 obj_zoul/packetbuf.o
                0x000000000020a274                packetbuf_addr
 .text.packetbuf_holds_broadcast
                0x000000000020a284       0x10 obj_zoul/packetbuf.o
                0x000000000020a284                packetbuf_holds_broadcast
 .text.queuebuf_init
                0x000000000020a294       0x1c obj_zoul/queuebuf.o
                0x000000000020a294                queuebuf_init
 .text.queuebuf_numfree
                0x000000000020a2b0        0xc obj_zoul/queuebuf.o
                0x000000000020a2b0                queuebuf_numfree
 .text.queuebuf_new_from_packetbuf
                0x000000000020a2bc       0x44 obj_zoul/queuebuf.o
                0x000000000020a2bc                queuebuf_new_from_packetbuf
 .text.queuebuf_free
                0x000000000020a300       0x2c obj_zoul/queuebuf.o
                0x000000000020a300                queuebuf_free
 .text.queuebuf_to_packetbuf
                0x000000000020a32c       0x30 obj_zoul/queuebuf.o
                0x000000000020a32c                queuebuf_to_packetbuf
 .text.frame802154_get_pan_id
                0x000000000020a35c        0xc obj_zoul/frame802154.o
                0x000000000020a35c                frame802154_get_pan_id
 .text.frame802154_parse
                0x000000000020a368      0x16c obj_zoul/frame802154.o
                0x000000000020a368                frame802154_parse
 .text.create_frame.isra.0
                0x000000000020a4d4      0x128 obj_zoul/framer-802154.o
 .text.mac_sequence_is_duplicate
                0x000000000020a5fc       0x4c obj_zoul/mac-sequence.o
                0x000000000020a5fc                mac_sequence_is_duplicate
 .text.mac_sequence_register_seqno
                0x000000000020a648       0x5c obj_zoul/mac-sequence.o
                0x000000000020a648                mac_sequence_register_seqno
 .text.send_packet
                0x000000000020a6a4       0x10 obj_zoul/nullmac.o
 .text.packet_input
                0x000000000020a6b4       0x10 obj_zoul/nullmac.o
 .text.on       0x000000000020a6c4       0x10 obj_zoul/nullmac.o
 .text.off      0x000000000020a6d4       0x10 obj_zoul/nullmac.o
 .text.on       0x000000000020a6e4       0x10 obj_zoul/nullrdc.o
 .text.send_one_packet
                0x000000000020a6f4      0x118 obj_zoul/nullrdc.o
 .text.off      0x000000000020a80c       0x14 obj_zoul/nullrdc.o
 .text.packet_input
                0x000000000020a820       0x4c obj_zoul/nullrdc.o
 .text.input    0x000000000020a86c       0x10 obj_zoul/nullsec.o
 .text.send     0x000000000020a87c       0x20 obj_zoul/nullsec.o
 .text.process_thread_er_example_server
                0x000000000020a89c      0x1c4 er-example-server.co
 .text.res_get_handler
                0x000000000020aa60       0x68 obj_zoul/res-hello.o
 .text.res_event_handler
                0x000000000020aac8       0x20 obj_zoul/res-event.o
 .text.res_get_handler
                0x000000000020aae8       0x3c obj_zoul/res-event.o
 .text.res_get_handler
                0x000000000020ab24       0x38 obj_zoul/res-separate.o
 .text.res_resume_handler
                0x000000000020ab5c       0x70 obj_zoul/res-separate.o
 .text.res_periodic_handler
                0x000000000020abcc       0x20 obj_zoul/res-push.o
 .text.res_get_handler
                0x000000000020abec       0x4c obj_zoul/res-push.o
 .text          0x000000000020ac38       0x2c /usr/lib/gcc/arm-none-eabi/4.8.2/armv7-m/libgcc.a(_aeabi_uldivmod.o)
                0x000000000020ac38                __aeabi_uldivmod
 .text          0x000000000020ac64       0x60 /usr/lib/gcc/arm-none-eabi/4.8.2/armv7-m/libgcc.a(bpabi.o)
                0x000000000020ac64                __gnu_ldivmod_helper
                0x000000000020ac94                __gnu_uldivmod_helper
 .text          0x000000000020acc4        0x4 /usr/lib/gcc/arm-none-eabi/4.8.2/armv7-m/libgcc.a(_dvmd_tls.o)
                0x000000000020acc4                __aeabi_ldiv0
                0x000000000020acc4                __aeabi_idiv0
 .text          0x000000000020acc8      0x2bc /usr/lib/gcc/arm-none-eabi/4.8.2/armv7-m/libgcc.a(_divdi3.o)
                0x000000000020acc8                __divdi3
 .text          0x000000000020af84      0x284 /usr/lib/gcc/arm-none-eabi/4.8.2/armv7-m/libgcc.a(_udivdi3.o)
                0x000000000020af84                __udivdi3
 .text.atoi     0x000000000020b208        0x8 /usr/lib/gcc/arm-none-eabi/4.8.2/../../../arm-none-eabi/lib/armv7-m/libc.a(lib_a-atoi.o)
                0x000000000020b208                atoi
 .text.memchr   0x000000000020b210       0x94 /usr/lib/gcc/arm-none-eabi/4.8.2/../../../arm-none-eabi/lib/armv7-m/libc.a(lib_a-memchr-stub.o)
                0x000000000020b210                memchr
 .text.memcmp   0x000000000020b2a4       0x68 /usr/lib/gcc/arm-none-eabi/4.8.2/../../../arm-none-eabi/lib/armv7-m/libc.a(lib_a-memcmp.o)
                0x000000000020b2a4                memcmp
 .text          0x000000000020b30c       0xec /usr/lib/gcc/arm-none-eabi/4.8.2/../../../arm-none-eabi/lib/armv7-m/libc.a(lib_a-memcpy.o)
                0x000000000020b30c                memcpy
 .text.memmove  0x000000000020b3f8       0xcc /usr/lib/gcc/arm-none-eabi/4.8.2/../../../arm-none-eabi/lib/armv7-m/libc.a(lib_a-memmove.o)
                0x000000000020b3f8                memmove
 .text.memset   0x000000000020b4c4       0x94 /usr/lib/gcc/arm-none-eabi/4.8.2/../../../arm-none-eabi/lib/armv7-m/libc.a(lib_a-memset.o)
                0x000000000020b4c4                memset
 .text.strchr   0x000000000020b558       0xf4 /usr/lib/gcc/arm-none-eabi/4.8.2/../../../arm-none-eabi/lib/armv7-m/libc.a(lib_a-strchr.o)
                0x000000000020b558                strchr
 .text.strcpy   0x000000000020b64c       0xbc /usr/lib/gcc/arm-none-eabi/4.8.2/../../../arm-none-eabi/lib/armv7-m/libc.a(lib_a-strcpy.o)
                0x000000000020b64c                strcpy
 .text.strlen   0x000000000020b708       0x60 /usr/lib/gcc/arm-none-eabi/4.8.2/../../../arm-none-eabi/lib/armv7-m/libc.a(lib_a-strlen.o)
                0x000000000020b708                strlen
 .text.strncmp  0x000000000020b768       0xb4 /usr/lib/gcc/arm-none-eabi/4.8.2/../../../arm-none-eabi/lib/armv7-m/libc.a(lib_a-strncmp.o)
                0x000000000020b768                strncmp
 .text.strncpy  0x000000000020b81c       0x68 /usr/lib/gcc/arm-none-eabi/4.8.2/../../../arm-none-eabi/lib/armv7-m/libc.a(lib_a-strncpy.o)
                0x000000000020b81c                strncpy
 .text._strtol_r
                0x000000000020b884      0x124 /usr/lib/gcc/arm-none-eabi/4.8.2/../../../arm-none-eabi/lib/armv7-m/libc.a(lib_a-strtol.o)
                0x000000000020b884                _strtol_r
 .text.strtol   0x000000000020b9a8       0x1c /usr/lib/gcc/arm-none-eabi/4.8.2/../../../arm-none-eabi/lib/armv7-m/libc.a(lib_a-strtol.o)
                0x000000000020b9a8                strtol
 .text.default_handler
                0x000000000020b9c4        0x2 obj_zoul/startup-gcc.o
                0x000000000020b9c4                default_handler
 .text.nmi_handler
                0x000000000020b9c6        0x6 obj_zoul/startup-gcc.o
                0x000000000020b9c6                nmi_handler
 .text.coap_parse_int_option
                0x000000000020b9cc       0x18 obj_zoul/er-coap.o
 .text.coap_merge_multi_option
                0x000000000020b9e4       0x30 obj_zoul/er-coap.o
 .text.coap_get_variable
                0x000000000020ba14       0x6a obj_zoul/er-coap.o
 .text.coap_set_option_header
                0x000000000020ba7e       0x78 obj_zoul/er-coap.o
 .text.coap_serialize_int_option
                0x000000000020baf6       0x60 obj_zoul/er-coap.o
 .text.coap_serialize_array_option.part.0
                0x000000000020bb56       0x20 obj_zoul/er-coap.o
 .text.coap_serialize_array_option
                0x000000000020bb76       0x72 obj_zoul/er-coap.o
 .text.coap_init_message
                0x000000000020bbe8       0x1a obj_zoul/er-coap.o
                0x000000000020bbe8                coap_init_message
 .text.coap_get_query_variable
                0x000000000020bc02       0x26 obj_zoul/er-coap.o
                0x000000000020bc02                coap_get_query_variable
 .text.coap_get_post_variable
                0x000000000020bc28       0x1e obj_zoul/er-coap.o
                0x000000000020bc28                coap_get_post_variable
 .text.coap_set_status_code
                0x000000000020bc46        0xe obj_zoul/er-coap.o
                0x000000000020bc46                coap_set_status_code
 .text.coap_set_token
                0x000000000020bc54       0x16 obj_zoul/er-coap.o
                0x000000000020bc54                coap_set_token
 .text.coap_get_header_content_format
                0x000000000020bc6a       0x18 obj_zoul/er-coap.o
                0x000000000020bc6a                coap_get_header_content_format
 .text.coap_set_header_content_format
                0x000000000020bc82        0xe obj_zoul/er-coap.o
                0x000000000020bc82                coap_set_header_content_format
 .text.coap_get_header_accept
                0x000000000020bc90       0x1a obj_zoul/er-coap.o
                0x000000000020bc90                coap_get_header_accept
 .text.coap_get_header_max_age
                0x000000000020bcaa       0x10 obj_zoul/er-coap.o
                0x000000000020bcaa                coap_get_header_max_age
 .text.coap_set_header_max_age
                0x000000000020bcba        0xe obj_zoul/er-coap.o
                0x000000000020bcba                coap_set_header_max_age
 .text.coap_set_header_etag
                0x000000000020bcc8       0x22 obj_zoul/er-coap.o
                0x000000000020bcc8                coap_set_header_etag
 .text.coap_get_header_if_match
                0x000000000020bcea       0x1c obj_zoul/er-coap.o
                0x000000000020bcea                coap_get_header_if_match
 .text.coap_get_header_if_none_match
                0x000000000020bd06        0x8 obj_zoul/er-coap.o
                0x000000000020bd06                coap_get_header_if_none_match
 .text.coap_get_header_uri_host
                0x000000000020bd0e       0x18 obj_zoul/er-coap.o
                0x000000000020bd0e                coap_get_header_uri_host
 .text.coap_get_header_uri_path
                0x000000000020bd26       0x18 obj_zoul/er-coap.o
                0x000000000020bd26                coap_get_header_uri_path
 .text.coap_set_header_uri_path
                0x000000000020bd3e       0x20 obj_zoul/er-coap.o
                0x000000000020bd3e                coap_set_header_uri_path
 .text.coap_get_header_uri_query
                0x000000000020bd5e       0x18 obj_zoul/er-coap.o
                0x000000000020bd5e                coap_get_header_uri_query
 .text.coap_set_header_location_query
                0x000000000020bd76       0x20 obj_zoul/er-coap.o
                0x000000000020bd76                coap_set_header_location_query
 .text.coap_set_header_location_path
                0x000000000020bd96       0x40 obj_zoul/er-coap.o
                0x000000000020bd96                coap_set_header_location_path
 .text.coap_get_header_observe
                0x000000000020bdd6       0x18 obj_zoul/er-coap.o
                0x000000000020bdd6                coap_get_header_observe
 .text.coap_set_header_observe
                0x000000000020bdee        0xe obj_zoul/er-coap.o
                0x000000000020bdee                coap_set_header_observe
 .text.coap_get_header_block2
                0x000000000020bdfc       0x32 obj_zoul/er-coap.o
                0x000000000020bdfc                coap_get_header_block2
 .text.coap_set_header_block2
                0x000000000020be2e       0x34 obj_zoul/er-coap.o
                0x000000000020be2e                coap_set_header_block2
 .text.coap_set_header_block1
                0x000000000020be62       0x30 obj_zoul/er-coap.o
                0x000000000020be62                coap_set_header_block1
 .text.coap_get_header_size2
                0x000000000020be92       0x1a obj_zoul/er-coap.o
                0x000000000020be92                coap_get_header_size2
 .text.coap_set_header_size2
                0x000000000020beac       0x10 obj_zoul/er-coap.o
                0x000000000020beac                coap_set_header_size2
 .text.coap_get_payload
                0x000000000020bebc       0x12 obj_zoul/er-coap.o
                0x000000000020bebc                coap_get_payload
 .text.coap_set_payload
                0x000000000020bece       0x14 obj_zoul/er-coap.o
                0x000000000020bece                coap_set_payload
 .text.coap_get_rest_method
                0x000000000020bee2        0xe obj_zoul/er-coap-engine.o
                0x000000000020bee2                coap_get_rest_method
 .text.coap_notify_observers
                0x000000000020bef0        0x6 obj_zoul/er-coap-observe.o
                0x000000000020bef0                coap_notify_observers
 .text.coap_separate_resume
                0x000000000020bef6       0x30 obj_zoul/er-coap-separate.o
                0x000000000020bef6                coap_separate_resume
 .text.fade     0x000000000020bf26       0x54 obj_zoul/contiki-main.o
 .text.board_init
                0x000000000020bf7a        0x4 obj_zoul/board.o
                0x000000000020bf7a                board_init
 .text.clock_isr
                0x000000000020bf7e        0x4 obj_zoul/clock.o
                0x000000000020bf7e                clock_isr
 .text.rtimer_arch_init
                0x000000000020bf82        0x2 obj_zoul/rtimer-arch.o
                0x000000000020bf82                rtimer_arch_init
 .text.uart0_isr
                0x000000000020bf84        0x6 obj_zoul/uart.o
                0x000000000020bf84                uart0_isr
 .text.uart1_isr
                0x000000000020bf8a        0x6 obj_zoul/uart.o
                0x000000000020bf8a                uart1_isr
 .text.cpu_cpsie
                0x000000000020bf90        0x8 obj_zoul/cpu.o
                0x000000000020bf90                cpu_cpsie
 .text.cpu_cpsid
                0x000000000020bf98        0x8 obj_zoul/cpu.o
                0x000000000020bf98                cpu_cpsid
 .text.gpio_port_a_isr
                0x000000000020bfa0        0x6 obj_zoul/gpio.o
                0x000000000020bfa0                gpio_port_a_isr
 .text.gpio_port_b_isr
                0x000000000020bfa6        0x6 obj_zoul/gpio.o
                0x000000000020bfa6                gpio_port_b_isr
 .text.gpio_port_c_isr
                0x000000000020bfac        0x6 obj_zoul/gpio.o
                0x000000000020bfac                gpio_port_c_isr
 .text.gpio_port_d_isr
                0x000000000020bfb2        0x6 obj_zoul/gpio.o
                0x000000000020bfb2                gpio_port_d_isr
 .text.send     0x000000000020bfb8       0x12 obj_zoul/cc2538-rf.o
 .text.putchar  0x000000000020bfca       0x10 obj_zoul/dbg.o
                0x000000000020bfca                putchar
 .text.dbg_send_bytes
                0x000000000020bfda       0x22 obj_zoul/dbg.o
                0x000000000020bfda                dbg_send_bytes
 .text.puts     0x000000000020bffc       0x20 obj_zoul/dbg.o
                0x000000000020bffc                puts
 .text.configure
                0x000000000020c01c        0x4 obj_zoul/cc2538-temp-sensor.o
 .text.status   0x000000000020c020        0x4 obj_zoul/cc2538-temp-sensor.o
 .text.value    0x000000000020c024       0x34 obj_zoul/cc2538-temp-sensor.o
 .text.configure
                0x000000000020c058        0x4 obj_zoul/vdd3-sensor.o
 .text.status   0x000000000020c05c        0x4 obj_zoul/vdd3-sensor.o
 .text.value    0x000000000020c060       0x2a obj_zoul/vdd3-sensor.o
 .text.write_str
                0x000000000020c08a       0x10 obj_zoul/dbg-printf.o
 .text.buffer_str
                0x000000000020c09a       0x28 obj_zoul/dbg-snprintf.o
 .text.snprintf
                0x000000000020c0c2       0x1a obj_zoul/dbg-snprintf.o
                0x000000000020c0c2                snprintf
 .text.autostart_start
                0x000000000020c0dc       0x14 obj_zoul/autostart.o
                0x000000000020c0dc                autostart_start
 .text.energest_init
                0x000000000020c0f0        0x2 obj_zoul/energest.o
                0x000000000020c0f0                energest_init
 .text.etimer_set
                0x000000000020c0f2       0x12 obj_zoul/etimer.o
                0x000000000020c0f2                etimer_set
 .text.etimer_reset
                0x000000000020c104       0x12 obj_zoul/etimer.o
                0x000000000020c104                etimer_reset
 .text.etimer_restart
                0x000000000020c116       0x12 obj_zoul/etimer.o
                0x000000000020c116                etimer_restart
 .text.etimer_expired
                0x000000000020c128        0xc obj_zoul/etimer.o
                0x000000000020c128                etimer_expired
 .text.etimer_expiration_time
                0x000000000020c134        0x6 obj_zoul/etimer.o
                0x000000000020c134                etimer_expiration_time
 .text.call_process
                0x000000000020c13a        0xc obj_zoul/process.o
 .text.rtimer_init
                0x000000000020c146        0x4 obj_zoul/rtimer.o
                0x000000000020c146                rtimer_init
 .text.stimer_set
                0x000000000020c14a        0xe obj_zoul/stimer.o
                0x000000000020c14a                stimer_set
 .text.timer_set
                0x000000000020c158        0xe obj_zoul/timer.o
                0x000000000020c158                timer_set
 .text.timer_reset
                0x000000000020c166        0xa obj_zoul/timer.o
                0x000000000020c166                timer_reset
 .text.timer_restart
                0x000000000020c170        0xc obj_zoul/timer.o
                0x000000000020c170                timer_restart
 .text.timer_expired
                0x000000000020c17c       0x1c obj_zoul/timer.o
                0x000000000020c17c                timer_expired
 .text.list_init
                0x000000000020c198        0x6 obj_zoul/list.o
                0x000000000020c198                list_init
 .text.list_head
                0x000000000020c19e        0x4 obj_zoul/list.o
                0x000000000020c19e                list_head
 .text.list_tail
                0x000000000020c1a2        0xe obj_zoul/list.o
                0x000000000020c1a2                list_tail
 .text.list_remove
                0x000000000020c1b0       0x28 obj_zoul/list.o
                0x000000000020c1b0                list_remove
 .text.list_add
                0x000000000020c1d8       0x1e obj_zoul/list.o
                0x000000000020c1d8                list_add
 .text.list_push
                0x000000000020c1f6       0x12 obj_zoul/list.o
                0x000000000020c1f6                list_push
 .text.list_length
                0x000000000020c208        0xe obj_zoul/list.o
                0x000000000020c208                list_length
 .text.list_item_next
                0x000000000020c216        0x6 obj_zoul/list.o
                0x000000000020c216                list_item_next
 .text.memb_init
                0x000000000020c21c       0x20 obj_zoul/memb.o
                0x000000000020c21c                memb_init
 .text.memb_alloc
                0x000000000020c23c       0x28 obj_zoul/memb.o
                0x000000000020c23c                memb_alloc
 .text.memb_free
                0x000000000020c264       0x2c obj_zoul/memb.o
                0x000000000020c264                memb_free
 .text.memb_inmemb
                0x000000000020c290       0x1c obj_zoul/memb.o
                0x000000000020c290                memb_inmemb
 .text.memb_numfree
                0x000000000020c2ac       0x1c obj_zoul/memb.o
                0x000000000020c2ac                memb_numfree
 .text.ringbuf_init
                0x000000000020c2c8        0xe obj_zoul/ringbuf.o
                0x000000000020c2c8                ringbuf_init
 .text.ringbuf_put
                0x000000000020c2d6       0x26 obj_zoul/ringbuf.o
                0x000000000020c2d6                ringbuf_put
 .text.ringbuf_get
                0x000000000020c2fc       0x20 obj_zoul/ringbuf.o
                0x000000000020c2fc                ringbuf_get
 .text.chksum   0x000000000020c31c       0x38 obj_zoul/uip6.o
 .text.uip_icmp6chksum
                0x000000000020c354        0x6 obj_zoul/uip6.o
                0x000000000020c354                uip_icmp6chksum
 .text.uip_udpchksum
                0x000000000020c35a        0x6 obj_zoul/uip6.o
                0x000000000020c35a                uip_udpchksum
 .text.uip_htonl
                0x000000000020c360       0x14 obj_zoul/uip6.o
                0x000000000020c360                uip_htonl
 .text.uip_ds6_list_loop
                0x000000000020c374       0x4a obj_zoul/uip-ds6.o
                0x000000000020c374                uip_ds6_list_loop
 .text.uip_ds6_maddr_rm
                0x000000000020c3be        0x8 obj_zoul/uip-ds6.o
                0x000000000020c3be                uip_ds6_maddr_rm
 .text.uip_ds6_set_addr_iid
                0x000000000020c3c6       0x12 obj_zoul/uip-ds6.o
                0x000000000020c3c6                uip_ds6_set_addr_iid
 .text.get_match_length
                0x000000000020c3d8       0x38 obj_zoul/uip-ds6.o
                0x000000000020c3d8                get_match_length
 .text.uip_ds6_nbr_ipaddr_from_lladdr
                0x000000000020c410        0x4 obj_zoul/uip-ds6-nbr.o
                0x000000000020c410                uip_ds6_nbr_ipaddr_from_lladdr
 .text.uip_ds6_nbr_lladdr_from_ipaddr
                0x000000000020c414       0x12 obj_zoul/uip-ds6-nbr.o
                0x000000000020c414                uip_ds6_nbr_lladdr_from_ipaddr
 .text.uip_ds6_route_next
                0x000000000020c426        0x8 obj_zoul/uip-ds6-route.o
                0x000000000020c426                uip_ds6_route_next
 .text.rm_routelist_callback
                0x000000000020c42e        0x4 obj_zoul/uip-ds6-route.o
 .text.uip_nd6_init
                0x000000000020c432        0x2 obj_zoul/uip-nd6.o
                0x000000000020c432                uip_nd6_init
 .text.rpl_remove_routes
                0x000000000020c434       0x1e obj_zoul/rpl.o
                0x000000000020c434                rpl_remove_routes
 .text.rpl_remove_routes_by_nexthop
                0x000000000020c452       0x30 obj_zoul/rpl.o
                0x000000000020c452                rpl_remove_routes_by_nexthop
 .text.rpl_add_route
                0x000000000020c482       0x2e obj_zoul/rpl.o
                0x000000000020c482                rpl_add_route
 .text.lollipop_greater_than
                0x000000000020c4b0       0x32 obj_zoul/rpl-dag.o
 .text.check_prefix
                0x000000000020c4e2       0x58 obj_zoul/rpl-dag.o
 .text.rpl_rank_via_parent
                0x000000000020c53a       0x1e obj_zoul/rpl-dag.o
                0x000000000020c53a                rpl_rank_via_parent
 .text.rpl_get_parent_ipaddr
                0x000000000020c558        0xe obj_zoul/rpl-dag.o
                0x000000000020c558                rpl_get_parent_ipaddr
 .text.rpl_get_parent_link_stats
                0x000000000020c566        0xe obj_zoul/rpl-dag.o
                0x000000000020c566                rpl_get_parent_link_stats
 .text.rpl_parent_is_fresh
                0x000000000020c574        0xe obj_zoul/rpl-dag.o
                0x000000000020c574                rpl_parent_is_fresh
 .text.rpl_parent_is_reachable
                0x000000000020c582       0x36 obj_zoul/rpl-dag.o
                0x000000000020c582                rpl_parent_is_reachable
 .text.rpl_set_prefix
                0x000000000020c5b8       0x6e obj_zoul/rpl-dag.o
                0x000000000020c5b8                rpl_set_prefix
 .text.rpl_set_default_route
                0x000000000020c626       0x2a obj_zoul/rpl-dag.o
                0x000000000020c626                rpl_set_default_route
 .text.rpl_find_parent
                0x000000000020c650       0x18 obj_zoul/rpl-dag.o
                0x000000000020c650                rpl_find_parent
 .text.rpl_find_parent_any_dag
                0x000000000020c668       0x1e obj_zoul/rpl-dag.o
                0x000000000020c668                rpl_find_parent_any_dag
 .text.rpl_select_parent
                0x000000000020c686       0x4a obj_zoul/rpl-dag.o
                0x000000000020c686                rpl_select_parent
 .text.rpl_select_dag
                0x000000000020c6d0      0x15c obj_zoul/rpl-dag.o
                0x000000000020c6d0                rpl_select_dag
 .text.rpl_nullify_parent
                0x000000000020c82c       0x50 obj_zoul/rpl-dag.o
                0x000000000020c82c                rpl_nullify_parent
 .text.nbr_callback
                0x000000000020c87c        0x4 obj_zoul/rpl-dag.o
 .text.rpl_free_dag
                0x000000000020c880       0x3a obj_zoul/rpl-dag.o
                0x000000000020c880                rpl_free_dag
 .text.rpl_move_parent
                0x000000000020c8ba       0x50 obj_zoul/rpl-dag.o
                0x000000000020c8ba                rpl_move_parent
 .text.rpl_repair_root
                0x000000000020c90a       0x48 obj_zoul/rpl-dag.o
                0x000000000020c90a                rpl_repair_root
 .text.rpl_alloc_dag
                0x000000000020c952       0x48 obj_zoul/rpl-dag.o
                0x000000000020c952                rpl_alloc_dag
 .text.rpl_process_parent_event
                0x000000000020c99a       0x96 obj_zoul/rpl-dag.o
                0x000000000020c99a                rpl_process_parent_event
 .text.rpl_process_dio
                0x000000000020ca30      0x2a8 obj_zoul/rpl-dag.o
                0x000000000020ca30                rpl_process_dio
 .text.get32    0x000000000020ccd8       0x18 obj_zoul/rpl-icmp6.o
 .text.set32    0x000000000020ccf0       0x12 obj_zoul/rpl-icmp6.o
 .text.get16    0x000000000020cd02        0xc obj_zoul/rpl-icmp6.o
 .text.set16    0x000000000020cd0e        0xa obj_zoul/rpl-icmp6.o
 .text.rpl_icmp6_update_nbr_table
                0x000000000020cd18       0x2e obj_zoul/rpl-icmp6.o
                0x000000000020cd18                rpl_icmp6_update_nbr_table
 .text.reset    0x000000000020cd46        0x2 obj_zoul/rpl-mrhof.o
 .text.update_metric_container
                0x000000000020cd48        0x6 obj_zoul/rpl-mrhof.o
 .text.parent_link_metric
                0x000000000020cd4e       0x12 obj_zoul/rpl-mrhof.o
 .text.parent_has_usable_link
                0x000000000020cd60       0x12 obj_zoul/rpl-mrhof.o
 .text.best_dag
                0x000000000020cd72       0x28 obj_zoul/rpl-mrhof.o
 .text.parent_path_cost
                0x000000000020cd9a       0x30 obj_zoul/rpl-mrhof.o
 .text.parent_is_acceptable
                0x000000000020cdca       0x26 obj_zoul/rpl-mrhof.o
 .text.rank_via_parent
                0x000000000020cdf0       0x34 obj_zoul/rpl-mrhof.o
 .text.best_parent
                0x000000000020ce24       0x66 obj_zoul/rpl-mrhof.o
 .text.handle_unicast_dio_timer
                0x000000000020ce8a       0x1c obj_zoul/rpl-timers.o
 .text.rpl_reset_dio_timer
                0x000000000020cea6       0x1c obj_zoul/rpl-timers.o
                0x000000000020cea6                rpl_reset_dio_timer
 .text.rpl_schedule_dao
                0x000000000020cec2        0x8 obj_zoul/rpl-timers.o
                0x000000000020cec2                rpl_schedule_dao
 .text.get_probing_delay
                0x000000000020ceca       0x3a obj_zoul/rpl-timers.o
                0x000000000020ceca                get_probing_delay
 .text.handle_probing_timer
                0x000000000020cf04       0x32 obj_zoul/rpl-timers.o
 .text.linkaddr_copy
                0x000000000020cf36        0xa obj_zoul/linkaddr.o
                0x000000000020cf36                linkaddr_copy
 .text.linkaddr_cmp
                0x000000000020cf40       0x12 obj_zoul/linkaddr.o
                0x000000000020cf40                linkaddr_cmp
 .text.link_stats_is_fresh
                0x000000000020cf52       0x24 obj_zoul/link-stats.o
                0x000000000020cf52                link_stats_is_fresh
 .text.nbr_set_bit
                0x000000000020cf76       0x34 obj_zoul/nbr-table.o
 .text.item_from_key
                0x000000000020cfaa       0x22 obj_zoul/nbr-table.o
 .text.nbr_table_next
                0x000000000020cfcc       0x2e obj_zoul/nbr-table.o
                0x000000000020cfcc                nbr_table_next
 .text.nbr_table_get_from_lladdr
                0x000000000020cffa       0x32 obj_zoul/nbr-table.o
                0x000000000020cffa                nbr_table_get_from_lladdr
 .text.nbr_table_get_lladdr
                0x000000000020d02c        0xc obj_zoul/nbr-table.o
                0x000000000020d02c                nbr_table_get_lladdr
 .text.frame802154_has_panid
                0x000000000020d038       0x66 obj_zoul/frame802154.o
                0x000000000020d038                frame802154_has_panid
 .text.field_len
                0x000000000020d09e       0x84 obj_zoul/frame802154.o
 .text.frame802154_is_broadcast_addr
                0x000000000020d122       0x20 obj_zoul/frame802154.o
                0x000000000020d122                frame802154_is_broadcast_addr
 .text.frame802154_hdrlen
                0x000000000020d142       0x32 obj_zoul/frame802154.o
                0x000000000020d142                frame802154_hdrlen
 .text.frame802154_create
                0x000000000020d174       0xee obj_zoul/frame802154.o
                0x000000000020d174                frame802154_create
 .text.parse    0x000000000020d262       0x94 obj_zoul/framer-802154.o
 .text.create   0x000000000020d2f6        0x6 obj_zoul/framer-802154.o
 .text.hdr_length
                0x000000000020d2fc        0x6 obj_zoul/framer-802154.o
 .text.mac_call_sent_callback
                0x000000000020d302       0x10 obj_zoul/mac.o
                0x000000000020d302                mac_call_sent_callback
 .text.channel_check_interval
                0x000000000020d312        0x4 obj_zoul/nullmac.o
 .text.init     0x000000000020d316        0x2 obj_zoul/nullmac.o
 .text.channel_check_interval
                0x000000000020d318        0x4 obj_zoul/nullrdc.o
 .text.init     0x000000000020d31c        0x4 obj_zoul/nullrdc.o
 .text.send_list
                0x000000000020d320       0x20 obj_zoul/nullrdc.o
 .text.send_packet
                0x000000000020d340        0x4 obj_zoul/nullrdc.o
 .text.init     0x000000000020d344        0x2 obj_zoul/nullsec.o
 .text.res_post_handler
                0x000000000020d346        0x6 obj_zoul/res-toggle.o
 *(SORT(.rodata*))
 .rodata.coap_rest_implementation
                0x000000000020d34c      0x10c obj_zoul/er-coap-engine.o
                0x000000000020d34c                coap_rest_implementation
 .rodata.button_sensor
                0x000000000020d458       0x10 obj_zoul/button-sensor.o
                0x000000000020d458                button_sensor
 .rodata.uart_regs
                0x000000000020d468       0x58 obj_zoul/uart.o
 .rodata.reset_cause.4692
                0x000000000020d4c0       0x10 obj_zoul/sys-ctrl.o
 .rodata.output_power
                0x000000000020d4d0       0x70 obj_zoul/cc2538-rf.o
 .rodata.cc2538_rf_driver
                0x000000000020d540       0x38 obj_zoul/cc2538-rf.o
                0x000000000020d540                cc2538_rf_driver
 .rodata.cc2538_temp_sensor
                0x000000000020d578       0x10 obj_zoul/cc2538-temp-sensor.o
                0x000000000020d578                cc2538_temp_sensor
 .rodata.vdd3_sensor
                0x000000000020d588       0x10 obj_zoul/vdd3-sensor.o
                0x000000000020d588                vdd3_sensor
 .rodata.sicslowpan_driver
                0x000000000020d598        0xc obj_zoul/sicslowpan.o
                0x000000000020d598                sicslowpan_driver
 .rodata.framer_802154
                0x000000000020d5a4        0xc obj_zoul/framer-802154.o
                0x000000000020d5a4                framer_802154
 .rodata.nullmac_driver
                0x000000000020d5b0       0x1c obj_zoul/nullmac.o
                0x000000000020d5b0                nullmac_driver
 .rodata.nullrdc_driver
                0x000000000020d5cc       0x20 obj_zoul/nullrdc.o
                0x000000000020d5cc                nullrdc_driver
 .rodata.nullsec_driver
                0x000000000020d5ec       0x10 obj_zoul/nullsec.o
                0x000000000020d5ec                nullsec_driver
 .rodata.autostart_processes
                0x000000000020d5fc        0x8 er-example-server.co
                0x000000000020d5fc                autostart_processes
 .rodata._ctype_
                0x000000000020d604      0x104 /usr/lib/gcc/arm-none-eabi/4.8.2/../../../arm-none-eabi/lib/armv7-m/libc.a(lib_a-ctype_.o)
                0x000000000020d604                _ctype_
 .rodata.str1.4
                0x000000000020d708        0x4 /usr/lib/gcc/arm-none-eabi/4.8.2/../../../arm-none-eabi/lib/armv7-m/libc.a(lib_a-impure.o)
 .rodata.str1.1
                0x000000000020d70c       0xae obj_zoul/er-coap.o
                                         0xaf (size before relaxing)
 .rodata.str1.1
                0x000000000020d7ba       0x66 obj_zoul/er-coap-engine.o
 .rodata.str1.1
                0x000000000020d820       0x11 obj_zoul/er-coap-observe.o
 .rodata.str1.1
                0x000000000020d831        0xd obj_zoul/er-coap-separate.o
 .rodata.str1.1
                0x000000000020d83e        0x9 obj_zoul/er-coap-res-well-known-core.o
                                         0x19 (size before relaxing)
 .rodata.str1.1
                0x000000000020d847      0x24f obj_zoul/er-coap-observe-client.o
 .rodata.str1.1
                0x000000000020da96        0xc obj_zoul/rest-engine.o
 .rodata.str1.1
                0x000000000020daa2       0x7e obj_zoul/contiki-main.o
 .rodata.str1.1
                0x000000000020db20        0x7 obj_zoul/button-sensor.o
 .rodata.str1.1
                0x000000000020db27       0x94 obj_zoul/soc.o
 .rodata.str1.1
                0x000000000020dbbb       0x2d obj_zoul/sys-ctrl.o
 .rodata.str1.1
                0x000000000020dbe8       0x11 obj_zoul/cc2538-rf.o
 .rodata.str1.1
                0x000000000020dbf9       0x14 obj_zoul/cc2538-temp-sensor.o
 .rodata.str1.1
                0x000000000020dc0d        0x5 obj_zoul/vdd3-sensor.o
 .rodata.str1.1
                0x000000000020dc12       0x35 obj_zoul/strformat.o
                                         0x37 (size before relaxing)
 .rodata.buffer.4132
                0x000000000020dc47       0x10 obj_zoul/strformat.o
 .rodata.buffer.4141
                0x000000000020dc57       0x10 obj_zoul/strformat.o
 .rodata.str1.1
                0x000000000020dc67        0xf obj_zoul/ctimer.o
 .rodata.str1.1
                0x000000000020dc76        0xc obj_zoul/etimer.o
 .rodata.str1.1
                0x000000000020dc82        0xe obj_zoul/serial-line.o
 .rodata.str1.1
                0x000000000020dc90        0x8 obj_zoul/sensors.o
 .rodata        0x000000000020dc98        0x2 obj_zoul/sicslowpan.o
 .rodata.ttl_values
                0x000000000020dc9a        0x4 obj_zoul/sicslowpan.o
 .rodata.unc_llconf
                0x000000000020dc9e        0x4 obj_zoul/sicslowpan.o
                0x000000000020dc9e                unc_llconf
 .rodata.llprefix
                0x000000000020dca2        0x2 obj_zoul/sicslowpan.o
                0x000000000020dca2                llprefix
 .rodata.unc_mxconf
                0x000000000020dca4        0x4 obj_zoul/sicslowpan.o
                0x000000000020dca4                unc_mxconf
 .rodata.str1.1
                0x000000000020dca8        0xb obj_zoul/sicslowpan.o
 .rodata.unc_ctxconf
                0x000000000020dcb3        0x4 obj_zoul/sicslowpan.o
                0x000000000020dcb3                unc_ctxconf
 .rodata.str1.1
                0x000000000020dcb7        0xd obj_zoul/tcpip.o
 .rodata.str1.1
                0x000000000020dcc4       0x28 obj_zoul/uip-debug.o
 .rodata.linkaddr_null
                0x000000000020dcec        0x8 obj_zoul/linkaddr.o
                0x000000000020dcec                linkaddr_null
 .rodata.str1.1
                0x000000000020dcf4        0x8 obj_zoul/nullmac.o
 .rodata.str1.1
                0x000000000020dcfc        0x8 obj_zoul/nullrdc.o
 .rodata.str1.1
                0x000000000020dd04        0x8 obj_zoul/nullsec.o
 .rodata.str1.1
                0x000000000020dd0c      0x112 er-example-server.co
                                        0x128 (size before relaxing)
 .rodata.str1.1
                0x000000000020de1e       0x6d obj_zoul/res-hello.o
 .rodata.str1.1
                0x000000000020de8b       0x17 obj_zoul/res-event.o
                                         0x21 (size before relaxing)
 .rodata.str1.1
                0x000000000020dea2       0x21 obj_zoul/res-separate.o
 .rodata.str1.1
                0x000000000020dec3       0x1d obj_zoul/res-toggle.o
 .rodata.str1.1
                0x000000000020dee0       0x2e obj_zoul/res-push.o
                0x000000000020df0e                _etext = .

.glue_7         0x000000000020df10        0x0
 .glue_7        0x0000000000000000        0x0 linker stubs

.glue_7t        0x000000000020df10        0x0
 .glue_7t       0x0000000000000000        0x0 linker stubs

.vfp11_veneer   0x000000000020df10        0x0
 .vfp11_veneer  0x0000000000000000        0x0 linker stubs

.v4_bx          0x000000000020df10        0x0
 .v4_bx         0x0000000000000000        0x0 linker stubs

.iplt           0x000000000020df10        0x0
 .iplt          0x0000000000000000        0x0 obj_zoul/startup-gcc.o

.socdata        0x0000000020004000       0x40
 *(SORT(.udma_channel_control_table))
 .udma_channel_control_table
                0x0000000020004000       0x40 obj_zoul/udma.o

.data           0x0000000020004040      0x6f1 load address 0x000000000020df10
                0x0000000020004040                _data = .
 *(SORT(.data*))
 .data.impure_data
                0x0000000020004040      0x428 /usr/lib/gcc/arm-none-eabi/4.8.2/../../../arm-none-eabi/lib/armv7-m/libc.a(lib_a-impure.o)
 .data.coap_error_message
                0x0000000020004468        0x4 obj_zoul/er-coap.o
                0x0000000020004468                coap_error_message
 .data.coap_engine
                0x000000002000446c       0x10 obj_zoul/er-coap-engine.o
                0x000000002000446c                coap_engine
 .data.transactions_memb
                0x000000002000447c        0xc obj_zoul/er-coap-transactions.o
 .data.observers_memb
                0x0000000020004488        0xc obj_zoul/er-coap-observe.o
 .data.res_well_known_core
                0x0000000020004494       0x24 obj_zoul/er-coap-res-well-known-core.o
                0x0000000020004494                res_well_known_core
 .data.rest_engine_process
                0x00000000200044b8       0x10 obj_zoul/rest-engine.o
                0x00000000200044b8                rest_engine_process
 .data.sensors  0x00000000200044c8       0x10 obj_zoul/zoul-sensors.o
                0x00000000200044c8                sensors
 .data.cc2538_rf_process
                0x00000000200044d8       0x10 obj_zoul/cc2538-rf.o
                0x00000000200044d8                cc2538_rf_process
 .data.ctxt     0x00000000200044e8        0x8 obj_zoul/dbg-printf.o
 .data.ctimer_process
                0x00000000200044f0       0x10 obj_zoul/ctimer.o
                0x00000000200044f0                ctimer_process
 .data.etimer_process
                0x0000000020004500       0x10 obj_zoul/etimer.o
                0x0000000020004500                etimer_process
 .data.serial_line_process
                0x0000000020004510       0x10 obj_zoul/serial-line.o
                0x0000000020004510                serial_line_process
 .data.sensors_process
                0x0000000020004520       0x10 obj_zoul/sensors.o
                0x0000000020004520                sensors_process
 .data.ds6_neighbors
                0x0000000020004530        0x4 obj_zoul/uip-ds6-nbr.o
                0x0000000020004530                ds6_neighbors
 .data.ds6_neighbors_struct
                0x0000000020004534       0x10 obj_zoul/uip-ds6-nbr.o
 .data.defaultroutermemb
                0x0000000020004544        0xc obj_zoul/uip-ds6-route.o
 .data.nbr_routes_struct
                0x0000000020004550       0x10 obj_zoul/uip-ds6-route.o
 .data.nbr_routes
                0x0000000020004560        0x4 obj_zoul/uip-ds6-route.o
                0x0000000020004560                nbr_routes
 .data.routememb
                0x0000000020004564        0xc obj_zoul/uip-ds6-route.o
 .data.neighborroutememb
                0x0000000020004570        0xc obj_zoul/uip-ds6-route.o
 .data.echo_request_handler
                0x000000002000457c        0xc obj_zoul/uip-icmp6.o
 .data.echo_reply_handler
                0x0000000020004588        0xc obj_zoul/uip-icmp6.o
 .data.tcpip_process
                0x0000000020004594       0x10 obj_zoul/tcpip.o
                0x0000000020004594                tcpip_process
 .data.rpl_parents
                0x00000000200045a4        0x4 obj_zoul/rpl-dag.o
                0x00000000200045a4                rpl_parents
 .data.rpl_parents_struct
                0x00000000200045a8       0x10 obj_zoul/rpl-dag.o
 .data.dao_ack_handler
                0x00000000200045b8        0xc obj_zoul/rpl-icmp6.o
 .data.dis_handler
                0x00000000200045c4        0xc obj_zoul/rpl-icmp6.o
 .data.dao_handler
                0x00000000200045d0        0xc obj_zoul/rpl-icmp6.o
 .data.dio_handler
                0x00000000200045dc        0xc obj_zoul/rpl-icmp6.o
 .data.rpl_mrhof
                0x00000000200045e8       0x24 obj_zoul/rpl-mrhof.o
                0x00000000200045e8                rpl_mrhof
 .data.link_stats_struct
                0x000000002000460c       0x10 obj_zoul/link-stats.o
 .data.neighbor_addr_mem
                0x000000002000461c        0xc obj_zoul/nbr-table.o
 .data.bufmem   0x0000000020004628        0xc obj_zoul/queuebuf.o
 .data.buframmem
                0x0000000020004634        0xc obj_zoul/queuebuf.o
 .data.er_example_server
                0x0000000020004640       0x10 er-example-server.co
                0x0000000020004640                er_example_server
 .data.res_hello
                0x0000000020004650       0x24 obj_zoul/res-hello.o
                0x0000000020004650                res_hello
 .data.res_event
                0x0000000020004674       0x24 obj_zoul/res-event.o
                0x0000000020004674                res_event
 .data.res_separate
                0x0000000020004698       0x24 obj_zoul/res-separate.o
                0x0000000020004698                res_separate
 .data.res_toggle
                0x00000000200046bc       0x24 obj_zoul/res-toggle.o
                0x00000000200046bc                res_toggle
 .data.periodic_res_push
                0x00000000200046e0       0x20 obj_zoul/res-push.o
                0x00000000200046e0                periodic_res_push
 .data.res_push
                0x0000000020004700       0x24 obj_zoul/res-push.o
                0x0000000020004700                res_push
 .data.__ctype_ptr__
                0x0000000020004724        0x4 /usr/lib/gcc/arm-none-eabi/4.8.2/../../../arm-none-eabi/lib/armv7-m/libc.a(lib_a-ctype_.o)
                0x0000000020004724                __ctype_ptr__
 .data._impure_ptr
                0x0000000020004728        0x4 /usr/lib/gcc/arm-none-eabi/4.8.2/../../../arm-none-eabi/lib/armv7-m/libc.a(lib_a-impure.o)
                0x0000000020004728                _impure_ptr
 .data.mac_pan_id
                0x000000002000472c        0x2 obj_zoul/frame802154.o
 .data.send_on_cca
                0x000000002000472e        0x1 obj_zoul/cc2538-rf.o
 .data.rf_channel
                0x000000002000472f        0x1 obj_zoul/cc2538-rf.o
 .data.dao_sequence
                0x0000000020004730        0x1 obj_zoul/rpl-icmp6.o
                0x0000000020004731                _edata = .