<?xml version="1.0"?>
<link_info>
   <banner>MSP430 Linker PC v16.9.3.LTS</banner>
   <copyright>Copyright (c) 2003-2017 Texas Instruments Incorporated</copyright>
   <link_time>0x5b16b490</link_time>
   <link_errors>0x0</link_errors>
   <output_file>testCommunication.out</output_file>
   <entry_point>
      <name>_c_int00_noargs_noexit</name>
      <address>0x399a</address>
   </entry_point>
   <input_file_list>
      <input_file id="fl-2">
         <path>.\</path>
         <kind>object</kind>
         <file>ricerOpt.obj</file>
         <name>ricerOpt.obj</name>
      </input_file>
      <input_file id="fl-3">
         <path>.\drivers\msp2zigv\msp2zigv_v7\</path>
         <kind>object</kind>
         <file>msp2zigv_v7.obj</file>
         <name>msp2zigv_v7.obj</name>
      </input_file>
      <input_file id="fl-4">
         <path>.\drivers\radio\cc112x\</path>
         <kind>object</kind>
         <file>cc112x.obj</file>
         <name>cc112x.obj</name>
      </input_file>
      <input_file id="fl-5">
         <path>.\drivers\radio\cc2520\</path>
         <kind>object</kind>
         <file>cc2520.obj</file>
         <name>cc2520.obj</name>
      </input_file>
      <input_file id="fl-6">
         <path>.\drivers\rcup\rcup_v4\</path>
         <kind>object</kind>
         <file>rcup_v4.obj</file>
         <name>rcup_v4.obj</name>
      </input_file>
      <input_file id="fl-7">
         <path>.\drivers\serial\i2c\</path>
         <kind>object</kind>
         <file>i2c.obj</file>
         <name>i2c.obj</name>
      </input_file>
      <input_file id="fl-8">
         <path>.\drivers\serial\spi\</path>
         <kind>object</kind>
         <file>cc112x_spi.obj</file>
         <name>cc112x_spi.obj</name>
      </input_file>
      <input_file id="fl-9">
         <path>.\drivers\serial\spi\</path>
         <kind>object</kind>
         <file>hal_spi_rf_trxeb.obj</file>
         <name>hal_spi_rf_trxeb.obj</name>
      </input_file>
      <input_file id="fl-a">
         <path>.\drivers\serial\spi\</path>
         <kind>object</kind>
         <file>spi.obj</file>
         <name>spi.obj</name>
      </input_file>
      <input_file id="fl-b">
         <path>.\drivers\serial\uart\</path>
         <kind>object</kind>
         <file>uart.obj</file>
         <name>uart.obj</name>
      </input_file>
      <input_file id="fl-c">
         <path>.\drivers\wurx\</path>
         <kind>object</kind>
         <file>wurx.obj</file>
         <name>wurx.obj</name>
      </input_file>
      <input_file id="fl-d">
         <path>.\kernel\eh\ea\</path>
         <kind>object</kind>
         <file>ea.obj</file>
         <name>ea.obj</name>
      </input_file>
      <input_file id="fl-e">
         <path>.\kernel\eh\ebe\fuzzyman\</path>
         <kind>object</kind>
         <file>fuzzyman.obj</file>
         <name>fuzzyman.obj</name>
      </input_file>
      <input_file id="fl-f">
         <path>.\kernel\network\mac\csma-ca\</path>
         <kind>object</kind>
         <file>csma-ca.obj</file>
         <name>csma-ca.obj</name>
      </input_file>
      <input_file id="fl-10">
         <path>.\kernel\network\mac\pw-mac\</path>
         <kind>object</kind>
         <file>pw-mac.obj</file>
         <name>pw-mac.obj</name>
      </input_file>
      <input_file id="fl-11">
         <path>.\kernel\network\mac\ricer-wurx\</path>
         <kind>object</kind>
         <file>ricer-wurx.obj</file>
         <name>ricer-wurx.obj</name>
      </input_file>
      <input_file id="fl-12">
         <path>.\kernel\network\mac\ticer-wurx\</path>
         <kind>object</kind>
         <file>ticer-wurx.obj</file>
         <name>ticer-wurx.obj</name>
      </input_file>
      <input_file id="fl-13">
         <path>.\kernel\network\mac\x-mac\</path>
         <kind>object</kind>
         <file>x-mac.obj</file>
         <name>x-mac.obj</name>
      </input_file>
      <input_file id="fl-14">
         <path>.\kernel\sched\</path>
         <kind>object</kind>
         <file>sched.obj</file>
         <name>sched.obj</name>
      </input_file>
      <input_file id="fl-15">
         <path>.\tools\io_interrupts\</path>
         <kind>object</kind>
         <file>io_interrupts.obj</file>
         <name>io_interrupts.obj</name>
      </input_file>
      <input_file id="fl-16">
         <path>.\tools\</path>
         <kind>object</kind>
         <file>misc.obj</file>
         <name>misc.obj</name>
      </input_file>
      <input_file id="fl-17">
         <path>.\tools\timer\</path>
         <kind>object</kind>
         <file>timer.obj</file>
         <name>timer.obj</name>
      </input_file>
      <input_file id="fl-1c">
         <kind>object</kind>
         <file>&lt;internal&gt;</file>
         <name>&lt;internal&gt;</name>
      </input_file>
      <input_file id="fl-32">
         <path>C:\ti\ccsv7\tools\compiler\ti-cgt-msp430_16.9.3.LTS\lib\</path>
         <kind>archive</kind>
         <file>rts430_eabi.lib</file>
         <name>boot.obj</name>
      </input_file>
      <input_file id="fl-33">
         <path>C:\ti\ccsv7\tools\compiler\ti-cgt-msp430_16.9.3.LTS\lib\</path>
         <kind>archive</kind>
         <file>rts430_eabi.lib</file>
         <name>boot_special.obj</name>
      </input_file>
      <input_file id="fl-34">
         <path>C:\ti\ccsv7\tools\compiler\ti-cgt-msp430_16.9.3.LTS\lib\</path>
         <kind>archive</kind>
         <file>rts430_eabi.lib</file>
         <name>copy_decompress_lzss.obj</name>
      </input_file>
      <input_file id="fl-35">
         <path>C:\ti\ccsv7\tools\compiler\ti-cgt-msp430_16.9.3.LTS\lib\</path>
         <kind>archive</kind>
         <file>rts430_eabi.lib</file>
         <name>copy_decompress_none.obj</name>
      </input_file>
      <input_file id="fl-36">
         <path>C:\ti\ccsv7\tools\compiler\ti-cgt-msp430_16.9.3.LTS\lib\</path>
         <kind>archive</kind>
         <file>rts430_eabi.lib</file>
         <name>copy_zero_init.obj</name>
      </input_file>
      <input_file id="fl-37">
         <path>C:\ti\ccsv7\tools\compiler\ti-cgt-msp430_16.9.3.LTS\lib\</path>
         <kind>archive</kind>
         <file>rts430_eabi.lib</file>
         <name>div16s.obj</name>
      </input_file>
      <input_file id="fl-38">
         <path>C:\ti\ccsv7\tools\compiler\ti-cgt-msp430_16.9.3.LTS\lib\</path>
         <kind>archive</kind>
         <file>rts430_eabi.lib</file>
         <name>div16u.obj</name>
      </input_file>
      <input_file id="fl-39">
         <path>C:\ti\ccsv7\tools\compiler\ti-cgt-msp430_16.9.3.LTS\lib\</path>
         <kind>archive</kind>
         <file>rts430_eabi.lib</file>
         <name>e_fmodf.obj</name>
      </input_file>
      <input_file id="fl-3a">
         <path>C:\ti\ccsv7\tools\compiler\ti-cgt-msp430_16.9.3.LTS\lib\</path>
         <kind>archive</kind>
         <file>rts430_eabi.lib</file>
         <name>epilog.obj</name>
      </input_file>
      <input_file id="fl-3b">
         <path>C:\ti\ccsv7\tools\compiler\ti-cgt-msp430_16.9.3.LTS\lib\</path>
         <kind>archive</kind>
         <file>rts430_eabi.lib</file>
         <name>exit.obj</name>
      </input_file>
      <input_file id="fl-3c">
         <path>C:\ti\ccsv7\tools\compiler\ti-cgt-msp430_16.9.3.LTS\lib\</path>
         <kind>archive</kind>
         <file>rts430_eabi.lib</file>
         <name>exit_gvars.obj</name>
      </input_file>
      <input_file id="fl-3d">
         <path>C:\ti\ccsv7\tools\compiler\ti-cgt-msp430_16.9.3.LTS\lib\</path>
         <kind>archive</kind>
         <file>rts430_eabi.lib</file>
         <name>fs_add.obj</name>
      </input_file>
      <input_file id="fl-3e">
         <path>C:\ti\ccsv7\tools\compiler\ti-cgt-msp430_16.9.3.LTS\lib\</path>
         <kind>archive</kind>
         <file>rts430_eabi.lib</file>
         <name>fs_cmp.obj</name>
      </input_file>
      <input_file id="fl-3f">
         <path>C:\ti\ccsv7\tools\compiler\ti-cgt-msp430_16.9.3.LTS\lib\</path>
         <kind>archive</kind>
         <file>rts430_eabi.lib</file>
         <name>fs_div.obj</name>
      </input_file>
      <input_file id="fl-40">
         <path>C:\ti\ccsv7\tools\compiler\ti-cgt-msp430_16.9.3.LTS\lib\</path>
         <kind>archive</kind>
         <file>rts430_eabi.lib</file>
         <name>fs_mpy.obj</name>
      </input_file>
      <input_file id="fl-41">
         <path>C:\ti\ccsv7\tools\compiler\ti-cgt-msp430_16.9.3.LTS\lib\</path>
         <kind>archive</kind>
         <file>rts430_eabi.lib</file>
         <name>fs_neg.obj</name>
      </input_file>
      <input_file id="fl-42">
         <path>C:\ti\ccsv7\tools\compiler\ti-cgt-msp430_16.9.3.LTS\lib\</path>
         <kind>archive</kind>
         <file>rts430_eabi.lib</file>
         <name>fs_toi.obj</name>
      </input_file>
      <input_file id="fl-43">
         <path>C:\ti\ccsv7\tools\compiler\ti-cgt-msp430_16.9.3.LTS\lib\</path>
         <kind>archive</kind>
         <file>rts430_eabi.lib</file>
         <name>int00.obj</name>
      </input_file>
      <input_file id="fl-44">
         <path>C:\ti\ccsv7\tools\compiler\ti-cgt-msp430_16.9.3.LTS\lib\</path>
         <kind>archive</kind>
         <file>rts430_eabi.lib</file>
         <name>int02.obj</name>
      </input_file>
      <input_file id="fl-45">
         <path>C:\ti\ccsv7\tools\compiler\ti-cgt-msp430_16.9.3.LTS\lib\</path>
         <kind>archive</kind>
         <file>rts430_eabi.lib</file>
         <name>int03.obj</name>
      </input_file>
      <input_file id="fl-46">
         <path>C:\ti\ccsv7\tools\compiler\ti-cgt-msp430_16.9.3.LTS\lib\</path>
         <kind>archive</kind>
         <file>rts430_eabi.lib</file>
         <name>int07.obj</name>
      </input_file>
      <input_file id="fl-47">
         <path>C:\ti\ccsv7\tools\compiler\ti-cgt-msp430_16.9.3.LTS\lib\</path>
         <kind>archive</kind>
         <file>rts430_eabi.lib</file>
         <name>int10.obj</name>
      </input_file>
      <input_file id="fl-48">
         <path>C:\ti\ccsv7\tools\compiler\ti-cgt-msp430_16.9.3.LTS\lib\</path>
         <kind>archive</kind>
         <file>rts430_eabi.lib</file>
         <name>int11.obj</name>
      </input_file>
      <input_file id="fl-49">
         <path>C:\ti\ccsv7\tools\compiler\ti-cgt-msp430_16.9.3.LTS\lib\</path>
         <kind>archive</kind>
         <file>rts430_eabi.lib</file>
         <name>int12.obj</name>
      </input_file>
      <input_file id="fl-4a">
         <path>C:\ti\ccsv7\tools\compiler\ti-cgt-msp430_16.9.3.LTS\lib\</path>
         <kind>archive</kind>
         <file>rts430_eabi.lib</file>
         <name>int14.obj</name>
      </input_file>
      <input_file id="fl-4b">
         <path>C:\ti\ccsv7\tools\compiler\ti-cgt-msp430_16.9.3.LTS\lib\</path>
         <kind>archive</kind>
         <file>rts430_eabi.lib</file>
         <name>isr_trap.obj</name>
      </input_file>
      <input_file id="fl-4c">
         <path>C:\ti\ccsv7\tools\compiler\ti-cgt-msp430_16.9.3.LTS\lib\</path>
         <kind>archive</kind>
         <file>rts430_eabi.lib</file>
         <name>lsl16.obj</name>
      </input_file>
      <input_file id="fl-4d">
         <path>C:\ti\ccsv7\tools\compiler\ti-cgt-msp430_16.9.3.LTS\lib\</path>
         <kind>archive</kind>
         <file>rts430_eabi.lib</file>
         <name>lsl32.obj</name>
      </input_file>
      <input_file id="fl-4e">
         <path>C:\ti\ccsv7\tools\compiler\ti-cgt-msp430_16.9.3.LTS\lib\</path>
         <kind>archive</kind>
         <file>rts430_eabi.lib</file>
         <name>lsr16.obj</name>
      </input_file>
      <input_file id="fl-4f">
         <path>C:\ti\ccsv7\tools\compiler\ti-cgt-msp430_16.9.3.LTS\lib\</path>
         <kind>archive</kind>
         <file>rts430_eabi.lib</file>
         <name>lsr64.obj</name>
      </input_file>
      <input_file id="fl-50">
         <path>C:\ti\ccsv7\tools\compiler\ti-cgt-msp430_16.9.3.LTS\lib\</path>
         <kind>archive</kind>
         <file>rts430_eabi.lib</file>
         <name>memcpy.obj</name>
      </input_file>
      <input_file id="fl-51">
         <path>C:\ti\ccsv7\tools\compiler\ti-cgt-msp430_16.9.3.LTS\lib\</path>
         <kind>archive</kind>
         <file>rts430_eabi.lib</file>
         <name>mpu_init.obj</name>
      </input_file>
      <input_file id="fl-52">
         <path>C:\ti\ccsv7\tools\compiler\ti-cgt-msp430_16.9.3.LTS\lib\</path>
         <kind>archive</kind>
         <file>rts430_eabi.lib</file>
         <name>mult16.obj</name>
      </input_file>
      <input_file id="fl-53">
         <path>C:\ti\ccsv7\tools\compiler\ti-cgt-msp430_16.9.3.LTS\lib\</path>
         <kind>archive</kind>
         <file>rts430_eabi.lib</file>
         <name>mult1632_hw.obj</name>
      </input_file>
      <input_file id="fl-54">
         <path>C:\ti\ccsv7\tools\compiler\ti-cgt-msp430_16.9.3.LTS\lib\</path>
         <kind>archive</kind>
         <file>rts430_eabi.lib</file>
         <name>mult16_hw.obj</name>
      </input_file>
      <input_file id="fl-55">
         <path>C:\ti\ccsv7\tools\compiler\ti-cgt-msp430_16.9.3.LTS\lib\</path>
         <kind>archive</kind>
         <file>rts430_eabi.lib</file>
         <name>mult32.obj</name>
      </input_file>
      <input_file id="fl-56">
         <path>C:\ti\ccsv7\tools\compiler\ti-cgt-msp430_16.9.3.LTS\lib\</path>
         <kind>archive</kind>
         <file>rts430_eabi.lib</file>
         <name>mult3264_hw.obj</name>
      </input_file>
      <input_file id="fl-57">
         <path>C:\ti\ccsv7\tools\compiler\ti-cgt-msp430_16.9.3.LTS\lib\</path>
         <kind>archive</kind>
         <file>rts430_eabi.lib</file>
         <name>mult32_hw.obj</name>
      </input_file>
      <input_file id="fl-58">
         <path>C:\ti\ccsv7\tools\compiler\ti-cgt-msp430_16.9.3.LTS\lib\</path>
         <kind>archive</kind>
         <file>rts430_eabi.lib</file>
         <name>mult64_hw.obj</name>
      </input_file>
      <input_file id="fl-59">
         <path>C:\ti\ccsv7\tools\compiler\ti-cgt-msp430_16.9.3.LTS\lib\</path>
         <kind>archive</kind>
         <file>rts430_eabi.lib</file>
         <name>pre_init.obj</name>
      </input_file>
      <input_file id="fl-5a">
         <path>C:\ti\ccsv7\tools\compiler\ti-cgt-msp430_16.9.3.LTS\lib\</path>
         <kind>archive</kind>
         <file>rts430_eabi.lib</file>
         <name>s_modff.obj</name>
      </input_file>
      <input_file id="fl-5b">
         <path>C:\ti\ccsv7\tools\compiler\ti-cgt-msp430_16.9.3.LTS\lib\</path>
         <kind>archive</kind>
         <file>rts430_eabi.lib</file>
         <name>vsnprintf.obj</name>
      </input_file>
      <input_file id="fl-5c">
         <path>C:\ti\ccsv7\tools\compiler\ti-cgt-msp430_16.9.3.LTS\lib\</path>
         <kind>archive</kind>
         <file>rts430_eabi.lib</file>
         <name>_lock.obj</name>
      </input_file>
      <input_file id="fl-5d">
         <path>C:\ti\ccsv7\tools\compiler\ti-cgt-msp430_16.9.3.LTS\lib\</path>
         <kind>archive</kind>
         <file>rts430_eabi.lib</file>
         <name>_printfi_min.obj</name>
      </input_file>
      <input_file id="fl-5e">
         <path>C:\ti\ccsv7\tools\compiler\ti-cgt-msp430_16.9.3.LTS\lib\</path>
         <kind>archive</kind>
         <file>rts430_eabi.lib</file>
         <name>args_main.obj</name>
      </input_file>
      <input_file id="fl-5f">
         <path>C:\ti\ccsv7\tools\compiler\ti-cgt-msp430_16.9.3.LTS\lib\</path>
         <kind>archive</kind>
         <file>rts430_eabi.lib</file>
         <name>asr16.obj</name>
      </input_file>
      <input_file id="fl-60">
         <path>C:\ti\ccsv7\tools\compiler\ti-cgt-msp430_16.9.3.LTS\lib\</path>
         <kind>archive</kind>
         <file>rts430_eabi.lib</file>
         <name>asr32.obj</name>
      </input_file>
      <input_file id="fl-61">
         <path>C:\ti\ccsv7\tools\compiler\ti-cgt-msp430_16.9.3.LTS\lib\</path>
         <kind>archive</kind>
         <file>rts430_eabi.lib</file>
         <name>autoinit_wdt.obj</name>
      </input_file>
      <input_file id="fl-62">
         <path>C:\ti\ccsv7\tools\compiler\ti-cgt-msp430_16.9.3.LTS\lib\</path>
         <kind>archive</kind>
         <file>rts430_eabi.lib</file>
         <name>cpy_tbl.obj</name>
      </input_file>
      <input_file id="fl-63">
         <path>C:\ti\ccsv7\tools\compiler\ti-cgt-msp430_16.9.3.LTS\lib\</path>
         <kind>archive</kind>
         <file>rts430_eabi.lib</file>
         <name>memccpy.obj</name>
      </input_file>
      <input_file id="fl-64">
         <path>C:\ti\ccsv7\tools\compiler\ti-cgt-msp430_16.9.3.LTS\lib\</path>
         <kind>archive</kind>
         <file>rts430_eabi.lib</file>
         <name>memset.obj</name>
      </input_file>
      <input_file id="fl-65">
         <path>C:\ti\ccsv7\tools\compiler\ti-cgt-msp430_16.9.3.LTS\lib\</path>
         <kind>archive</kind>
         <file>rts430_eabi.lib</file>
         <name>startup.obj</name>
      </input_file>
      <input_file id="fl-66">
         <path>C:\ti\ccsv7\tools\compiler\ti-cgt-msp430_16.9.3.LTS\lib\</path>
         <kind>archive</kind>
         <file>rts430_eabi.lib</file>
         <name>strlen.obj</name>
      </input_file>
   </input_file_list>
   <object_component_list>
      <object_component id="oc-2c3">
         <name>.bss</name>
         <uninitialized>true</uninitialized>
         <run_address>0x1222</run_address>
         <size>0x2</size>
         <input_file_ref idref="fl-2"/>
      </object_component>
      <object_component id="oc-2de">
         <name>.bss:_sender_thread_pt</name>
         <uninitialized>true</uninitialized>
         <run_address>0x1218</run_address>
         <size>0x8</size>
         <input_file_ref idref="fl-2"/>
      </object_component>
      <object_component id="oc-2ed">
         <name>.bss:_recv_thread_pt</name>
         <uninitialized>true</uninitialized>
         <run_address>0x1210</run_address>
         <size>0x8</size>
         <input_file_ref idref="fl-2"/>
      </object_component>
      <object_component id="oc-2bd">
         <name>.bss</name>
         <uninitialized>true</uninitialized>
         <run_address>0x1220</run_address>
         <size>0x2</size>
         <input_file_ref idref="fl-3"/>
      </object_component>
      <object_component id="oc-20b">
         <name>.bss:rx_buffer</name>
         <uninitialized>true</uninitialized>
         <run_address>0x11d8</run_address>
         <size>0x18</size>
         <input_file_ref idref="fl-b"/>
      </object_component>
      <object_component id="oc-204">
         <name>.bss:tx_buffer</name>
         <uninitialized>true</uninitialized>
         <run_address>0x11f0</run_address>
         <size>0x18</size>
         <input_file_ref idref="fl-b"/>
      </object_component>
      <object_component id="oc-264">
         <name>.bss:run_queue</name>
         <uninitialized>true</uninitialized>
         <run_address>0x11b0</run_address>
         <size>0x28</size>
         <input_file_ref idref="fl-14"/>
      </object_component>
      <object_component id="oc-1f4">
         <name>.bss:_periodic_timers</name>
         <uninitialized>true</uninitialized>
         <run_address>0x1208</run_address>
         <size>0x8</size>
         <input_file_ref idref="fl-17"/>
      </object_component>
      <object_component id="oc-38d">
         <name>.common:tx_fifo</name>
         <uninitialized>true</uninitialized>
         <run_address>0x1158</run_address>
         <size>0x58</size>
      </object_component>
      <object_component id="oc-3a5">
         <name>.common:rx_fifo</name>
         <uninitialized>true</uninitialized>
         <run_address>0x1100</run_address>
         <size>0x58</size>
      </object_component>
      <object_component id="oc-38a">
         <name>.data</name>
         <load_address>0x12b8</load_address>
         <run_address>0x12b8</run_address>
         <size>0x4</size>
         <input_file_ref idref="fl-2"/>
      </object_component>
      <object_component id="oc-349">
         <name>.data</name>
         <load_address>0x12b0</load_address>
         <run_address>0x12b0</run_address>
         <size>0x8</size>
         <input_file_ref idref="fl-4"/>
      </object_component>
      <object_component id="oc-207">
         <name>.data</name>
         <load_address>0x12c0</load_address>
         <run_address>0x12c0</run_address>
         <size>0x2</size>
         <input_file_ref idref="fl-b"/>
      </object_component>
      <object_component id="oc-261">
         <name>.data</name>
         <load_address>0x12bc</load_address>
         <run_address>0x12bc</run_address>
         <size>0x4</size>
         <input_file_ref idref="fl-14"/>
      </object_component>
      <object_component id="oc-1e4">
         <name>.data:handlers</name>
         <load_address>0x1224</load_address>
         <run_address>0x1224</run_address>
         <size>0x40</size>
         <input_file_ref idref="fl-15"/>
      </object_component>
      <object_component id="oc-1f7">
         <name>.data</name>
         <load_address>0x12a0</load_address>
         <run_address>0x12a0</run_address>
         <size>0x10</size>
         <input_file_ref idref="fl-17"/>
      </object_component>
      <object_component id="oc-1fa">
         <name>.data:_sleep_timer_threads</name>
         <load_address>0x1264</load_address>
         <run_address>0x1264</run_address>
         <size>0x3c</size>
         <input_file_ref idref="fl-17"/>
      </object_component>
      <object_component id="oc-135">
         <name>.stack</name>
         <uninitialized>true</uninitialized>
         <run_address>0x24b0</run_address>
         <size>0x2</size>
         <input_file_ref idref="fl-32"/>
      </object_component>
      <object_component id="oc-459">
         <name>.stack</name>
         <uninitialized>true</uninitialized>
         <run_address>0x24b0</run_address>
         <size>0x0</size>
      </object_component>
      <object_component id="oc-367">
         <name>.text:cc112x_manual_calibration</name>
         <load_address>0x2500</load_address>
         <run_address>0x2500</run_address>
         <size>0x190</size>
         <input_file_ref idref="fl-4"/>
      </object_component>
      <object_component id="oc-384">
         <name>.text:cc112x_rx_pkt</name>
         <load_address>0x2690</load_address>
         <run_address>0x2690</run_address>
         <size>0x178</size>
         <input_file_ref idref="fl-4"/>
      </object_component>
      <object_component id="oc-171">
         <name>.text:timerA1_interrupt_handler</name>
         <load_address>0x2808</load_address>
         <run_address>0x2808</run_address>
         <size>0x14e</size>
         <input_file_ref idref="fl-17"/>
      </object_component>
      <object_component id="oc-38e">
         <name>.text:cc112x_tx_pkt</name>
         <load_address>0x2956</load_address>
         <run_address>0x2956</run_address>
         <size>0x128</size>
         <input_file_ref idref="fl-4"/>
      </object_component>
      <object_component id="oc-2e1">
         <name>.text:sender_thread</name>
         <load_address>0x2a7e</load_address>
         <run_address>0x2a7e</run_address>
         <size>0xf2</size>
         <input_file_ref idref="fl-2"/>
      </object_component>
      <object_component id="oc-2f0">
         <name>.text:recv_thread</name>
         <load_address>0x2b70</load_address>
         <run_address>0x2b70</run_address>
         <size>0xc8</size>
         <input_file_ref idref="fl-2"/>
      </object_component>
      <object_component id="oc-361">
         <name>.text:io_interrupts_add_func_handler</name>
         <load_address>0x2c38</load_address>
         <run_address>0x2c38</run_address>
         <size>0xa2</size>
         <input_file_ref idref="fl-15"/>
      </object_component>
      <object_component id="oc-16b">
         <name>.text:port1_handler</name>
         <load_address>0x2cda</load_address>
         <run_address>0x2cda</run_address>
         <size>0x92</size>
         <input_file_ref idref="fl-15"/>
      </object_component>
      <object_component id="oc-165">
         <name>.text:port2_handler</name>
         <load_address>0x2d6c</load_address>
         <run_address>0x2d6c</run_address>
         <size>0x92</size>
         <input_file_ref idref="fl-15"/>
      </object_component>
      <object_component id="oc-19c">
         <name>.text:_auto_init_hold_wdt</name>
         <load_address>0x2dfe</load_address>
         <run_address>0x2dfe</run_address>
         <size>0x84</size>
         <input_file_ref idref="fl-61"/>
      </object_component>
      <object_component id="oc-40b">
         <name>.text:trxReadWriteBurstSingle</name>
         <load_address>0x2e82</load_address>
         <run_address>0x2e82</run_address>
         <size>0x84</size>
         <input_file_ref idref="fl-9"/>
      </object_component>
      <object_component id="oc-35b">
         <name>.text:cc112x_interrupt_handler</name>
         <load_address>0x2f06</load_address>
         <run_address>0x2f06</run_address>
         <size>0x80</size>
         <input_file_ref idref="fl-4"/>
      </object_component>
      <object_component id="oc-24c">
         <name>.text:ricer_init</name>
         <load_address>0x2f86</load_address>
         <run_address>0x2f86</run_address>
         <size>0x80</size>
         <input_file_ref idref="fl-2"/>
      </object_component>
      <object_component id="oc-3e2">
         <name>.text:cc112x_set_crc</name>
         <load_address>0x3006</load_address>
         <run_address>0x3006</run_address>
         <size>0x7c</size>
         <input_file_ref idref="fl-4"/>
      </object_component>
      <object_component id="oc-33">
         <name>.text:decompress:lzss:__TI_decompress_lzss</name>
         <load_address>0x3082</load_address>
         <run_address>0x3082</run_address>
         <size>0x7c</size>
         <input_file_ref idref="fl-34"/>
      </object_component>
      <object_component id="oc-177">
         <name>.text:timerA_interrupt_handler</name>
         <load_address>0x30fe</load_address>
         <run_address>0x30fe</run_address>
         <size>0x74</size>
         <input_file_ref idref="fl-17"/>
      </object_component>
      <object_component id="oc-252">
         <name>.text:start_threads</name>
         <load_address>0x3172</load_address>
         <run_address>0x3172</run_address>
         <size>0x6e</size>
         <input_file_ref idref="fl-14"/>
      </object_component>
      <object_component id="oc-36d">
         <name>.text:cc112x_data_mode</name>
         <load_address>0x31e0</load_address>
         <run_address>0x31e0</run_address>
         <size>0x6a</size>
         <input_file_ref idref="fl-4"/>
      </object_component>
      <object_component id="oc-2cc">
         <name>.text:cc112x_init</name>
         <load_address>0x324a</load_address>
         <run_address>0x324a</run_address>
         <size>0x68</size>
         <input_file_ref idref="fl-4"/>
      </object_component>
      <object_component id="oc-2c6">
         <name>.text:uart_init</name>
         <load_address>0x32b2</load_address>
         <run_address>0x32b2</run_address>
         <size>0x5e</size>
         <input_file_ref idref="fl-b"/>
      </object_component>
      <object_component id="oc-1e7">
         <name>.text:add_to_run_queue</name>
         <load_address>0x3310</load_address>
         <run_address>0x3310</run_address>
         <size>0x5c</size>
         <input_file_ref idref="fl-14"/>
      </object_component>
      <object_component id="oc-183">
         <name>.text:uart0RX_interrupt</name>
         <load_address>0x336c</load_address>
         <run_address>0x336c</run_address>
         <size>0x5c</size>
         <input_file_ref idref="fl-b"/>
      </object_component>
      <object_component id="oc-213">
         <name>.text:copy_in</name>
         <load_address>0x33c8</load_address>
         <run_address>0x33c8</run_address>
         <size>0x5a</size>
         <input_file_ref idref="fl-62"/>
      </object_component>
      <object_component id="oc-3be">
         <name>.text:trx16BitRegAccess</name>
         <load_address>0x3422</load_address>
         <run_address>0x3422</run_address>
         <size>0x56</size>
         <input_file_ref idref="fl-9"/>
      </object_component>
      <object_component id="oc-2d2">
         <name>.text:cc112x_set_addr_check</name>
         <load_address>0x3478</load_address>
         <run_address>0x3478</run_address>
         <size>0x4e</size>
         <input_file_ref idref="fl-4"/>
      </object_component>
      <object_component id="oc-401">
         <name>.text:uart_putchar</name>
         <load_address>0x34c6</load_address>
         <run_address>0x34c6</run_address>
         <size>0x4e</size>
         <input_file_ref idref="fl-b"/>
      </object_component>
      <object_component id="oc-374">
         <name>.text:cc112xSpiReadReg</name>
         <load_address>0x3514</load_address>
         <run_address>0x3514</run_address>
         <size>0x4c</size>
         <input_file_ref idref="fl-8"/>
      </object_component>
      <object_component id="oc-34f">
         <name>.text:cc112xSpiWriteReg</name>
         <load_address>0x3560</load_address>
         <run_address>0x3560</run_address>
         <size>0x4c</size>
         <input_file_ref idref="fl-8"/>
      </object_component>
      <object_component id="oc-3e8">
         <name>.text:cc112x_set_symbol_rate</name>
         <load_address>0x35ac</load_address>
         <run_address>0x35ac</run_address>
         <size>0x4c</size>
         <input_file_ref idref="fl-4"/>
      </object_component>
      <object_component id="oc-13e">
         <name>.text</name>
         <load_address>0x35f8</load_address>
         <run_address>0x35f8</run_address>
         <size>0x4c</size>
         <input_file_ref idref="fl-4e"/>
      </object_component>
      <object_component id="oc-2e7">
         <name>.text:set_periodic_timer</name>
         <load_address>0x3644</load_address>
         <run_address>0x3644</run_address>
         <size>0x4a</size>
         <input_file_ref idref="fl-17"/>
      </object_component>
      <object_component id="oc-3d6">
         <name>.text:cc112x_set_mod</name>
         <load_address>0x368e</load_address>
         <run_address>0x368e</run_address>
         <size>0x48</size>
         <input_file_ref idref="fl-4"/>
      </object_component>
      <object_component id="oc-33d">
         <name>.text:trxRfSpiInterfaceInit</name>
         <load_address>0x36d6</load_address>
         <run_address>0x36d6</run_address>
         <size>0x48</size>
         <input_file_ref idref="fl-9"/>
      </object_component>
      <object_component id="oc-39f">
         <name>.text:cc112x_set_cca</name>
         <load_address>0x371e</load_address>
         <run_address>0x371e</run_address>
         <size>0x42</size>
         <input_file_ref idref="fl-4"/>
      </object_component>
      <object_component id="oc-3c4">
         <name>.text:trx8BitRegAccess</name>
         <load_address>0x3760</load_address>
         <run_address>0x3760</run_address>
         <size>0x42</size>
         <input_file_ref idref="fl-9"/>
      </object_component>
      <object_component id="oc-246">
         <name>.text:spi_init</name>
         <load_address>0x37a2</load_address>
         <run_address>0x37a2</run_address>
         <size>0x3c</size>
         <input_file_ref idref="fl-a"/>
      </object_component>
      <object_component id="oc-3dc">
         <name>.text:cc112x_set_sync_mode</name>
         <load_address>0x37de</load_address>
         <run_address>0x37de</run_address>
         <size>0x34</size>
         <input_file_ref idref="fl-4"/>
      </object_component>
      <object_component id="oc-17d">
         <name>.text:uart0TX_interrupt</name>
         <load_address>0x3812</load_address>
         <run_address>0x3812</run_address>
         <size>0x34</size>
         <input_file_ref idref="fl-b"/>
      </object_component>
      <object_component id="oc-3d0">
         <name>.text:cc112x_set_output_power</name>
         <load_address>0x3846</load_address>
         <run_address>0x3846</run_address>
         <size>0x30</size>
         <input_file_ref idref="fl-4"/>
      </object_component>
      <object_component id="oc-267">
         <name>.text</name>
         <load_address>0x3876</load_address>
         <run_address>0x3876</run_address>
         <size>0x2c</size>
         <input_file_ref idref="fl-37"/>
      </object_component>
      <object_component id="oc-139">
         <name>.text</name>
         <load_address>0x38a2</load_address>
         <run_address>0x38a2</run_address>
         <size>0x2c</size>
         <input_file_ref idref="fl-4c"/>
      </object_component>
      <object_component id="oc-37e">
         <name>.text:cc112x_set_rx_timeout</name>
         <load_address>0x38ce</load_address>
         <run_address>0x38ce</run_address>
         <size>0x2a</size>
         <input_file_ref idref="fl-4"/>
      </object_component>
      <object_component id="oc-343">
         <name>.text:trxSpiCmdStrobe</name>
         <load_address>0x38f8</load_address>
         <run_address>0x38f8</run_address>
         <size>0x2a</size>
         <input_file_ref idref="fl-9"/>
      </object_component>
      <object_component id="oc-1b6">
         <name>.text:main</name>
         <load_address>0x3922</load_address>
         <run_address>0x3922</run_address>
         <size>0x20</size>
         <input_file_ref idref="fl-2"/>
      </object_component>
      <object_component id="oc-189">
         <name>.text:timerB_interrupt_handler</name>
         <load_address>0x3942</load_address>
         <run_address>0x3942</run_address>
         <size>0x20</size>
         <input_file_ref idref="fl-17"/>
      </object_component>
      <object_component id="oc-355">
         <name>.text:cc112x_set_preamble</name>
         <load_address>0x3962</load_address>
         <run_address>0x3962</run_address>
         <size>0x1c</size>
         <input_file_ref idref="fl-4"/>
      </object_component>
      <object_component id="oc-240">
         <name>.text:timer_init</name>
         <load_address>0x397e</load_address>
         <run_address>0x397e</run_address>
         <size>0x1c</size>
         <input_file_ref idref="fl-17"/>
      </object_component>
      <object_component id="oc-6c">
         <name>.text:_c_int00_noargs_noexit</name>
         <load_address>0x399a</load_address>
         <run_address>0x399a</run_address>
         <size>0x1a</size>
         <input_file_ref idref="fl-33"/>
      </object_component>
      <object_component id="oc-23a">
         <name>.text:msp2zigv_init</name>
         <load_address>0x39b4</load_address>
         <run_address>0x39b4</run_address>
         <size>0x16</size>
         <input_file_ref idref="fl-3"/>
      </object_component>
      <object_component id="oc-308">
         <name>.text</name>
         <load_address>0x39ca</load_address>
         <run_address>0x39ca</run_address>
         <size>0x16</size>
         <input_file_ref idref="fl-38"/>
      </object_component>
      <object_component id="oc-4e">
         <name>.text:decompress:ZI:__TI_zero_init</name>
         <load_address>0x39e0</load_address>
         <run_address>0x39e0</run_address>
         <size>0x14</size>
         <input_file_ref idref="fl-36"/>
      </object_component>
      <object_component id="oc-2b7">
         <name>.text:msp430_init</name>
         <load_address>0x39f4</load_address>
         <run_address>0x39f4</run_address>
         <size>0x14</size>
         <input_file_ref idref="fl-16"/>
      </object_component>
      <object_component id="oc-288">
         <name>.text</name>
         <load_address>0x3a08</load_address>
         <run_address>0x3a08</run_address>
         <size>0x14</size>
         <input_file_ref idref="fl-54"/>
      </object_component>
      <object_component id="oc-395">
         <name>.text:uart_puts</name>
         <load_address>0x3a1c</load_address>
         <run_address>0x3a1c</run_address>
         <size>0x14</size>
         <input_file_ref idref="fl-b"/>
      </object_component>
      <object_component id="oc-39">
         <name>.text:decompress:none:__TI_decompress_none</name>
         <load_address>0x3a30</load_address>
         <run_address>0x3a30</run_address>
         <size>0x12</size>
         <input_file_ref idref="fl-35"/>
      </object_component>
      <object_component id="oc-153">
         <name>.text:memcpy</name>
         <load_address>0x3a42</load_address>
         <run_address>0x3a42</run_address>
         <size>0x12</size>
         <input_file_ref idref="fl-50"/>
      </object_component>
      <object_component id="oc-3fa">
         <name>.text:cc112xSpiWriteTxFifo</name>
         <load_address>0x3a54</load_address>
         <run_address>0x3a54</run_address>
         <size>0x10</size>
         <input_file_ref idref="fl-8"/>
      </object_component>
      <object_component id="oc-143">
         <name>.text</name>
         <load_address>0x3a64</load_address>
         <run_address>0x3a64</run_address>
         <size>0x10</size>
         <input_file_ref idref="fl-3a"/>
      </object_component>
      <object_component id="oc-3f1">
         <name>.text:cc112xSpiReadRxFifo</name>
         <load_address>0x3a74</load_address>
         <run_address>0x3a74</run_address>
         <size>0xe</size>
         <input_file_ref idref="fl-8"/>
      </object_component>
      <object_component id="oc-2d8">
         <name>.text:cc112x_sleep</name>
         <load_address>0x3a82</load_address>
         <run_address>0x3a82</run_address>
         <size>0xe</size>
         <input_file_ref idref="fl-4"/>
      </object_component>
      <object_component id="oc-160">
         <name>.text:_isr:__TI_ISR_TRAP</name>
         <load_address>0x3a90</load_address>
         <run_address>0x3a90</run_address>
         <size>0x8</size>
         <input_file_ref idref="fl-4b"/>
      </object_component>
      <object_component id="oc-1be">
         <name>.text:abort</name>
         <load_address>0x3a98</load_address>
         <run_address>0x3a98</run_address>
         <size>0x6</size>
         <input_file_ref idref="fl-3b"/>
      </object_component>
      <object_component id="oc-196">
         <name>.text:_system_pre_init</name>
         <load_address>0x3a9e</load_address>
         <run_address>0x3a9e</run_address>
         <size>0x4</size>
         <input_file_ref idref="fl-59"/>
      </object_component>
      <object_component id="oc-219">
         <name>.text:_system_post_cinit</name>
         <load_address>0x3aa2</load_address>
         <run_address>0x3aa2</run_address>
         <size>0x2</size>
         <input_file_ref idref="fl-65"/>
      </object_component>
      <object_component id="oc-458">
         <name>.cinit..data.load</name>
         <load_address>0x3bf0</load_address>
         <run_address>0x3bf0</run_address>
         <size>0xf</size>
      </object_component>
      <object_component id="oc-455">
         <name>__TI_handler_table</name>
         <load_address>0x3c00</load_address>
         <run_address>0x3c00</run_address>
         <size>0x6</size>
      </object_component>
      <object_component id="oc-457">
         <name>.cinit..bss.load</name>
         <load_address>0x3c06</load_address>
         <run_address>0x3c06</run_address>
         <size>0x4</size>
      </object_component>
      <object_component id="oc-456">
         <name>__TI_cinit_table</name>
         <load_address>0x3c0a</load_address>
         <run_address>0x3c0a</run_address>
         <size>0x8</size>
      </object_component>
      <object_component id="oc-394">
         <name>.const:.string</name>
         <load_address>0x3aa4</load_address>
         <run_address>0x3aa4</run_address>
         <size>0xac</size>
         <input_file_ref idref="fl-2"/>
      </object_component>
      <object_component id="oc-34c">
         <name>.const:preferredSettings</name>
         <load_address>0x3b50</load_address>
         <run_address>0x3b50</run_address>
         <size>0xa0</size>
         <input_file_ref idref="fl-4"/>
      </object_component>
      <object_component id="oc-422">
         <name>.binit</name>
         <load_address>0x2500</load_address>
         <run_address>0x2500</run_address>
         <size>0x0</size>
      </object_component>
      <object_component id="oc-3f">
         <name>.int00</name>
         <load_address>0xffe0</load_address>
         <run_address>0xffe0</run_address>
         <size>0x2</size>
         <input_file_ref idref="fl-43"/>
      </object_component>
      <object_component id="oc-40">
         <name>.int01</name>
         <load_address>0xffe2</load_address>
         <run_address>0xffe2</run_address>
         <size>0x2</size>
         <input_file_ref idref="fl-15"/>
      </object_component>
      <object_component id="oc-41">
         <name>.int02</name>
         <load_address>0xffe4</load_address>
         <run_address>0xffe4</run_address>
         <size>0x2</size>
         <input_file_ref idref="fl-44"/>
      </object_component>
      <object_component id="oc-42">
         <name>.int03</name>
         <load_address>0xffe6</load_address>
         <run_address>0xffe6</run_address>
         <size>0x2</size>
         <input_file_ref idref="fl-45"/>
      </object_component>
      <object_component id="oc-43">
         <name>.int04</name>
         <load_address>0xffe8</load_address>
         <run_address>0xffe8</run_address>
         <size>0x2</size>
         <input_file_ref idref="fl-15"/>
      </object_component>
      <object_component id="oc-44">
         <name>.int05</name>
         <load_address>0xffea</load_address>
         <run_address>0xffea</run_address>
         <size>0x2</size>
         <input_file_ref idref="fl-17"/>
      </object_component>
      <object_component id="oc-45">
         <name>.int06</name>
         <load_address>0xffec</load_address>
         <run_address>0xffec</run_address>
         <size>0x2</size>
         <input_file_ref idref="fl-17"/>
      </object_component>
      <object_component id="oc-46">
         <name>.int07</name>
         <load_address>0xffee</load_address>
         <run_address>0xffee</run_address>
         <size>0x2</size>
         <input_file_ref idref="fl-46"/>
      </object_component>
      <object_component id="oc-47">
         <name>.int08</name>
         <load_address>0xfff0</load_address>
         <run_address>0xfff0</run_address>
         <size>0x2</size>
         <input_file_ref idref="fl-b"/>
      </object_component>
      <object_component id="oc-48">
         <name>.int09</name>
         <load_address>0xfff2</load_address>
         <run_address>0xfff2</run_address>
         <size>0x2</size>
         <input_file_ref idref="fl-b"/>
      </object_component>
      <object_component id="oc-49">
         <name>.int10</name>
         <load_address>0xfff4</load_address>
         <run_address>0xfff4</run_address>
         <size>0x2</size>
         <input_file_ref idref="fl-47"/>
      </object_component>
      <object_component id="oc-4a">
         <name>.int11</name>
         <load_address>0xfff6</load_address>
         <run_address>0xfff6</run_address>
         <size>0x2</size>
         <input_file_ref idref="fl-48"/>
      </object_component>
      <object_component id="oc-4b">
         <name>.int12</name>
         <load_address>0xfff8</load_address>
         <run_address>0xfff8</run_address>
         <size>0x2</size>
         <input_file_ref idref="fl-49"/>
      </object_component>
      <object_component id="oc-4c">
         <name>.int13</name>
         <load_address>0xfffa</load_address>
         <run_address>0xfffa</run_address>
         <size>0x2</size>
         <input_file_ref idref="fl-17"/>
      </object_component>
      <object_component id="oc-4d">
         <name>.int14</name>
         <load_address>0xfffc</load_address>
         <run_address>0xfffc</run_address>
         <size>0x2</size>
         <input_file_ref idref="fl-4a"/>
      </object_component>
      <object_component id="oc-138">
         <name>.reset</name>
         <load_address>0xfffe</load_address>
         <run_address>0xfffe</run_address>
         <size>0x2</size>
         <input_file_ref idref="fl-32"/>
      </object_component>
      <object_component id="oc-27a">
         <name>.debug_info</name>
         <load_address>0x0</load_address>
         <run_address>0x0</run_address>
         <size>0x4ef</size>
         <input_file_ref idref="fl-2"/>
      </object_component>
      <object_component id="oc-38b">
         <name>.debug_info</name>
         <load_address>0x4ef</load_address>
         <run_address>0x4ef</run_address>
         <size>0x14b</size>
         <input_file_ref idref="fl-2"/>
      </object_component>
      <object_component id="oc-2c4">
         <name>.debug_info</name>
         <load_address>0x63a</load_address>
         <run_address>0x63a</run_address>
         <size>0xcd</size>
         <input_file_ref idref="fl-2"/>
      </object_component>
      <object_component id="oc-2df">
         <name>.debug_info</name>
         <load_address>0x707</load_address>
         <run_address>0x707</run_address>
         <size>0xd5</size>
         <input_file_ref idref="fl-2"/>
      </object_component>
      <object_component id="oc-2ee">
         <name>.debug_info</name>
         <load_address>0x7dc</load_address>
         <run_address>0x7dc</run_address>
         <size>0xd1</size>
         <input_file_ref idref="fl-2"/>
      </object_component>
      <object_component id="oc-2e2">
         <name>.debug_info</name>
         <load_address>0x8ad</load_address>
         <run_address>0x8ad</run_address>
         <size>0x26f</size>
         <input_file_ref idref="fl-2"/>
      </object_component>
      <object_component id="oc-2f1">
         <name>.debug_info</name>
         <load_address>0xb1c</load_address>
         <run_address>0xb1c</run_address>
         <size>0x239</size>
         <input_file_ref idref="fl-2"/>
      </object_component>
      <object_component id="oc-24d">
         <name>.debug_info</name>
         <load_address>0xd55</load_address>
         <run_address>0xd55</run_address>
         <size>0x1ee</size>
         <input_file_ref idref="fl-2"/>
      </object_component>
      <object_component id="oc-1b7">
         <name>.debug_info</name>
         <load_address>0xf43</load_address>
         <run_address>0xf43</run_address>
         <size>0x14a</size>
         <input_file_ref idref="fl-2"/>
      </object_component>
      <object_component id="oc-3b4">
         <name>.debug_info</name>
         <load_address>0x108d</load_address>
         <run_address>0x108d</run_address>
         <size>0x6b</size>
         <input_file_ref idref="fl-2"/>
      </object_component>
      <object_component id="oc-1ee">
         <name>.debug_info</name>
         <load_address>0x10f8</load_address>
         <run_address>0x10f8</run_address>
         <size>0x8b</size>
         <input_file_ref idref="fl-2"/>
      </object_component>
      <object_component id="oc-1fe">
         <name>.debug_info</name>
         <load_address>0x1183</load_address>
         <run_address>0x1183</run_address>
         <size>0x94</size>
         <input_file_ref idref="fl-2"/>
      </object_component>
      <object_component id="oc-3ac">
         <name>.debug_info</name>
         <load_address>0x1217</load_address>
         <run_address>0x1217</run_address>
         <size>0x2c</size>
         <input_file_ref idref="fl-2"/>
      </object_component>
      <object_component id="oc-2ff">
         <name>.debug_info</name>
         <load_address>0x1243</load_address>
         <run_address>0x1243</run_address>
         <size>0x9e</size>
         <input_file_ref idref="fl-2"/>
      </object_component>
      <object_component id="oc-325">
         <name>.debug_info</name>
         <load_address>0x12e1</load_address>
         <run_address>0x12e1</run_address>
         <size>0x2c</size>
         <input_file_ref idref="fl-2"/>
      </object_component>
      <object_component id="oc-319">
         <name>.debug_info</name>
         <load_address>0x130d</load_address>
         <run_address>0x130d</run_address>
         <size>0x55</size>
         <input_file_ref idref="fl-2"/>
      </object_component>
      <object_component id="oc-273">
         <name>.debug_info</name>
         <load_address>0x1362</load_address>
         <run_address>0x1362</run_address>
         <size>0x3f</size>
         <input_file_ref idref="fl-2"/>
      </object_component>
      <object_component id="oc-2be">
         <name>.debug_info</name>
         <load_address>0x13a1</load_address>
         <run_address>0x13a1</run_address>
         <size>0xe9</size>
         <input_file_ref idref="fl-3"/>
      </object_component>
      <object_component id="oc-23b">
         <name>.debug_info</name>
         <load_address>0x148a</load_address>
         <run_address>0x148a</run_address>
         <size>0x172</size>
         <input_file_ref idref="fl-3"/>
      </object_component>
      <object_component id="oc-14e">
         <name>.debug_info</name>
         <load_address>0x15fc</load_address>
         <run_address>0x15fc</run_address>
         <size>0x84</size>
         <input_file_ref idref="fl-3"/>
      </object_component>
      <object_component id="oc-3bb">
         <name>.debug_info</name>
         <load_address>0x1680</load_address>
         <run_address>0x1680</run_address>
         <size>0x391</size>
         <input_file_ref idref="fl-4"/>
      </object_component>
      <object_component id="oc-34a">
         <name>.debug_info</name>
         <load_address>0x1a11</load_address>
         <run_address>0x1a11</run_address>
         <size>0x188</size>
         <input_file_ref idref="fl-4"/>
      </object_component>
      <object_component id="oc-34d">
         <name>.debug_info</name>
         <load_address>0x1b99</load_address>
         <run_address>0x1b99</run_address>
         <size>0xe8</size>
         <input_file_ref idref="fl-4"/>
      </object_component>
      <object_component id="oc-35c">
         <name>.debug_info</name>
         <load_address>0x1c81</load_address>
         <run_address>0x1c81</run_address>
         <size>0x1ed</size>
         <input_file_ref idref="fl-4"/>
      </object_component>
      <object_component id="oc-368">
         <name>.debug_info</name>
         <load_address>0x1e6e</load_address>
         <run_address>0x1e6e</run_address>
         <size>0x42b</size>
         <input_file_ref idref="fl-4"/>
      </object_component>
      <object_component id="oc-2cd">
         <name>.debug_info</name>
         <load_address>0x2299</load_address>
         <run_address>0x2299</run_address>
         <size>0x238</size>
         <input_file_ref idref="fl-4"/>
      </object_component>
      <object_component id="oc-3d7">
         <name>.debug_info</name>
         <load_address>0x24d1</load_address>
         <run_address>0x24d1</run_address>
         <size>0x1cf</size>
         <input_file_ref idref="fl-4"/>
      </object_component>
      <object_component id="oc-3e9">
         <name>.debug_info</name>
         <load_address>0x26a0</load_address>
         <run_address>0x26a0</run_address>
         <size>0x2a6</size>
         <input_file_ref idref="fl-4"/>
      </object_component>
      <object_component id="oc-3d1">
         <name>.debug_info</name>
         <load_address>0x2946</load_address>
         <run_address>0x2946</run_address>
         <size>0x1cf</size>
         <input_file_ref idref="fl-4"/>
      </object_component>
      <object_component id="oc-356">
         <name>.debug_info</name>
         <load_address>0x2b15</load_address>
         <run_address>0x2b15</run_address>
         <size>0x194</size>
         <input_file_ref idref="fl-4"/>
      </object_component>
      <object_component id="oc-3dd">
         <name>.debug_info</name>
         <load_address>0x2ca9</load_address>
         <run_address>0x2ca9</run_address>
         <size>0x1b1</size>
         <input_file_ref idref="fl-4"/>
      </object_component>
      <object_component id="oc-2d3">
         <name>.debug_info</name>
         <load_address>0x2e5a</load_address>
         <run_address>0x2e5a</run_address>
         <size>0x203</size>
         <input_file_ref idref="fl-4"/>
      </object_component>
      <object_component id="oc-3e3">
         <name>.debug_info</name>
         <load_address>0x305d</load_address>
         <run_address>0x305d</run_address>
         <size>0x1ea</size>
         <input_file_ref idref="fl-4"/>
      </object_component>
      <object_component id="oc-3a0">
         <name>.debug_info</name>
         <load_address>0x3247</load_address>
         <run_address>0x3247</run_address>
         <size>0x1a5</size>
         <input_file_ref idref="fl-4"/>
      </object_component>
      <object_component id="oc-37f">
         <name>.debug_info</name>
         <load_address>0x33ec</load_address>
         <run_address>0x33ec</run_address>
         <size>0x1ea</size>
         <input_file_ref idref="fl-4"/>
      </object_component>
      <object_component id="oc-385">
         <name>.debug_info</name>
         <load_address>0x35d6</load_address>
         <run_address>0x35d6</run_address>
         <size>0x3a3</size>
         <input_file_ref idref="fl-4"/>
      </object_component>
      <object_component id="oc-38f">
         <name>.debug_info</name>
         <load_address>0x3979</load_address>
         <run_address>0x3979</run_address>
         <size>0x34e</size>
         <input_file_ref idref="fl-4"/>
      </object_component>
      <object_component id="oc-2d9">
         <name>.debug_info</name>
         <load_address>0x3cc7</load_address>
         <run_address>0x3cc7</run_address>
         <size>0x150</size>
         <input_file_ref idref="fl-4"/>
      </object_component>
      <object_component id="oc-36e">
         <name>.debug_info</name>
         <load_address>0x3e17</load_address>
         <run_address>0x3e17</run_address>
         <size>0x220</size>
         <input_file_ref idref="fl-4"/>
      </object_component>
      <object_component id="oc-3a7">
         <name>.debug_info</name>
         <load_address>0x4037</load_address>
         <run_address>0x4037</run_address>
         <size>0x4c</size>
         <input_file_ref idref="fl-4"/>
      </object_component>
      <object_component id="oc-3cb">
         <name>.debug_info</name>
         <load_address>0x4083</load_address>
         <run_address>0x4083</run_address>
         <size>0x1fd</size>
         <input_file_ref idref="fl-8"/>
      </object_component>
      <object_component id="oc-375">
         <name>.debug_info</name>
         <load_address>0x4280</load_address>
         <run_address>0x4280</run_address>
         <size>0x20e</size>
         <input_file_ref idref="fl-8"/>
      </object_component>
      <object_component id="oc-350">
         <name>.debug_info</name>
         <load_address>0x448e</load_address>
         <run_address>0x448e</run_address>
         <size>0x210</size>
         <input_file_ref idref="fl-8"/>
      </object_component>
      <object_component id="oc-3fb">
         <name>.debug_info</name>
         <load_address>0x469e</load_address>
         <run_address>0x469e</run_address>
         <size>0x1ac</size>
         <input_file_ref idref="fl-8"/>
      </object_component>
      <object_component id="oc-3f2">
         <name>.debug_info</name>
         <load_address>0x484a</load_address>
         <run_address>0x484a</run_address>
         <size>0x1aa</size>
         <input_file_ref idref="fl-8"/>
      </object_component>
      <object_component id="oc-412">
         <name>.debug_info</name>
         <load_address>0x49f4</load_address>
         <run_address>0x49f4</run_address>
         <size>0x29e</size>
         <input_file_ref idref="fl-9"/>
      </object_component>
      <object_component id="oc-33e">
         <name>.debug_info</name>
         <load_address>0x4c92</load_address>
         <run_address>0x4c92</run_address>
         <size>0x1ab</size>
         <input_file_ref idref="fl-9"/>
      </object_component>
      <object_component id="oc-3c5">
         <name>.debug_info</name>
         <load_address>0x4e3d</load_address>
         <run_address>0x4e3d</run_address>
         <size>0x244</size>
         <input_file_ref idref="fl-9"/>
      </object_component>
      <object_component id="oc-3bf">
         <name>.debug_info</name>
         <load_address>0x5081</load_address>
         <run_address>0x5081</run_address>
         <size>0x271</size>
         <input_file_ref idref="fl-9"/>
      </object_component>
      <object_component id="oc-344">
         <name>.debug_info</name>
         <load_address>0x52f2</load_address>
         <run_address>0x52f2</run_address>
         <size>0x187</size>
         <input_file_ref idref="fl-9"/>
      </object_component>
      <object_component id="oc-40c">
         <name>.debug_info</name>
         <load_address>0x5479</load_address>
         <run_address>0x5479</run_address>
         <size>0x1d8</size>
         <input_file_ref idref="fl-9"/>
      </object_component>
      <object_component id="oc-247">
         <name>.debug_info</name>
         <load_address>0x5651</load_address>
         <run_address>0x5651</run_address>
         <size>0x120</size>
         <input_file_ref idref="fl-a"/>
      </object_component>
      <object_component id="oc-285">
         <name>.debug_info</name>
         <load_address>0x5771</load_address>
         <run_address>0x5771</run_address>
         <size>0x40f</size>
         <input_file_ref idref="fl-b"/>
      </object_component>
      <object_component id="oc-20c">
         <name>.debug_info</name>
         <load_address>0x5b80</load_address>
         <run_address>0x5b80</run_address>
         <size>0xd5</size>
         <input_file_ref idref="fl-b"/>
      </object_component>
      <object_component id="oc-205">
         <name>.debug_info</name>
         <load_address>0x5c55</load_address>
         <run_address>0x5c55</run_address>
         <size>0xd5</size>
         <input_file_ref idref="fl-b"/>
      </object_component>
      <object_component id="oc-208">
         <name>.debug_info</name>
         <load_address>0x5d2a</load_address>
         <run_address>0x5d2a</run_address>
         <size>0xf3</size>
         <input_file_ref idref="fl-b"/>
      </object_component>
      <object_component id="oc-2c7">
         <name>.debug_info</name>
         <load_address>0x5e1d</load_address>
         <run_address>0x5e1d</run_address>
         <size>0x128</size>
         <input_file_ref idref="fl-b"/>
      </object_component>
      <object_component id="oc-402">
         <name>.debug_info</name>
         <load_address>0x5f45</load_address>
         <run_address>0x5f45</run_address>
         <size>0x15d</size>
         <input_file_ref idref="fl-b"/>
      </object_component>
      <object_component id="oc-396">
         <name>.debug_info</name>
         <load_address>0x60a2</load_address>
         <run_address>0x60a2</run_address>
         <size>0x165</size>
         <input_file_ref idref="fl-b"/>
      </object_component>
      <object_component id="oc-184">
         <name>.debug_info</name>
         <load_address>0x6207</load_address>
         <run_address>0x6207</run_address>
         <size>0x166</size>
         <input_file_ref idref="fl-b"/>
      </object_component>
      <object_component id="oc-17e">
         <name>.debug_info</name>
         <load_address>0x636d</load_address>
         <run_address>0x636d</run_address>
         <size>0x13c</size>
         <input_file_ref idref="fl-b"/>
      </object_component>
      <object_component id="oc-320">
         <name>.debug_info</name>
         <load_address>0x64a9</load_address>
         <run_address>0x64a9</run_address>
         <size>0xc8</size>
         <input_file_ref idref="fl-b"/>
      </object_component>
      <object_component id="oc-27e">
         <name>.debug_info</name>
         <load_address>0x6571</load_address>
         <run_address>0x6571</run_address>
         <size>0xb3</size>
         <input_file_ref idref="fl-b"/>
      </object_component>
      <object_component id="oc-26d">
         <name>.debug_info</name>
         <load_address>0x6624</load_address>
         <run_address>0x6624</run_address>
         <size>0x1e9</size>
         <input_file_ref idref="fl-14"/>
      </object_component>
      <object_component id="oc-265">
         <name>.debug_info</name>
         <load_address>0x680d</load_address>
         <run_address>0x680d</run_address>
         <size>0xcf</size>
         <input_file_ref idref="fl-14"/>
      </object_component>
      <object_component id="oc-262">
         <name>.debug_info</name>
         <load_address>0x68dc</load_address>
         <run_address>0x68dc</run_address>
         <size>0x123</size>
         <input_file_ref idref="fl-14"/>
      </object_component>
      <object_component id="oc-1e8">
         <name>.debug_info</name>
         <load_address>0x69ff</load_address>
         <run_address>0x69ff</run_address>
         <size>0x1ba</size>
         <input_file_ref idref="fl-14"/>
      </object_component>
      <object_component id="oc-253">
         <name>.debug_info</name>
         <load_address>0x6bb9</load_address>
         <run_address>0x6bb9</run_address>
         <size>0x156</size>
         <input_file_ref idref="fl-14"/>
      </object_component>
      <object_component id="oc-260">
         <name>.debug_info</name>
         <load_address>0x6d0f</load_address>
         <run_address>0x6d0f</run_address>
         <size>0x2f6</size>
         <input_file_ref idref="fl-15"/>
      </object_component>
      <object_component id="oc-1e5">
         <name>.debug_info</name>
         <load_address>0x7005</load_address>
         <run_address>0x7005</run_address>
         <size>0xdc</size>
         <input_file_ref idref="fl-15"/>
      </object_component>
      <object_component id="oc-362">
         <name>.debug_info</name>
         <load_address>0x70e1</load_address>
         <run_address>0x70e1</run_address>
         <size>0x2dd</size>
         <input_file_ref idref="fl-15"/>
      </object_component>
      <object_component id="oc-16c">
         <name>.debug_info</name>
         <load_address>0x73be</load_address>
         <run_address>0x73be</run_address>
         <size>0x1c2</size>
         <input_file_ref idref="fl-15"/>
      </object_component>
      <object_component id="oc-166">
         <name>.debug_info</name>
         <load_address>0x7580</load_address>
         <run_address>0x7580</run_address>
         <size>0x1c2</size>
         <input_file_ref idref="fl-15"/>
      </object_component>
      <object_component id="oc-2fa">
         <name>.debug_info</name>
         <load_address>0x7742</load_address>
         <run_address>0x7742</run_address>
         <size>0xb0</size>
         <input_file_ref idref="fl-15"/>
      </object_component>
      <object_component id="oc-2b8">
         <name>.debug_info</name>
         <load_address>0x77f2</load_address>
         <run_address>0x77f2</run_address>
         <size>0x102</size>
         <input_file_ref idref="fl-16"/>
      </object_component>
      <object_component id="oc-270">
         <name>.debug_info</name>
         <load_address>0x78f4</load_address>
         <run_address>0x78f4</run_address>
         <size>0x34d</size>
         <input_file_ref idref="fl-17"/>
      </object_component>
      <object_component id="oc-1f8">
         <name>.debug_info</name>
         <load_address>0x7c41</load_address>
         <run_address>0x7c41</run_address>
         <size>0x22d</size>
         <input_file_ref idref="fl-17"/>
      </object_component>
      <object_component id="oc-1f5">
         <name>.debug_info</name>
         <load_address>0x7e6e</load_address>
         <run_address>0x7e6e</run_address>
         <size>0xdc</size>
         <input_file_ref idref="fl-17"/>
      </object_component>
      <object_component id="oc-1fb">
         <name>.debug_info</name>
         <load_address>0x7f4a</load_address>
         <run_address>0x7f4a</run_address>
         <size>0xe4</size>
         <input_file_ref idref="fl-17"/>
      </object_component>
      <object_component id="oc-241">
         <name>.debug_info</name>
         <load_address>0x802e</load_address>
         <run_address>0x802e</run_address>
         <size>0x115</size>
         <input_file_ref idref="fl-17"/>
      </object_component>
      <object_component id="oc-2e8">
         <name>.debug_info</name>
         <load_address>0x8143</load_address>
         <run_address>0x8143</run_address>
         <size>0x1aa</size>
         <input_file_ref idref="fl-17"/>
      </object_component>
      <object_component id="oc-178">
         <name>.debug_info</name>
         <load_address>0x82ed</load_address>
         <run_address>0x82ed</run_address>
         <size>0x183</size>
         <input_file_ref idref="fl-17"/>
      </object_component>
      <object_component id="oc-172">
         <name>.debug_info</name>
         <load_address>0x8470</load_address>
         <run_address>0x8470</run_address>
         <size>0x1ce</size>
         <input_file_ref idref="fl-17"/>
      </object_component>
      <object_component id="oc-18a">
         <name>.debug_info</name>
         <load_address>0x863e</load_address>
         <run_address>0x863e</run_address>
         <size>0x135</size>
         <input_file_ref idref="fl-17"/>
      </object_component>
      <object_component id="oc-312">
         <name>.debug_info</name>
         <load_address>0x8773</load_address>
         <run_address>0x8773</run_address>
         <size>0x87</size>
         <input_file_ref idref="fl-17"/>
      </object_component>
      <object_component id="oc-136">
         <name>.debug_info</name>
         <load_address>0x87fa</load_address>
         <run_address>0x87fa</run_address>
         <size>0xf5</size>
         <input_file_ref idref="fl-32"/>
      </object_component>
      <object_component id="oc-6e">
         <name>.debug_info</name>
         <load_address>0x88ef</load_address>
         <run_address>0x88ef</run_address>
         <size>0x196</size>
         <input_file_ref idref="fl-33"/>
      </object_component>
      <object_component id="oc-1d4">
         <name>.debug_info</name>
         <load_address>0x8a85</load_address>
         <run_address>0x8a85</run_address>
         <size>0x16b</size>
         <input_file_ref idref="fl-34"/>
      </object_component>
      <object_component id="oc-37">
         <name>.debug_info</name>
         <load_address>0x8bf0</load_address>
         <run_address>0x8bf0</run_address>
         <size>0x287</size>
         <input_file_ref idref="fl-34"/>
      </object_component>
      <object_component id="oc-149">
         <name>.debug_info</name>
         <load_address>0x8e77</load_address>
         <run_address>0x8e77</run_address>
         <size>0x60</size>
         <input_file_ref idref="fl-34"/>
      </object_component>
      <object_component id="oc-1cf">
         <name>.debug_info</name>
         <load_address>0x8ed7</load_address>
         <run_address>0x8ed7</run_address>
         <size>0x46</size>
         <input_file_ref idref="fl-34"/>
      </object_component>
      <object_component id="oc-15f">
         <name>.debug_info</name>
         <load_address>0x8f1d</load_address>
         <run_address>0x8f1d</run_address>
         <size>0x1b2</size>
         <input_file_ref idref="fl-35"/>
      </object_component>
      <object_component id="oc-3a">
         <name>.debug_info</name>
         <load_address>0x90cf</load_address>
         <run_address>0x90cf</run_address>
         <size>0x1df</size>
         <input_file_ref idref="fl-35"/>
      </object_component>
      <object_component id="oc-15a">
         <name>.debug_info</name>
         <load_address>0x92ae</load_address>
         <run_address>0x92ae</run_address>
         <size>0x46</size>
         <input_file_ref idref="fl-35"/>
      </object_component>
      <object_component id="oc-1dc">
         <name>.debug_info</name>
         <load_address>0x92f4</load_address>
         <run_address>0x92f4</run_address>
         <size>0x2c</size>
         <input_file_ref idref="fl-35"/>
      </object_component>
      <object_component id="oc-195">
         <name>.debug_info</name>
         <load_address>0x9320</load_address>
         <run_address>0x9320</run_address>
         <size>0x16a</size>
         <input_file_ref idref="fl-36"/>
      </object_component>
      <object_component id="oc-4f">
         <name>.debug_info</name>
         <load_address>0x948a</load_address>
         <run_address>0x948a</run_address>
         <size>0x1b5</size>
         <input_file_ref idref="fl-36"/>
      </object_component>
      <object_component id="oc-190">
         <name>.debug_info</name>
         <load_address>0x963f</load_address>
         <run_address>0x963f</run_address>
         <size>0x46</size>
         <input_file_ref idref="fl-36"/>
      </object_component>
      <object_component id="oc-1d7">
         <name>.debug_info</name>
         <load_address>0x9685</load_address>
         <run_address>0x9685</run_address>
         <size>0x2c</size>
         <input_file_ref idref="fl-36"/>
      </object_component>
      <object_component id="oc-268">
         <name>.debug_info</name>
         <load_address>0x96b1</load_address>
         <run_address>0x96b1</run_address>
         <size>0x12d</size>
         <input_file_ref idref="fl-37"/>
      </object_component>
      <object_component id="oc-30a">
         <name>.debug_info</name>
         <load_address>0x97de</load_address>
         <run_address>0x97de</run_address>
         <size>0x119</size>
         <input_file_ref idref="fl-38"/>
      </object_component>
      <object_component id="oc-144">
         <name>.debug_info</name>
         <load_address>0x98f7</load_address>
         <run_address>0x98f7</run_address>
         <size>0x126</size>
         <input_file_ref idref="fl-3a"/>
      </object_component>
      <object_component id="oc-1bf">
         <name>.debug_info</name>
         <load_address>0x9a1d</load_address>
         <run_address>0x9a1d</run_address>
         <size>0x117</size>
         <input_file_ref idref="fl-3b"/>
      </object_component>
      <object_component id="oc-161">
         <name>.debug_info</name>
         <load_address>0x9b34</load_address>
         <run_address>0x9b34</run_address>
         <size>0x107</size>
         <input_file_ref idref="fl-4b"/>
      </object_component>
      <object_component id="oc-13a">
         <name>.debug_info</name>
         <load_address>0x9c3b</load_address>
         <run_address>0x9c3b</run_address>
         <size>0x118</size>
         <input_file_ref idref="fl-4c"/>
      </object_component>
      <object_component id="oc-13f">
         <name>.debug_info</name>
         <load_address>0x9d53</load_address>
         <run_address>0x9d53</run_address>
         <size>0x118</size>
         <input_file_ref idref="fl-4e"/>
      </object_component>
      <object_component id="oc-1d6">
         <name>.debug_info</name>
         <load_address>0x9e6b</load_address>
         <run_address>0x9e6b</run_address>
         <size>0x16d</size>
         <input_file_ref idref="fl-50"/>
      </object_component>
      <object_component id="oc-154">
         <name>.debug_info</name>
         <load_address>0x9fd8</load_address>
         <run_address>0x9fd8</run_address>
         <size>0x191</size>
         <input_file_ref idref="fl-50"/>
      </object_component>
      <object_component id="oc-289">
         <name>.debug_info</name>
         <load_address>0xa169</load_address>
         <run_address>0xa169</run_address>
         <size>0x117</size>
         <input_file_ref idref="fl-54"/>
      </object_component>
      <object_component id="oc-197">
         <name>.debug_info</name>
         <load_address>0xa280</load_address>
         <run_address>0xa280</run_address>
         <size>0x148</size>
         <input_file_ref idref="fl-59"/>
      </object_component>
      <object_component id="oc-225">
         <name>.debug_info</name>
         <load_address>0xa3c8</load_address>
         <run_address>0xa3c8</run_address>
         <size>0x3d7</size>
         <input_file_ref idref="fl-61"/>
      </object_component>
      <object_component id="oc-1a0">
         <name>.debug_info</name>
         <load_address>0xa79f</load_address>
         <run_address>0xa79f</run_address>
         <size>0x1ff</size>
         <input_file_ref idref="fl-61"/>
      </object_component>
      <object_component id="oc-292">
         <name>.debug_info</name>
         <load_address>0xa99e</load_address>
         <run_address>0xa99e</run_address>
         <size>0x39</size>
         <input_file_ref idref="fl-61"/>
      </object_component>
      <object_component id="oc-220">
         <name>.debug_info</name>
         <load_address>0xa9d7</load_address>
         <run_address>0xa9d7</run_address>
         <size>0x2c</size>
         <input_file_ref idref="fl-61"/>
      </object_component>
      <object_component id="oc-297">
         <name>.debug_info</name>
         <load_address>0xaa03</load_address>
         <run_address>0xaa03</run_address>
         <size>0xcd</size>
         <input_file_ref idref="fl-61"/>
      </object_component>
      <object_component id="oc-28e">
         <name>.debug_info</name>
         <load_address>0xaad0</load_address>
         <run_address>0xaad0</run_address>
         <size>0x252</size>
         <input_file_ref idref="fl-62"/>
      </object_component>
      <object_component id="oc-215">
         <name>.debug_info</name>
         <load_address>0xad22</load_address>
         <run_address>0xad22</run_address>
         <size>0x1b0</size>
         <input_file_ref idref="fl-62"/>
      </object_component>
      <object_component id="oc-32d">
         <name>.debug_info</name>
         <load_address>0xaed2</load_address>
         <run_address>0xaed2</run_address>
         <size>0x2c</size>
         <input_file_ref idref="fl-62"/>
      </object_component>
      <object_component id="oc-21b">
         <name>.debug_info</name>
         <load_address>0xaefe</load_address>
         <run_address>0xaefe</run_address>
         <size>0x145</size>
         <input_file_ref idref="fl-65"/>
      </object_component>
      <object_component id="oc-45a">
         <name>.debug_info</name>
         <load_address>0xb043</load_address>
         <run_address>0xb043</run_address>
         <size>0x92</size>
      </object_component>
      <object_component id="oc-318">
         <name>.debug_line</name>
         <load_address>0x0</load_address>
         <run_address>0x0</run_address>
         <size>0x1c4</size>
         <input_file_ref idref="fl-2"/>
      </object_component>
      <object_component id="oc-3f9">
         <name>.debug_line</name>
         <load_address>0x1c4</load_address>
         <run_address>0x1c4</run_address>
         <size>0x31</size>
         <input_file_ref idref="fl-2"/>
      </object_component>
      <object_component id="oc-33b">
         <name>.debug_line</name>
         <load_address>0x1f5</load_address>
         <run_address>0x1f5</run_address>
         <size>0x31</size>
         <input_file_ref idref="fl-2"/>
      </object_component>
      <object_component id="oc-37d">
         <name>.debug_line</name>
         <load_address>0x226</load_address>
         <run_address>0x226</run_address>
         <size>0x31</size>
         <input_file_ref idref="fl-2"/>
      </object_component>
      <object_component id="oc-39e">
         <name>.debug_line</name>
         <load_address>0x257</load_address>
         <run_address>0x257</run_address>
         <size>0x31</size>
         <input_file_ref idref="fl-2"/>
      </object_component>
      <object_component id="oc-2e5">
         <name>.debug_line</name>
         <load_address>0x288</load_address>
         <run_address>0x288</run_address>
         <size>0x97</size>
         <input_file_ref idref="fl-2"/>
      </object_component>
      <object_component id="oc-2f4">
         <name>.debug_line</name>
         <load_address>0x31f</load_address>
         <run_address>0x31f</run_address>
         <size>0x99</size>
         <input_file_ref idref="fl-2"/>
      </object_component>
      <object_component id="oc-250">
         <name>.debug_line</name>
         <load_address>0x3b8</load_address>
         <run_address>0x3b8</run_address>
         <size>0x59</size>
         <input_file_ref idref="fl-2"/>
      </object_component>
      <object_component id="oc-1ba">
         <name>.debug_line</name>
         <load_address>0x411</load_address>
         <run_address>0x411</run_address>
         <size>0x4d</size>
         <input_file_ref idref="fl-2"/>
      </object_component>
      <object_component id="oc-3b7">
         <name>.debug_line</name>
         <load_address>0x45e</load_address>
         <run_address>0x45e</run_address>
         <size>0x67</size>
         <input_file_ref idref="fl-2"/>
      </object_component>
      <object_component id="oc-1f1">
         <name>.debug_line</name>
         <load_address>0x4c5</load_address>
         <run_address>0x4c5</run_address>
         <size>0x20</size>
         <input_file_ref idref="fl-2"/>
      </object_component>
      <object_component id="oc-201">
         <name>.debug_line</name>
         <load_address>0x4e5</load_address>
         <run_address>0x4e5</run_address>
         <size>0x55</size>
         <input_file_ref idref="fl-2"/>
      </object_component>
      <object_component id="oc-3af">
         <name>.debug_line</name>
         <load_address>0x53a</load_address>
         <run_address>0x53a</run_address>
         <size>0x50</size>
         <input_file_ref idref="fl-2"/>
      </object_component>
      <object_component id="oc-302">
         <name>.debug_line</name>
         <load_address>0x58a</load_address>
         <run_address>0x58a</run_address>
         <size>0x49</size>
[...]
      </symbol>
      <symbol id="sm-15b">
         <name>tx_fifo_last</name>
         <value>0x12b9</value>
         <object_component_ref idref="oc-38a"/>
      </symbol>
      <symbol id="sm-15c">
         <name>main</name>
         <value>0x3922</value>
         <object_component_ref idref="oc-1b6"/>
      </symbol>
      <symbol id="sm-15d">
         <name>ricer_init</name>
         <value>0x2f86</value>
         <object_component_ref idref="oc-24c"/>
      </symbol>
      <symbol id="sm-171">
         <name>msp2zigv_init</name>
         <value>0x39b4</value>
         <object_component_ref idref="oc-23a"/>
      </symbol>
      <symbol id="sm-22e">
         <name>cc112x_data_mode</name>
         <value>0x31e0</value>
         <object_component_ref idref="oc-36d"/>
      </symbol>
      <symbol id="sm-22f">
         <name>cc112x_set_mod</name>
         <value>0x368e</value>
         <object_component_ref idref="oc-3d6"/>
      </symbol>
      <symbol id="sm-230">
         <name>cc112x_set_preamble</name>
         <value>0x3962</value>
         <object_component_ref idref="oc-355"/>
      </symbol>
      <symbol id="sm-231">
         <name>cc112x_set_sync_mode</name>
         <value>0x37de</value>
         <object_component_ref idref="oc-3dc"/>
      </symbol>
      <symbol id="sm-232">
         <name>cc112x_sleep</name>
         <value>0x3a82</value>
         <object_component_ref idref="oc-2d8"/>
      </symbol>
      <symbol id="sm-233">
         <name>cc112x_set_output_power</name>
         <value>0x3846</value>
         <object_component_ref idref="oc-3d0"/>
      </symbol>
      <symbol id="sm-234">
         <name>cc112x_rx_pkt</name>
         <value>0x2690</value>
         <object_component_ref idref="oc-384"/>
      </symbol>
      <symbol id="sm-235">
         <name>cc112x_tx_pkt</name>
         <value>0x2956</value>
         <object_component_ref idref="oc-38e"/>
      </symbol>
      <symbol id="sm-236">
         <name>cc112x_set_crc</name>
         <value>0x3006</value>
         <object_component_ref idref="oc-3e2"/>
      </symbol>
      <symbol id="sm-237">
         <name>cc112x_init</name>
         <value>0x324a</value>
         <object_component_ref idref="oc-2cc"/>
      </symbol>
      <symbol id="sm-238">
         <name>cc112x_set_rx_timeout</name>
         <value>0x38ce</value>
         <object_component_ref idref="oc-37e"/>
      </symbol>
      <symbol id="sm-239">
         <name>cc112x_set_addr_check</name>
         <value>0x3478</value>
         <object_component_ref idref="oc-2d2"/>
      </symbol>
      <symbol id="sm-23a">
         <name>cc112x_set_cca</name>
         <value>0x371e</value>
         <object_component_ref idref="oc-39f"/>
      </symbol>
      <symbol id="sm-23b">
         <name>cc112x_set_symbol_rate</name>
         <value>0x35ac</value>
         <object_component_ref idref="oc-3e8"/>
      </symbol>
      <symbol id="sm-267">
         <name>cc112xSpiReadRxFifo</name>
         <value>0x3a74</value>
         <object_component_ref idref="oc-3f1"/>
      </symbol>
      <symbol id="sm-268">
         <name>cc112xSpiWriteTxFifo</name>
         <value>0x3a54</value>
         <object_component_ref idref="oc-3fa"/>
      </symbol>
      <symbol id="sm-269">
         <name>cc112xSpiWriteReg</name>
         <value>0x3560</value>
         <object_component_ref idref="oc-34f"/>
      </symbol>
      <symbol id="sm-26a">
         <name>cc112xSpiReadReg</name>
         <value>0x3514</value>
         <object_component_ref idref="oc-374"/>
      </symbol>
      <symbol id="sm-2a5">
         <name>trxRfSpiInterfaceInit</name>
         <value>0x36d6</value>
         <object_component_ref idref="oc-33d"/>
      </symbol>
      <symbol id="sm-2a6">
         <name>trxSpiCmdStrobe</name>
         <value>0x38f8</value>
         <object_component_ref idref="oc-343"/>
      </symbol>
      <symbol id="sm-2a7">
         <name>trx8BitRegAccess</name>
         <value>0x3760</value>
         <object_component_ref idref="oc-3c4"/>
      </symbol>
      <symbol id="sm-2a8">
         <name>trx16BitRegAccess</name>
         <value>0x3422</value>
         <object_component_ref idref="oc-3be"/>
      </symbol>
      <symbol id="sm-2b1">
         <name>spi_init</name>
         <value>0x37a2</value>
         <object_component_ref idref="oc-246"/>
      </symbol>
      <symbol id="sm-304">
         <name>__TI_int08</name>
         <value>0xfff0</value>
         <object_component_ref idref="oc-47"/>
      </symbol>
      <symbol id="sm-305">
         <name>__TI_int09</name>
         <value>0xfff2</value>
         <object_component_ref idref="oc-48"/>
      </symbol>
      <symbol id="sm-306">
         <name>uart_putchar</name>
         <value>0x34c6</value>
         <object_component_ref idref="oc-401"/>
      </symbol>
      <symbol id="sm-307">
         <name>uart_puts</name>
         <value>0x3a1c</value>
         <object_component_ref idref="oc-395"/>
      </symbol>
      <symbol id="sm-308">
         <name>uart_init</name>
         <value>0x32b2</value>
         <object_component_ref idref="oc-2c6"/>
      </symbol>
      <symbol id="sm-309">
         <name>uart0RX_interrupt</name>
         <value>0x336c</value>
         <object_component_ref idref="oc-183"/>
      </symbol>
      <symbol id="sm-30a">
         <name>uart0TX_interrupt</name>
         <value>0x3812</value>
         <object_component_ref idref="oc-17d"/>
      </symbol>
      <symbol id="sm-33b">
         <name>schedule_thread</name>
         <value>0x3310</value>
         <object_component_ref idref="oc-1e7"/>
      </symbol>
      <symbol id="sm-33c">
         <name>register_thread</name>
         <value>0x3310</value>
         <object_component_ref idref="oc-1e7"/>
      </symbol>
      <symbol id="sm-33d">
         <name>start_threads</name>
         <value>0x3172</value>
         <object_component_ref idref="oc-252"/>
      </symbol>
      <symbol id="sm-374">
         <name>port2_handler</name>
         <value>0x2d6c</value>
         <object_component_ref idref="oc-165"/>
      </symbol>
      <symbol id="sm-375">
         <name>__TI_int04</name>
         <value>0xffe8</value>
         <object_component_ref idref="oc-43"/>
      </symbol>
      <symbol id="sm-376">
         <name>__TI_int01</name>
         <value>0xffe2</value>
         <object_component_ref idref="oc-40"/>
      </symbol>
      <symbol id="sm-377">
         <name>port1_handler</name>
         <value>0x2cda</value>
         <object_component_ref idref="oc-16b"/>
      </symbol>
      <symbol id="sm-378">
         <name>io_interrupts_add_func_handler</name>
         <value>0x2c38</value>
         <object_component_ref idref="oc-361"/>
      </symbol>
      <symbol id="sm-381">
         <name>msp430_init</name>
         <value>0x39f4</value>
         <object_component_ref idref="oc-2b7"/>
      </symbol>
      <symbol id="sm-3e0">
         <name>__TI_int06</name>
         <value>0xffec</value>
         <object_component_ref idref="oc-45"/>
      </symbol>
      <symbol id="sm-3e1">
         <name>__TI_int05</name>
         <value>0xffea</value>
         <object_component_ref idref="oc-44"/>
      </symbol>
      <symbol id="sm-3e2">
         <name>__TI_int13</name>
         <value>0xfffa</value>
         <object_component_ref idref="oc-4c"/>
      </symbol>
      <symbol id="sm-3e3">
         <name>_tb_rate</name>
         <value>0x12aa</value>
         <object_component_ref idref="oc-1f7"/>
      </symbol>
      <symbol id="sm-3e4">
         <name>timerA1_interrupt_handler</name>
         <value>0x2808</value>
         <object_component_ref idref="oc-171"/>
      </symbol>
      <symbol id="sm-3e5">
         <name>timer_init</name>
         <value>0x397e</value>
         <object_component_ref idref="oc-240"/>
      </symbol>
      <symbol id="sm-3e6">
         <name>timerA_interrupt_handler</name>
         <value>0x30fe</value>
         <object_component_ref idref="oc-177"/>
      </symbol>
      <symbol id="sm-3e7">
         <name>set_periodic_timer</name>
         <value>0x3644</value>
         <object_component_ref idref="oc-2e7"/>
      </symbol>
      <symbol id="sm-3e8">
         <name>timerB_interrupt_handler</name>
         <value>0x3942</value>
         <object_component_ref idref="oc-189"/>
      </symbol>
      <symbol id="sm-3f0">
         <name>_stack</name>
         <value>0x24b0</value>
         <object_component_ref idref="oc-135"/>
      </symbol>
      <symbol id="sm-3f1">
         <name>_reset_vector</name>
         <value>0xfffe</value>
         <object_component_ref idref="oc-138"/>
      </symbol>
      <symbol id="sm-3fb">
         <name>_c_int00_noargs_noexit</name>
         <value>0x399a</value>
         <object_component_ref idref="oc-6c"/>
      </symbol>
      <symbol id="sm-419">
         <name>__TI_decompress_lzss</name>
         <value>0x3082</value>
         <object_component_ref idref="oc-33"/>
      </symbol>
      <symbol id="sm-42f">
         <name>__TI_decompress_none</name>
         <value>0x3a30</value>
         <object_component_ref idref="oc-39"/>
      </symbol>
      <symbol id="sm-447">
         <name>__TI_zero_init</name>
         <value>0x39e0</value>
         <object_component_ref idref="oc-4e"/>
      </symbol>
      <symbol id="sm-453">
         <name>__mspabi_remi</name>
         <value>0x3876</value>
         <object_component_ref idref="oc-267"/>
      </symbol>
      <symbol id="sm-454">
         <name>__mspabi_divi</name>
         <value>0x3876</value>
         <object_component_ref idref="oc-267"/>
      </symbol>
      <symbol id="sm-45e">
         <name>__mspabi_remu</name>
         <value>0x39ca</value>
         <object_component_ref idref="oc-308"/>
      </symbol>
      <symbol id="sm-45f">
         <name>__mspabi_divu</name>
         <value>0x39ca</value>
         <object_component_ref idref="oc-308"/>
      </symbol>
      <symbol id="sm-469">
         <name>__mspabi_func_epilog_2</name>
         <value>0x3a6e</value>
         <object_component_ref idref="oc-143"/>
      </symbol>
      <symbol id="sm-46a">
         <name>__mspabi_func_epilog_3</name>
         <value>0x3a6c</value>
         <object_component_ref idref="oc-143"/>
      </symbol>
      <symbol id="sm-46b">
         <name>__mspabi_func_epilog_1</name>
         <value>0x3a70</value>
         <object_component_ref idref="oc-143"/>
      </symbol>
      <symbol id="sm-46c">
         <name>__mspabi_func_epilog_6</name>
         <value>0x3a66</value>
         <object_component_ref idref="oc-143"/>
      </symbol>
      <symbol id="sm-46d">
         <name>__mspabi_func_epilog_7</name>
         <value>0x3a64</value>
         <object_component_ref idref="oc-143"/>
      </symbol>
      <symbol id="sm-46e">
         <name>__mspabi_func_epilog_4</name>
         <value>0x3a6a</value>
         <object_component_ref idref="oc-143"/>
      </symbol>
      <symbol id="sm-46f">
         <name>__mspabi_func_epilog_5</name>
         <value>0x3a68</value>
         <object_component_ref idref="oc-143"/>
      </symbol>
      <symbol id="sm-479">
         <name>C$$EXIT</name>
         <value>0x3a98</value>
         <object_component_ref idref="oc-1be"/>
      </symbol>
      <symbol id="sm-47a">
         <name>abort</name>
         <value>0x3a98</value>
         <object_component_ref idref="oc-1be"/>
      </symbol>
      <symbol id="sm-484">
         <name>__TI_int00</name>
         <value>0xffe0</value>
         <object_component_ref idref="oc-3f"/>
      </symbol>
      <symbol id="sm-487">
         <name>__TI_int02</name>
         <value>0xffe4</value>
         <object_component_ref idref="oc-41"/>
      </symbol>
      <symbol id="sm-48a">
         <name>__TI_int03</name>
         <value>0xffe6</value>
         <object_component_ref idref="oc-42"/>
      </symbol>
      <symbol id="sm-48d">
         <name>__TI_int07</name>
         <value>0xffee</value>
         <object_component_ref idref="oc-46"/>
      </symbol>
      <symbol id="sm-490">
         <name>__TI_int10</name>
         <value>0xfff4</value>
         <object_component_ref idref="oc-49"/>
      </symbol>
      <symbol id="sm-493">
         <name>__TI_int11</name>
         <value>0xfff6</value>
         <object_component_ref idref="oc-4a"/>
      </symbol>
      <symbol id="sm-496">
         <name>__TI_int12</name>
         <value>0xfff8</value>
         <object_component_ref idref="oc-4b"/>
      </symbol>
      <symbol id="sm-499">
         <name>__TI_int14</name>
         <value>0xfffc</value>
         <object_component_ref idref="oc-4d"/>
      </symbol>
      <symbol id="sm-4a1">
         <name>__TI_ISR_TRAP</name>
         <value>0x3a90</value>
         <object_component_ref idref="oc-160"/>
      </symbol>
      <symbol id="sm-4a9">
         <name>__mspabi_slli</name>
         <value>0x38a2</value>
         <object_component_ref idref="oc-139"/>
      </symbol>
      <symbol id="sm-4aa">
         <name>__mspabi_slli_9</name>
         <value>0x38ba</value>
         <object_component_ref idref="oc-139"/>
      </symbol>
      <symbol id="sm-4ab">
         <name>__mspabi_slli_8</name>
         <value>0x38bc</value>
         <object_component_ref idref="oc-139"/>
      </symbol>
      <symbol id="sm-4ac">
         <name>__mspabi_slli_7</name>
         <value>0x38be</value>
         <object_component_ref idref="oc-139"/>
      </symbol>
      <symbol id="sm-4ad">
         <name>__mspabi_slli_6</name>
         <value>0x38c0</value>
         <object_component_ref idref="oc-139"/>
      </symbol>
      <symbol id="sm-4ae">
         <name>__mspabi_slli_5</name>
         <value>0x38c2</value>
         <object_component_ref idref="oc-139"/>
      </symbol>
      <symbol id="sm-4af">
         <name>__mspabi_slli_4</name>
         <value>0x38c4</value>
         <object_component_ref idref="oc-139"/>
      </symbol>
      <symbol id="sm-4b0">
         <name>__mspabi_slli_3</name>
         <value>0x38c6</value>
         <object_component_ref idref="oc-139"/>
      </symbol>
      <symbol id="sm-4b1">
         <name>__mspabi_slli_2</name>
         <value>0x38c8</value>
         <object_component_ref idref="oc-139"/>
      </symbol>
      <symbol id="sm-4b2">
         <name>__mspabi_slli_1</name>
         <value>0x38ca</value>
         <object_component_ref idref="oc-139"/>
      </symbol>
      <symbol id="sm-4b3">
         <name>__mspabi_slli_15</name>
         <value>0x38ae</value>
         <object_component_ref idref="oc-139"/>
      </symbol>
      <symbol id="sm-4b4">
         <name>__mspabi_slli_14</name>
         <value>0x38b0</value>
         <object_component_ref idref="oc-139"/>
      </symbol>
      <symbol id="sm-4b5">
         <name>__mspabi_slli_13</name>
         <value>0x38b2</value>
         <object_component_ref idref="oc-139"/>
      </symbol>
      <symbol id="sm-4b6">
         <name>__mspabi_slli_12</name>
         <value>0x38b4</value>
         <object_component_ref idref="oc-139"/>
      </symbol>
      <symbol id="sm-4b7">
         <name>__mspabi_slli_11</name>
         <value>0x38b6</value>
         <object_component_ref idref="oc-139"/>
      </symbol>
      <symbol id="sm-4b8">
         <name>__mspabi_slli_10</name>
         <value>0x38b8</value>
         <object_component_ref idref="oc-139"/>
      </symbol>
      <symbol id="sm-4c1">
         <name>__mspabi_srli_8</name>
         <value>0x3622</value>
         <object_component_ref idref="oc-13e"/>
      </symbol>
      <symbol id="sm-4c2">
         <name>__mspabi_srli_9</name>
         <value>0x361e</value>
         <object_component_ref idref="oc-13e"/>
      </symbol>
      <symbol id="sm-4c3">
         <name>__mspabi_srli_6</name>
         <value>0x362a</value>
         <object_component_ref idref="oc-13e"/>
      </symbol>
      <symbol id="sm-4c4">
         <name>__mspabi_srli_7</name>
         <value>0x3626</value>
         <object_component_ref idref="oc-13e"/>
      </symbol>
      <symbol id="sm-4c5">
         <name>__mspabi_srli_4</name>
         <value>0x3632</value>
         <object_component_ref idref="oc-13e"/>
      </symbol>
      <symbol id="sm-4c6">
         <name>__mspabi_srli_5</name>
         <value>0x362e</value>
         <object_component_ref idref="oc-13e"/>
      </symbol>
      <symbol id="sm-4c7">
         <name>__mspabi_srli_2</name>
         <value>0x363a</value>
         <object_component_ref idref="oc-13e"/>
      </symbol>
      <symbol id="sm-4c8">
         <name>__mspabi_srli_3</name>
         <value>0x3636</value>
         <object_component_ref idref="oc-13e"/>
      </symbol>
      <symbol id="sm-4c9">
         <name>__mspabi_srli_1</name>
         <value>0x363e</value>
         <object_component_ref idref="oc-13e"/>
      </symbol>
      <symbol id="sm-4ca">
         <name>__mspabi_srli</name>
         <value>0x35f8</value>
         <object_component_ref idref="oc-13e"/>
      </symbol>
      <symbol id="sm-4cb">
         <name>__mspabi_srli_15</name>
         <value>0x3606</value>
         <object_component_ref idref="oc-13e"/>
      </symbol>
      <symbol id="sm-4cc">
         <name>__mspabi_srli_14</name>
         <value>0x360a</value>
         <object_component_ref idref="oc-13e"/>
      </symbol>
      <symbol id="sm-4cd">
         <name>__mspabi_srli_13</name>
         <value>0x360e</value>
         <object_component_ref idref="oc-13e"/>
      </symbol>
      <symbol id="sm-4ce">
         <name>__mspabi_srli_12</name>
         <value>0x3612</value>
         <object_component_ref idref="oc-13e"/>
      </symbol>
      <symbol id="sm-4cf">
         <name>__mspabi_srli_11</name>
         <value>0x3616</value>
         <object_component_ref idref="oc-13e"/>
      </symbol>
      <symbol id="sm-4d0">
         <name>__mspabi_srli_10</name>
         <value>0x361a</value>
         <object_component_ref idref="oc-13e"/>
      </symbol>
      <symbol id="sm-4df">
         <name>memcpy</name>
         <value>0x3a42</value>
         <object_component_ref idref="oc-153"/>
      </symbol>
      <symbol id="sm-4ea">
         <name>__mspabi_mpyi_hw</name>
         <value>0x3a08</value>
         <object_component_ref idref="oc-288"/>
      </symbol>
      <symbol id="sm-4f7">
         <name>_system_pre_init</name>
         <value>0x3a9e</value>
         <object_component_ref idref="oc-196"/>
      </symbol>
      <symbol id="sm-51f">
         <name>_auto_init_hold_wdt</name>
         <value>0x2dfe</value>
         <object_component_ref idref="oc-19c"/>
      </symbol>
      <symbol id="sm-535">
         <name>copy_in</name>
         <value>0x33c8</value>
         <object_component_ref idref="oc-213"/>
      </symbol>
      <symbol id="sm-540">
         <name>_system_post_cinit</name>
         <value>0x3aa2</value>
         <object_component_ref idref="oc-219"/>
      </symbol>
      <symbol id="sm-543">
         <name>__TI_BINIT_Base</name>
         <value>0x0</value>
      </symbol>
      <symbol id="sm-544">
         <name>__TI_BINIT_Limit</name>
         <value>0x0</value>
      </symbol>
      <symbol id="sm-545">
         <name>__TI_INITARRAY_Base</name>
         <value>0x0</value>
      </symbol>
      <symbol id="sm-546">
         <name>__TI_INITARRAY_Limit</name>
         <value>0x0</value>
      </symbol>
   </symbol_table>
   <title>Link successful</title>
</link_info>
