Archive member included because of file (symbol)

/usr/lib/gcc/arm-none-eabi/4.8.2/armv7-m/libgcc.a(_aeabi_uldivmod.o)
                              obj_zoul/cc2538-rf.o (__aeabi_uldivmod)
/usr/lib/gcc/arm-none-eabi/4.8.2/armv7-m/libgcc.a(bpabi.o)
                              /usr/lib/gcc/arm-none-eabi/4.8.2/armv7-m/libgcc.a(_aeabi_uldivmod.o) (__gnu_uldivmod_helper)
/usr/lib/gcc/arm-none-eabi/4.8.2/armv7-m/libgcc.a(_dvmd_tls.o)
                              /usr/lib/gcc/arm-none-eabi/4.8.2/armv7-m/libgcc.a(_aeabi_uldivmod.o) (__aeabi_ldiv0)
/usr/lib/gcc/arm-none-eabi/4.8.2/armv7-m/libgcc.a(_divdi3.o)
                              /usr/lib/gcc/arm-none-eabi/4.8.2/armv7-m/libgcc.a(bpabi.o) (__divdi3)
/usr/lib/gcc/arm-none-eabi/4.8.2/armv7-m/libgcc.a(_udivdi3.o)
                              /usr/lib/gcc/arm-none-eabi/4.8.2/armv7-m/libgcc.a(bpabi.o) (__udivdi3)
/usr/lib/gcc/arm-none-eabi/4.8.2/../../../arm-none-eabi/lib/armv7-m/libc.a(lib_a-ctype_.o)
                              obj_zoul/resolv.o (__ctype_ptr__)
/usr/lib/gcc/arm-none-eabi/4.8.2/../../../arm-none-eabi/lib/armv7-m/libc.a(lib_a-memcmp.o)
                              obj_zoul/slip.o (memcmp)
/usr/lib/gcc/arm-none-eabi/4.8.2/../../../arm-none-eabi/lib/armv7-m/libc.a(lib_a-memcpy.o)
                              obj_zoul/ubidots.o (memcpy)
/usr/lib/gcc/arm-none-eabi/4.8.2/../../../arm-none-eabi/lib/armv7-m/libc.a(lib_a-memmove.o)
                              obj_zoul/ubidots.o (memmove)
/usr/lib/gcc/arm-none-eabi/4.8.2/../../../arm-none-eabi/lib/armv7-m/libc.a(lib_a-memset.o)
                              obj_zoul/ubidots.o (memset)
/usr/lib/gcc/arm-none-eabi/4.8.2/../../../arm-none-eabi/lib/armv7-m/libc.a(lib_a-reent.o)
                              obj_zoul/syscalls.o (errno)
/usr/lib/gcc/arm-none-eabi/4.8.2/../../../arm-none-eabi/lib/armv7-m/libc.a(lib_a-strcasecmp.o)
                              obj_zoul/resolv.o (strcasecmp)
/usr/lib/gcc/arm-none-eabi/4.8.2/../../../arm-none-eabi/lib/armv7-m/libc.a(lib_a-strcat.o)
                              obj_zoul/resolv.o (strcat)
/usr/lib/gcc/arm-none-eabi/4.8.2/../../../arm-none-eabi/lib/armv7-m/libc.a(lib_a-strcmp.o)
                              obj_zoul/cfs-coffee.o (strcmp)
/usr/lib/gcc/arm-none-eabi/4.8.2/../../../arm-none-eabi/lib/armv7-m/libc.a(lib_a-strcpy.o)
                              obj_zoul/ubidots.o (strcpy)
/usr/lib/gcc/arm-none-eabi/4.8.2/../../../arm-none-eabi/lib/armv7-m/libc.a(lib_a-strlen.o)
                              obj_zoul/ubidots.o (strlen)
/usr/lib/gcc/arm-none-eabi/4.8.2/../../../arm-none-eabi/lib/armv7-m/libc.a(lib_a-strncasecmp.o)
                              obj_zoul/resolv.o (strncasecmp)
/usr/lib/gcc/arm-none-eabi/4.8.2/../../../arm-none-eabi/lib/armv7-m/libc.a(lib_a-strncat.o)
                              obj_zoul/resolv.o (strncat)
/usr/lib/gcc/arm-none-eabi/4.8.2/../../../arm-none-eabi/lib/armv7-m/libc.a(lib_a-strncmp.o)
                              obj_zoul/ubidots.o (strncmp)
/usr/lib/gcc/arm-none-eabi/4.8.2/../../../arm-none-eabi/lib/armv7-m/libc.a(lib_a-strncpy.o)
                              obj_zoul/cfs-coffee.o (strncpy)
/usr/lib/gcc/arm-none-eabi/4.8.2/../../../arm-none-eabi/lib/armv7-m/libc.a(lib_a-strtol.o)
                              obj_zoul/ubidots.o (strtol)
/usr/lib/gcc/arm-none-eabi/4.8.2/../../../arm-none-eabi/lib/armv7-m/libc.a(lib_a-freer.o)
                              /usr/lib/gcc/arm-none-eabi/4.8.2/../../../arm-none-eabi/lib/armv7-m/libc.a(lib_a-reent.o) (_free_r)
/usr/lib/gcc/arm-none-eabi/4.8.2/../../../arm-none-eabi/lib/armv7-m/libc.a(lib_a-impure.o)
                              /usr/lib/gcc/arm-none-eabi/4.8.2/../../../arm-none-eabi/lib/armv7-m/libc.a(lib_a-reent.o) (_impure_ptr)
/usr/lib/gcc/arm-none-eabi/4.8.2/../../../arm-none-eabi/lib/armv7-m/libc.a(lib_a-mallocr.o)
                              /usr/lib/gcc/arm-none-eabi/4.8.2/../../../arm-none-eabi/lib/armv7-m/libc.a(lib_a-freer.o) (__malloc_current_mallinfo)
/usr/lib/gcc/arm-none-eabi/4.8.2/../../../arm-none-eabi/lib/armv7-m/libc.a(lib_a-mlock.o)
                              /usr/lib/gcc/arm-none-eabi/4.8.2/../../../arm-none-eabi/lib/armv7-m/libc.a(lib_a-freer.o) (__malloc_lock)
/usr/lib/gcc/arm-none-eabi/4.8.2/../../../arm-none-eabi/lib/armv7-m/libc.a(lib_a-sbrkr.o)
                              /usr/lib/gcc/arm-none-eabi/4.8.2/../../../arm-none-eabi/lib/armv7-m/libc.a(lib_a-freer.o) (_sbrk_r)

Allocating common symbols
Common symbol       size              file

compower_idle_activity
                    0x8               obj_zoul/compower.o
uip_ds6_timer_ra    0x8               obj_zoul/uip-ds6.o
rtcc_int1_callback  0x4               obj_zoul/rtcc.o
usb_setup_buffer    0x8               obj_zoul/usb-core.o
ubidots_event_post_reply_received
                    0x1               obj_zoul/ubidots.o
uip_ds6_if          0xf8              obj_zoul/uip-ds6.o
resolv_event_found  0x1               obj_zoul/resolv.o
uip_ds6_netif_addr_list_offset
[...]
Memory Configuration

Name             Origin             Length             Attributes
FLASH_FW         0x0000000000202000 0x000000000007dfd4 xr
FLASH_CCA        0x000000000027ffd4 0x000000000000002c xr
NRSRAM           0x0000000020000000 0x0000000000004000 xrw
FRSRAM           0x0000000020004000 0x0000000000004000 xrw
*default*        0x0000000000000000 0xffffffffffffffff

Linker script and memory map

LOAD obj_zoul/startup-gcc.o
LOAD obj_zoul/ubidots.o
LOAD obj_zoul/contiki-main.o
LOAD obj_zoul/leds.o
LOAD obj_zoul/cc1200-zoul-arch.o
LOAD obj_zoul/adc-zoul.o
LOAD obj_zoul/button-sensor.o
LOAD obj_zoul/zoul-sensors.o
LOAD obj_zoul/board.o
LOAD obj_zoul/antenna-sw.o
LOAD obj_zoul/rtcc.o
LOAD obj_zoul/leds-res-arch.o
LOAD obj_zoul/power-mgmt.o
LOAD obj_zoul/soc.o
LOAD obj_zoul/clock.o
LOAD obj_zoul/rtimer-arch.o
LOAD obj_zoul/uart.o
LOAD obj_zoul/watchdog.o
LOAD obj_zoul/nvic.o
LOAD obj_zoul/cpu.o
LOAD obj_zoul/sys-ctrl.o
LOAD obj_zoul/gpio.o
LOAD obj_zoul/ioc.o
LOAD obj_zoul/spi.o
LOAD obj_zoul/adc.o
LOAD obj_zoul/crypto.o
LOAD obj_zoul/aes.o
LOAD obj_zoul/ecb.o
LOAD obj_zoul/cbc.o
LOAD obj_zoul/ctr.o
LOAD obj_zoul/cbc-mac.o
LOAD obj_zoul/gcm.o
LOAD obj_zoul/ccm.o
LOAD obj_zoul/sha256.o
LOAD obj_zoul/cc2538-aes-128.o
LOAD obj_zoul/cc2538-ccm-star.o
LOAD obj_zoul/cc2538-rf.o
LOAD obj_zoul/udma.o
LOAD obj_zoul/lpm.o
LOAD obj_zoul/pka.o
LOAD obj_zoul/bignum-driver.o
LOAD obj_zoul/ecc-driver.o
LOAD obj_zoul/ecc-algorithm.o
LOAD obj_zoul/ecc-curve.o
LOAD obj_zoul/dbg.o
LOAD obj_zoul/ieee-addr.o
LOAD obj_zoul/slip-arch.o
LOAD obj_zoul/slip.o
LOAD obj_zoul/i2c.o
LOAD obj_zoul/cc2538-temp-sensor.o
LOAD obj_zoul/vdd3-sensor.o
LOAD obj_zoul/cfs-coffee.o
LOAD obj_zoul/cfs-coffee-arch.o
LOAD obj_zoul/pwm.o
LOAD obj_zoul/dbg-printf.o
LOAD obj_zoul/dbg-snprintf.o
LOAD obj_zoul/dbg-sprintf.o
LOAD obj_zoul/strformat.o
LOAD obj_zoul/usb-core.o
LOAD obj_zoul/cdc-acm.o
LOAD obj_zoul/usb-arch.o
LOAD obj_zoul/usb-serial.o
LOAD obj_zoul/cdc-acm-descriptors.o
LOAD obj_zoul/arg.o
LOAD obj_zoul/autostart.o
LOAD obj_zoul/compower.o
LOAD obj_zoul/ctimer.o
LOAD obj_zoul/energest.o
LOAD obj_zoul/etimer.o
LOAD obj_zoul/mt.o
LOAD obj_zoul/process.o
LOAD obj_zoul/procinit.o
LOAD obj_zoul/rtimer.o
LOAD obj_zoul/stimer.o
LOAD obj_zoul/timer.o
LOAD obj_zoul/nullradio.o
LOAD obj_zoul/serial-line.o
LOAD obj_zoul/aes-128.o
LOAD obj_zoul/assert.o
LOAD obj_zoul/ccm-star.o
LOAD obj_zoul/crc16.o
LOAD obj_zoul/gcr.o
LOAD obj_zoul/ifft.o
LOAD obj_zoul/list.o
LOAD obj_zoul/me.o
LOAD obj_zoul/memb.o
LOAD obj_zoul/me_tabs.o
LOAD obj_zoul/mmem.o
LOAD obj_zoul/petsciiconv.o
LOAD obj_zoul/print-stats.o
LOAD obj_zoul/random.o
LOAD obj_zoul/ringbuf.o
LOAD obj_zoul/ringbufindex.o
LOAD obj_zoul/sensors.o
LOAD obj_zoul/settings.o
LOAD obj_zoul/trickle-timer.o
LOAD obj_zoul/sicslowpan.o
LOAD obj_zoul/uip6.o
LOAD obj_zoul/uip-ds6.o
LOAD obj_zoul/uip-ds6-nbr.o
LOAD obj_zoul/uip-ds6-route.o
LOAD obj_zoul/uip-icmp6.o
LOAD obj_zoul/uip-nd6.o
LOAD obj_zoul/dhcpc.o
LOAD obj_zoul/ip64-addr.o
LOAD obj_zoul/psock.o
LOAD obj_zoul/resolv.o
LOAD obj_zoul/simple-udp.o
LOAD obj_zoul/slipdev.o
LOAD obj_zoul/tcpip.o
LOAD obj_zoul/tcp-socket.o
LOAD obj_zoul/udp-socket.o
LOAD obj_zoul/uip-debug.o
LOAD obj_zoul/uiplib.o
LOAD obj_zoul/uip-nameserver.o
LOAD obj_zoul/uip-packetqueue.o
LOAD obj_zoul/uip-split.o
LOAD obj_zoul/uip-udp-packet.o
LOAD obj_zoul/rpl.o
LOAD obj_zoul/rpl-dag.o
LOAD obj_zoul/rpl-dag-root.o
LOAD obj_zoul/rpl-ext-header.o
LOAD obj_zoul/rpl-icmp6.o
LOAD obj_zoul/rpl-mrhof.o
LOAD obj_zoul/rpl-nbr-policy.o
LOAD obj_zoul/rpl-ns.o
LOAD obj_zoul/rpl-of0.o
LOAD obj_zoul/rpl-timers.o
LOAD obj_zoul/syscalls.o
LOAD obj_zoul/linkaddr.o
LOAD obj_zoul/link-stats.o
LOAD obj_zoul/nbr-table.o
LOAD obj_zoul/net-debug.o
LOAD obj_zoul/netstack.o
LOAD obj_zoul/packetbuf.o
LOAD obj_zoul/queuebuf.o
LOAD obj_zoul/csma.o
LOAD obj_zoul/frame802154.o
LOAD obj_zoul/frame802154e-ie.o
LOAD obj_zoul/framer-802154.o
LOAD obj_zoul/framer-nullmac.o
LOAD obj_zoul/mac.o
LOAD obj_zoul/mac-sequence.o
LOAD obj_zoul/nordc.o
LOAD obj_zoul/nullmac.o
LOAD obj_zoul/nullrdc.o
LOAD obj_zoul/nullrdc-noframer.o
LOAD obj_zoul/phase.o
LOAD obj_zoul/contikimac.o
LOAD obj_zoul/contikimac-framer.o
LOAD obj_zoul/anti-replay.o
LOAD obj_zoul/ccm-star-packetbuf.o
LOAD obj_zoul/nullsec.o
LOAD obj_zoul/noncoresec.o
LOAD obj_zoul/cc1200-802154g-863-870-fsk-50kbps.o
LOAD obj_zoul/cc1200-868-fsk-1-2kbps.o
LOAD obj_zoul/cc1200.o
LOAD ubidots-demo.co
START GROUP
LOAD /usr/lib/gcc/arm-none-eabi/4.8.2/armv7-m/libgcc.a
LOAD /usr/lib/gcc/arm-none-eabi/4.8.2/../../../arm-none-eabi/lib/armv7-m/libc.a
END GROUP

.text           0x0000000000202000     0xd6fd
                0x0000000000202000                _text = .
 *(SORT(.vectors))
 .vectors       0x0000000000202000      0x28c obj_zoul/startup-gcc.o
                0x0000000000202000                vectors
 *(SORT(.text*))
 .text.reset_handler
                0x000000000020228c       0x40 obj_zoul/startup-gcc.o
                0x000000000020228c                reset_handler
 .text.event_callback
                0x00000000002022cc       0x3c obj_zoul/ubidots.o
 .text.ubidots_conn_reset
                0x0000000000202308       0x68 obj_zoul/ubidots.o
 .text.notify_consumer
                0x0000000000202370       0x30 obj_zoul/ubidots.o
 .text.data_callback
                0x00000000002023a0      0x24c obj_zoul/ubidots.o
 .text.enqueue_chunk
                0x00000000002025ec       0x58 obj_zoul/ubidots.o
 .text.encode_http_host
                0x0000000000202644       0x58 obj_zoul/ubidots.o
 .text.state_machine
                0x000000000020269c      0x208 obj_zoul/ubidots.o
 .text.process_thread_ubidots_client_process
                0x00000000002028a4       0x44 obj_zoul/ubidots.o
 .text.ubidots_enqueue_value
                0x00000000002028e8       0x78 obj_zoul/ubidots.o
                0x00000000002028e8                ubidots_enqueue_value
 .text.ubidots_prepare_post
                0x0000000000202960       0xb8 obj_zoul/ubidots.o
                0x0000000000202960                ubidots_prepare_post
 .text.ubidots_post
                0x0000000000202a18       0xb8 obj_zoul/ubidots.o
                0x0000000000202a18                ubidots_post
 .text.ubidots_init
                0x0000000000202ad0       0x58 obj_zoul/ubidots.o
                0x0000000000202ad0                ubidots_init
 .text.startup.main
                0x0000000000202b28      0x1b4 obj_zoul/contiki-main.o
                0x0000000000202b28                main
 .text.leds_init
                0x0000000000202cdc       0x14 obj_zoul/leds.o
                0x0000000000202cdc                leds_init
 .text.leds_on  0x0000000000202cf0       0x10 obj_zoul/leds.o
                0x0000000000202cf0                leds_on
 .text.leds_off
                0x0000000000202d00       0x14 obj_zoul/leds.o
                0x0000000000202d00                leds_off
 .text.value    0x0000000000202d14       0x20 obj_zoul/button-sensor.o
 .text.duration_exceeded_callback
                0x0000000000202d34       0x3c obj_zoul/button-sensor.o
 .text.config_user
                0x0000000000202d70       0xa0 obj_zoul/button-sensor.o
 .text.btn_callback
                0x0000000000202e10       0x5c obj_zoul/button-sensor.o
 .text.antenna_sw_config
                0x0000000000202e6c       0x30 obj_zoul/antenna-sw.o
                0x0000000000202e6c                antenna_sw_config
 .text.leds_arch_init
                0x0000000000202e9c       0x48 obj_zoul/leds-res-arch.o
                0x0000000000202e9c                leds_arch_init
 .text.leds_arch_set
                0x0000000000202ee4       0x44 obj_zoul/leds-res-arch.o
                0x0000000000202ee4                leds_arch_set
 .text.soc_get_rev
                0x0000000000202f28       0x18 obj_zoul/soc.o
                0x0000000000202f28                soc_get_rev
 .text.soc_get_sram_size
                0x0000000000202f40       0x20 obj_zoul/soc.o
                0x0000000000202f40                soc_get_sram_size
 .text.soc_print_info
                0x0000000000202f60       0x70 obj_zoul/soc.o
                0x0000000000202f60                soc_print_info
 .text.update_ticks
                0x0000000000202fd0       0x50 obj_zoul/clock.o
 .text.clock_init
                0x0000000000203020       0x50 obj_zoul/clock.o
                0x0000000000203020                clock_init
 .text.clock_time
                0x0000000000203070       0x14 obj_zoul/clock.o
                0x0000000000203070                clock_time
 .text.clock_seconds
                0x0000000000203084       0x14 obj_zoul/clock.o
                0x0000000000203084                clock_seconds
 .text.clock_delay_usec
                0x0000000000203098       0x1c obj_zoul/clock.o
                0x0000000000203098                clock_delay_usec
 .text.clock_adjust
                0x00000000002030b4       0x20 obj_zoul/clock.o
                0x00000000002030b4                clock_adjust
 .text.rtimer_arch_next_trigger
                0x00000000002030d4        0xc obj_zoul/rtimer-arch.o
                0x00000000002030d4                rtimer_arch_next_trigger
 .text.rtimer_arch_now
                0x00000000002030e0       0x24 obj_zoul/rtimer-arch.o
                0x00000000002030e0                rtimer_arch_now
 .text.rtimer_arch_schedule
                0x0000000000203104       0x58 obj_zoul/rtimer-arch.o
                0x0000000000203104                rtimer_arch_schedule
 .text.rtimer_isr
                0x000000000020315c       0x24 obj_zoul/rtimer-arch.o
                0x000000000020315c                rtimer_isr
 .text.permit_pm1
                0x0000000000203180       0x24 obj_zoul/uart.o
 .text.uart_isr
                0x00000000002031a4       0x64 obj_zoul/uart.o
 .text.uart_init
                0x0000000000203208      0x184 obj_zoul/uart.o
                0x0000000000203208                uart_init
 .text.uart_set_input
                0x000000000020338c       0x10 obj_zoul/uart.o
                0x000000000020338c                uart_set_input
 .text.uart_write_byte
                0x000000000020339c       0x1c obj_zoul/uart.o
                0x000000000020339c                uart_write_byte
 .text.watchdog_init
                0x00000000002033b8        0xc obj_zoul/watchdog.o
                0x00000000002033b8                watchdog_init
 .text.watchdog_start
                0x00000000002033c4        0xc obj_zoul/watchdog.o
                0x00000000002033c4                watchdog_start
 .text.watchdog_periodic
                0x00000000002033d0       0x10 obj_zoul/watchdog.o
                0x00000000002033d0                watchdog_periodic
 .text.nvic_init
                0x00000000002033e0       0x3c obj_zoul/nvic.o
                0x00000000002033e0                nvic_init
 .text.nvic_interrupt_enable
                0x000000000020341c       0x1c obj_zoul/nvic.o
                0x000000000020341c                nvic_interrupt_enable
 .text.nvic_interrupt_disable
                0x0000000000203438       0x1c obj_zoul/nvic.o
                0x0000000000203438                nvic_interrupt_disable
 .text.nvic_interrupt_unpend
                0x0000000000203454       0x1c obj_zoul/nvic.o
                0x0000000000203454                nvic_interrupt_unpend
 .text.sys_ctrl_get_reset_cause
                0x0000000000203470       0x10 obj_zoul/sys-ctrl.o
                0x0000000000203470                sys_ctrl_get_reset_cause
 .text.sys_ctrl_get_reset_cause_str
                0x0000000000203480       0x14 obj_zoul/sys-ctrl.o
                0x0000000000203480                sys_ctrl_get_reset_cause_str
 .text.sys_ctrl_init
                0x0000000000203494       0x74 obj_zoul/sys-ctrl.o
                0x0000000000203494                sys_ctrl_init
 .text.sys_ctrl_get_sys_clock
                0x0000000000203508       0x18 obj_zoul/sys-ctrl.o
                0x0000000000203508                sys_ctrl_get_sys_clock
 .text.sys_ctrl_get_io_clock
                0x0000000000203520       0x18 obj_zoul/sys-ctrl.o
                0x0000000000203520                sys_ctrl_get_io_clock
 .text.gpio_register_callback
                0x0000000000203538       0x10 obj_zoul/gpio.o
                0x0000000000203538                gpio_register_callback
 .text.notify   0x0000000000203548       0x30 obj_zoul/gpio.o
                0x0000000000203548                notify
 .text.gpio_port_isr
                0x0000000000203578       0x4c obj_zoul/gpio.o
 .text.gpio_init
                0x00000000002035c4       0x10 obj_zoul/gpio.o
                0x00000000002035c4                gpio_init
 .text.ioc_init
                0x00000000002035d4       0x1c obj_zoul/ioc.o
                0x00000000002035d4                ioc_init
 .text.ioc_set_over
                0x00000000002035f0       0x14 obj_zoul/ioc.o
                0x00000000002035f0                ioc_set_over
 .text.ioc_set_sel
                0x0000000000203604       0x14 obj_zoul/ioc.o
                0x0000000000203604                ioc_set_sel
 .text.adc_get  0x0000000000203618       0x74 obj_zoul/adc.o
                0x0000000000203618                adc_get
 .text.permit_pm1
                0x000000000020368c       0x14 obj_zoul/crypto.o
 .text.crypto_isr
                0x00000000002036a0       0x24 obj_zoul/crypto.o
                0x00000000002036a0                crypto_isr
 .text.crypto_enable
                0x00000000002036c4       0x20 obj_zoul/crypto.o
                0x00000000002036c4                crypto_enable
 .text.crypto_init
                0x00000000002036e4       0x3c obj_zoul/crypto.o
                0x00000000002036e4                crypto_init
 .text.crypto_disable
                0x0000000000203720       0x20 obj_zoul/crypto.o
                0x0000000000203720                crypto_disable
 .text.on       0x0000000000203740       0x2c obj_zoul/cc2538-rf.o
 .text.off      0x000000000020376c       0x40 obj_zoul/cc2538-rf.o
 .text.set_channel
                0x00000000002037ac       0x48 obj_zoul/cc2538-rf.o
 .text.channel_clear
                0x00000000002037f4       0x3c obj_zoul/cc2538-rf.o
 .text.receiving_packet
                0x0000000000203830       0x1c obj_zoul/cc2538-rf.o
 .text.pending_packet
                0x000000000020384c       0x10 obj_zoul/cc2538-rf.o
 .text.get_value
                0x000000000020385c      0x164 obj_zoul/cc2538-rf.o
 .text.prepare  0x00000000002039c0       0x64 obj_zoul/cc2538-rf.o
 .text.transmit
                0x0000000000203a24       0xa0 obj_zoul/cc2538-rf.o
 .text.set_frame_filtering
                0x0000000000203ac4       0x18 obj_zoul/cc2538-rf.o
 .text.set_object
                0x0000000000203adc       0x34 obj_zoul/cc2538-rf.o
 .text.read     0x0000000000203b10       0xf0 obj_zoul/cc2538-rf.o
 .text.set_poll_mode
                0x0000000000203c00       0x8c obj_zoul/cc2538-rf.o
 .text.set_value
                0x0000000000203c8c       0xec obj_zoul/cc2538-rf.o
 .text.init     0x0000000000203d78       0xbc obj_zoul/cc2538-rf.o
 .text.process_thread_cc2538_rf_process
                0x0000000000203e34       0x90 obj_zoul/cc2538-rf.o
 .text.get_object
                0x0000000000203ec4      0x13c obj_zoul/cc2538-rf.o
 .text.cc2538_rf_rx_tx_isr
                0x0000000000204000       0x24 obj_zoul/cc2538-rf.o
                0x0000000000204000                cc2538_rf_rx_tx_isr
 .text.cc2538_rf_err_isr
                0x0000000000204024       0x2c obj_zoul/cc2538-rf.o
                0x0000000000204024                cc2538_rf_err_isr
 .text.udma_init
                0x0000000000204050       0x30 obj_zoul/udma.o
                0x0000000000204050                udma_init
 .text.udma_set_channel_src
                0x0000000000204080       0x10 obj_zoul/udma.o
                0x0000000000204080                udma_set_channel_src
 .text.udma_set_channel_dst
                0x0000000000204090       0x14 obj_zoul/udma.o
                0x0000000000204090                udma_set_channel_dst
 .text.udma_set_channel_control_word
                0x00000000002040a4       0x14 obj_zoul/udma.o
                0x00000000002040a4                udma_set_channel_control_word
 .text.udma_channel_enable
                0x00000000002040b8       0x18 obj_zoul/udma.o
                0x00000000002040b8                udma_channel_enable
 .text.udma_channel_mask_set
                0x00000000002040d0       0x18 obj_zoul/udma.o
                0x00000000002040d0                udma_channel_mask_set
 .text.udma_channel_sw_request
                0x00000000002040e8       0x18 obj_zoul/udma.o
                0x00000000002040e8                udma_channel_sw_request
 .text.udma_channel_get_mode
                0x0000000000204100       0x1c obj_zoul/udma.o
                0x0000000000204100                udma_channel_get_mode
 .text.udma_isr
                0x000000000020411c       0x10 obj_zoul/udma.o
                0x000000000020411c                udma_isr
 .text.udma_err_isr
                0x000000000020412c        0xc obj_zoul/udma.o
                0x000000000020412c                udma_err_isr
 .text.select_32_mhz_xosc
                0x0000000000204138       0x2c obj_zoul/lpm.o
 .text.lpm_exit
                0x0000000000204164       0x30 obj_zoul/lpm.o
                0x0000000000204164                lpm_exit
 .text.lpm_enter
                0x0000000000204194       0xb4 obj_zoul/lpm.o
                0x0000000000204194                lpm_enter
 .text.lpm_register_peripheral
                0x0000000000204248       0x20 obj_zoul/lpm.o
                0x0000000000204248                lpm_register_peripheral
 .text.lpm_init
                0x0000000000204268       0x24 obj_zoul/lpm.o
                0x0000000000204268                lpm_init
 .text.pka_isr  0x000000000020428c       0x24 obj_zoul/pka.o
                0x000000000020428c                pka_isr
 .text.ieee_addr_cpy_to
                0x00000000002042b0       0x70 obj_zoul/ieee-addr.o
                0x00000000002042b0                ieee_addr_cpy_to
 .text.printf   0x0000000000204320       0x20 obj_zoul/dbg-printf.o
                0x0000000000204320                printf
 .text.vsnprintf
                0x0000000000204340       0x28 obj_zoul/dbg-snprintf.o
                0x0000000000204340                vsnprintf
 .text.fill_space
                0x0000000000204368       0x30 obj_zoul/strformat.o
 .text.format_str_v
                0x0000000000204398      0x6c8 obj_zoul/strformat.o
                0x0000000000204398                format_str_v
 .text.process_thread_ctimer_process
                0x0000000000204a60       0x80 obj_zoul/ctimer.o
 .text.ctimer_init
                0x0000000000204ae0       0x28 obj_zoul/ctimer.o
                0x0000000000204ae0                ctimer_init
 .text.ctimer_set_with_process
                0x0000000000204b08       0x44 obj_zoul/ctimer.o
                0x0000000000204b08                ctimer_set_with_process
 .text.ctimer_set
                0x0000000000204b4c       0x14 obj_zoul/ctimer.o
                0x0000000000204b4c                ctimer_set
 .text.ctimer_reset
                0x0000000000204b60       0x38 obj_zoul/ctimer.o
                0x0000000000204b60                ctimer_reset
 .text.ctimer_restart
                0x0000000000204b98       0x38 obj_zoul/ctimer.o
                0x0000000000204b98                ctimer_restart
 .text.ctimer_stop
                0x0000000000204bd0       0x2c obj_zoul/ctimer.o
                0x0000000000204bd0                ctimer_stop
 .text.update_time
                0x0000000000204bfc       0x40 obj_zoul/etimer.o
 .text.etimer_request_poll
                0x0000000000204c3c        0xc obj_zoul/etimer.o
                0x0000000000204c3c                etimer_request_poll
 .text.process_thread_etimer_process
                0x0000000000204c48       0x94 obj_zoul/etimer.o
 .text.add_timer
                0x0000000000204cdc       0x40 obj_zoul/etimer.o
 .text.etimer_pending
                0x0000000000204d1c       0x10 obj_zoul/etimer.o
                0x0000000000204d1c                etimer_pending
 .text.etimer_stop
                0x0000000000204d2c       0x34 obj_zoul/etimer.o
                0x0000000000204d2c                etimer_stop
 .text.call_process.part.0
                0x0000000000204d60       0x38 obj_zoul/process.o
 .text.exit_process
                0x0000000000204d98       0x84 obj_zoul/process.o
 .text.do_poll  0x0000000000204e1c       0x30 obj_zoul/process.o
 .text.process_alloc_event
                0x0000000000204e4c       0x10 obj_zoul/process.o
                0x0000000000204e4c                process_alloc_event
 .text.process_exit
                0x0000000000204e5c        0xc obj_zoul/process.o
                0x0000000000204e5c                process_exit
 .text.process_init
                0x0000000000204e68       0x30 obj_zoul/process.o
                0x0000000000204e68                process_init
 .text.process_run
                0x0000000000204e98       0x80 obj_zoul/process.o
                0x0000000000204e98                process_run
 .text.process_nevents
                0x0000000000204f18       0x14 obj_zoul/process.o
                0x0000000000204f18                process_nevents
 .text.process_post
                0x0000000000204f2c       0x3c obj_zoul/process.o
                0x0000000000204f2c                process_post
 .text.process_post_synch
                0x0000000000204f68       0x14 obj_zoul/process.o
                0x0000000000204f68                process_post_synch
 .text.process_start
                0x0000000000204f7c       0x30 obj_zoul/process.o
                0x0000000000204f7c                process_start
 .text.process_poll
                0x0000000000204fac       0x1c obj_zoul/process.o
                0x0000000000204fac                process_poll
 .text.rtimer_set
                0x0000000000204fc8       0x24 obj_zoul/rtimer.o
                0x0000000000204fc8                rtimer_set
 .text.rtimer_run_next
                0x0000000000204fec       0x28 obj_zoul/rtimer.o
                0x0000000000204fec                rtimer_run_next
 .text.stimer_expired
                0x0000000000205014       0x20 obj_zoul/stimer.o
                0x0000000000205014                stimer_expired
 .text.process_thread_serial_line_process
                0x0000000000205034       0x98 obj_zoul/serial-line.o
 .text.serial_line_input_byte
                0x00000000002050cc       0x44 obj_zoul/serial-line.o
                0x00000000002050cc                serial_line_input_byte
 .text.serial_line_init
                0x0000000000205110       0x24 obj_zoul/serial-line.o
                0x0000000000205110                serial_line_init
 .text.random_rand
                0x0000000000205134       0x24 obj_zoul/random.o
                0x0000000000205134                random_rand
 .text.random_init
                0x0000000000205158       0x7c obj_zoul/random.o
                0x0000000000205158                random_init
 .text.process_thread_sensors_process
                0x00000000002051d4       0xd4 obj_zoul/sensors.o
 .text.sensors_changed
                0x00000000002052a8       0x38 obj_zoul/sensors.o
                0x00000000002052a8                sensors_changed
 .text.clear_fragments
                0x00000000002052e0       0x3c obj_zoul/sicslowpan.o
 .text.sicslowpan_init
                0x000000000020531c       0x24 obj_zoul/sicslowpan.o
                0x000000000020531c                sicslowpan_init
 .text.compress_addr_64
                0x0000000000205340       0x90 obj_zoul/sicslowpan.o
 .text.set_packet_attrs
                0x00000000002053d0       0x44 obj_zoul/sicslowpan.o
 .text.addr_context_lookup_by_prefix
                0x0000000000205414       0x24 obj_zoul/sicslowpan.o
 .text.send_packet
                0x0000000000205438       0x24 obj_zoul/sicslowpan.o
 .text.packet_sent
                0x000000000020545c       0x28 obj_zoul/sicslowpan.o
 .text.store_fragment
                0x0000000000205484       0x58 obj_zoul/sicslowpan.o
 .text.uncompress_addr
                0x00000000002054dc       0x7c obj_zoul/sicslowpan.o
 .text.output   0x0000000000205558      0x684 obj_zoul/sicslowpan.o
 .text.add_fragment
                0x0000000000205bdc      0x118 obj_zoul/sicslowpan.o
 .text.input    0x0000000000205cf4      0x5b8 obj_zoul/sicslowpan.o
 .text.upper_layer_chksum
                0x00000000002062ac       0x54 obj_zoul/uip6.o
 .text.ext_hdr_options_process
                0x0000000000206300       0xa8 obj_zoul/uip6.o
 .text.uip_add32
                0x00000000002063a8       0x54 obj_zoul/uip6.o
                0x00000000002063a8                uip_add32
 .text.unlikely.uip_add_rcv_nxt
                0x00000000002063fc       0x2c obj_zoul/uip6.o
 .text.uip_init
                0x0000000000206428       0x58 obj_zoul/uip6.o
                0x0000000000206428                uip_init
 .text.uip_connect
                0x0000000000206480       0xe0 obj_zoul/uip6.o
                0x0000000000206480                uip_connect
 .text.remove_ext_hdr
                0x0000000000206560       0x58 obj_zoul/uip6.o
                0x0000000000206560                remove_ext_hdr
 .text.uip_udp_new
                0x00000000002065b8       0x84 obj_zoul/uip6.o
                0x00000000002065b8                uip_udp_new
 .text.uip_unlisten
                0x000000000020663c       0x20 obj_zoul/uip6.o
                0x000000000020663c                uip_unlisten
 .text.uip_process
                0x000000000020665c      0xd10 obj_zoul/uip6.o
                0x000000000020665c                uip_process
 .text.uip_send
                0x000000000020736c       0x50 obj_zoul/uip6.o
                0x000000000020736c                uip_send
 .text.uip_ds6_prefix_add
                0x00000000002073bc       0x60 obj_zoul/uip-ds6.o
                0x00000000002073bc                uip_ds6_prefix_add
 .text.uip_ds6_is_addr_onlink
                0x000000000020741c       0x40 obj_zoul/uip-ds6.o
                0x000000000020741c                uip_ds6_is_addr_onlink
 .text.uip_ds6_addr_lookup
                0x000000000020745c       0x2c obj_zoul/uip-ds6.o
                0x000000000020745c                uip_ds6_addr_lookup
 .text.uip_ds6_get_link_local
                0x0000000000207488       0x40 obj_zoul/uip-ds6.o
                0x0000000000207488                uip_ds6_get_link_local
 .text.uip_ds6_get_global
                0x00000000002074c8       0x40 obj_zoul/uip-ds6.o
                0x00000000002074c8                uip_ds6_get_global
 .text.uip_ds6_maddr_add
                0x0000000000207508       0x4c obj_zoul/uip-ds6.o
                0x0000000000207508                uip_ds6_maddr_add
 .text.uip_ds6_addr_add
                0x0000000000207554       0x98 obj_zoul/uip-ds6.o
                0x0000000000207554                uip_ds6_addr_add
 .text.uip_ds6_maddr_lookup
                0x00000000002075ec       0x2c obj_zoul/uip-ds6.o
                0x00000000002075ec                uip_ds6_maddr_lookup
 .text.uip_ds6_addr_rm
                0x0000000000207618       0x44 obj_zoul/uip-ds6.o
                0x0000000000207618                uip_ds6_addr_rm
 .text.uip_ds6_periodic
                0x000000000020765c       0x4c obj_zoul/uip-ds6.o
                0x000000000020765c                uip_ds6_periodic
 .text.uip_ds6_select_src
                0x00000000002076a8       0x98 obj_zoul/uip-ds6.o
                0x00000000002076a8                uip_ds6_select_src
 .text.uip_ds6_compute_reachable_time
                0x0000000000207740       0x28 obj_zoul/uip-ds6.o
                0x0000000000207740                uip_ds6_compute_reachable_time
 .text.uip_ds6_init
                0x0000000000207768       0xe0 obj_zoul/uip-ds6.o
                0x0000000000207768                uip_ds6_init
 .text.uip_ds6_nbr_rm
                0x0000000000207848       0x20 obj_zoul/uip-ds6-nbr.o
                0x0000000000207848                uip_ds6_nbr_rm
 .text.uip_ds6_neighbors_init
                0x0000000000207868       0x1c obj_zoul/uip-ds6-nbr.o
                0x0000000000207868                uip_ds6_neighbors_init
 .text.uip_ds6_nbr_add
                0x0000000000207884       0x3c obj_zoul/uip-ds6-nbr.o
                0x0000000000207884                uip_ds6_nbr_add
 .text.uip_ds6_nbr_get_ll
                0x00000000002078c0       0x10 obj_zoul/uip-ds6-nbr.o
                0x00000000002078c0                uip_ds6_nbr_get_ll
 .text.uip_ds6_nbr_lookup
                0x00000000002078d0       0x38 obj_zoul/uip-ds6-nbr.o
                0x00000000002078d0                uip_ds6_nbr_lookup
 .text.uip_ds6_nbr_ll_lookup
                0x0000000000207908       0x10 obj_zoul/uip-ds6-nbr.o
                0x0000000000207908                uip_ds6_nbr_ll_lookup
 .text.uip_ds6_link_neighbor_callback
                0x0000000000207918       0x34 obj_zoul/uip-ds6-nbr.o
                0x0000000000207918                uip_ds6_link_neighbor_callback
 .text.call_route_callback
                0x000000000020794c       0x48 obj_zoul/uip-ds6-route.o
 .text.uip_ds6_route_init
                0x0000000000207994       0x4c obj_zoul/uip-ds6-route.o
                0x0000000000207994                uip_ds6_route_init
 .text.uip_ds6_route_nexthop
                0x00000000002079e0       0x20 obj_zoul/uip-ds6-route.o
                0x00000000002079e0                uip_ds6_route_nexthop
 .text.uip_ds6_route_head
                0x0000000000207a00        0xc obj_zoul/uip-ds6-route.o
                0x0000000000207a00                uip_ds6_route_head
 .text.uip_ds6_route_is_nexthop
                0x0000000000207a0c       0x20 obj_zoul/uip-ds6-route.o
                0x0000000000207a0c                uip_ds6_route_is_nexthop
 .text.uip_ds6_route_lookup
                0x0000000000207a2c       0x64 obj_zoul/uip-ds6-route.o
                0x0000000000207a2c                uip_ds6_route_lookup
 .text.uip_ds6_route_rm
                0x0000000000207a90       0x9c obj_zoul/uip-ds6-route.o
                0x0000000000207a90                uip_ds6_route_rm
 .text.rm_routelist
                0x0000000000207b2c       0x30 obj_zoul/uip-ds6-route.o
 .text.uip_ds6_route_add
                0x0000000000207b5c      0x110 obj_zoul/uip-ds6-route.o
                0x0000000000207b5c                uip_ds6_route_add
 .text.uip_ds6_defrt_rm
                0x0000000000207c6c       0x44 obj_zoul/uip-ds6-route.o
                0x0000000000207c6c                uip_ds6_defrt_rm
 .text.uip_ds6_defrt_lookup
                0x0000000000207cb0       0x2c obj_zoul/uip-ds6-route.o
                0x0000000000207cb0                uip_ds6_defrt_lookup
 .text.uip_ds6_defrt_add
                0x0000000000207cdc       0x64 obj_zoul/uip-ds6-route.o
                0x0000000000207cdc                uip_ds6_defrt_add
 .text.uip_ds6_defrt_choose
                0x0000000000207d40       0x30 obj_zoul/uip-ds6-route.o
                0x0000000000207d40                uip_ds6_defrt_choose
 .text.uip_ds6_defrt_periodic
                0x0000000000207d70       0x30 obj_zoul/uip-ds6-route.o
                0x0000000000207d70                uip_ds6_defrt_periodic
 .text.echo_reply_input
                0x0000000000207da0       0x94 obj_zoul/uip-icmp6.o
 .text.echo_request_input
                0x0000000000207e34       0xc8 obj_zoul/uip-icmp6.o
 .text.uip_icmp6_input
                0x0000000000207efc       0x38 obj_zoul/uip-icmp6.o
                0x0000000000207efc                uip_icmp6_input
 .text.uip_icmp6_register_input_handler
                0x0000000000207f34        0xc obj_zoul/uip-icmp6.o
                0x0000000000207f34                uip_icmp6_register_input_handler
 .text.uip_icmp6_error_output
                0x0000000000207f40      0x14c obj_zoul/uip-icmp6.o
                0x0000000000207f40                uip_icmp6_error_output
 .text.uip_icmp6_send
                0x000000000020808c       0x90 obj_zoul/uip-icmp6.o
                0x000000000020808c                uip_icmp6_send
 .text.uip_icmp6_init
                0x000000000020811c       0x1c obj_zoul/uip-icmp6.o
                0x000000000020811c                uip_icmp6_init
 .text.dns_name_isequal
                0x0000000000208138       0xa0 obj_zoul/resolv.o
 .text.mdns_write_announce_records
                0x00000000002081d8       0x88 obj_zoul/resolv.o
 .text.mdns_prep_host_announce_packet
                0x0000000000208260       0x78 obj_zoul/resolv.o
 .text.start_name_collision_check
                0x00000000002082d8       0x20 obj_zoul/resolv.o
 .text.remove_trailing_dots
                0x00000000002082f8       0x38 obj_zoul/resolv.o
 .text.resolv_found
                0x0000000000208330       0xd0 obj_zoul/resolv.o
 .text.resolv_set_hostname
                0x0000000000208400       0x40 obj_zoul/resolv.o
                0x0000000000208400                resolv_set_hostname
 .text.process_thread_resolv_process
                0x0000000000208440      0x644 obj_zoul/resolv.o
 .text.resolv_query
                0x0000000000208a84      0x124 obj_zoul/resolv.o
                0x0000000000208a84                resolv_query
 .text.process_thread_mdns_probe_process
                0x0000000000208ba8       0xac obj_zoul/resolv.o
 .text.resolv_lookup
                0x0000000000208c54       0x70 obj_zoul/resolv.o
                0x0000000000208c54                resolv_lookup
 .text.start_periodic_tcp_timer
                0x0000000000208cc4       0x1c obj_zoul/tcpip.o
 .text.tcpip_output
                0x0000000000208ce0       0x14 obj_zoul/tcpip.o
                0x0000000000208ce0                tcpip_output
 .text.tcpip_set_outputfunc
                0x0000000000208cf4        0xc obj_zoul/tcpip.o
                0x0000000000208cf4                tcpip_set_outputfunc
 .text.tcp_unlisten
                0x0000000000208d00       0x34 obj_zoul/tcpip.o
                0x0000000000208d00                tcp_unlisten
 .text.tcp_attach
                0x0000000000208d34       0x10 obj_zoul/tcpip.o
                0x0000000000208d34                tcp_attach
 .text.udp_new  0x0000000000208d44       0x18 obj_zoul/tcpip.o
                0x0000000000208d44                udp_new
 .text.tcpip_icmp6_call
                0x0000000000208d5c       0x28 obj_zoul/tcpip.o
                0x0000000000208d5c                tcpip_icmp6_call
 .text.tcpip_input
                0x0000000000208d84       0x24 obj_zoul/tcpip.o
                0x0000000000208d84                tcpip_input
 .text.tcpip_ipv6_output
                0x0000000000208da8       0xb4 obj_zoul/tcpip.o
                0x0000000000208da8                tcpip_ipv6_output
 .text.process_thread_tcpip_process
                0x0000000000208e5c      0x1a8 obj_zoul/tcpip.o
 .text.tcpip_poll_udp
                0x0000000000209004       0x10 obj_zoul/tcpip.o
                0x0000000000209004                tcpip_poll_udp
 .text.tcpip_poll_tcp
                0x0000000000209014       0x10 obj_zoul/tcpip.o
                0x0000000000209014                tcpip_poll_tcp
 .text.tcp_connect
                0x0000000000209024       0x20 obj_zoul/tcpip.o
                0x0000000000209024                tcp_connect
 .text.tcpip_uipcall
                0x0000000000209044       0x68 obj_zoul/tcpip.o
                0x0000000000209044                tcpip_uipcall
 .text.newdata  0x00000000002090ac       0x54 obj_zoul/tcp-socket.o
 .text.senddata
                0x0000000000209100       0x28 obj_zoul/tcp-socket.o
 .text.process_thread_tcp_socket_process
                0x0000000000209128      0x1d0 obj_zoul/tcp-socket.o
 .text.tcp_socket_register
                0x00000000002092f8       0x6c obj_zoul/tcp-socket.o
                0x00000000002092f8                tcp_socket_register
 .text.tcp_socket_connect
                0x0000000000209364       0x4c obj_zoul/tcp-socket.o
                0x0000000000209364                tcp_socket_connect
 .text.tcp_socket_unlisten
                0x00000000002093b0       0x3c obj_zoul/tcp-socket.o
                0x00000000002093b0                tcp_socket_unlisten
 .text.tcp_socket_unregister
                0x00000000002093ec       0x2c obj_zoul/tcp-socket.o
                0x00000000002093ec                tcp_socket_unregister
 .text.uip_debug_ipaddr_print
                0x0000000000209418       0xa0 obj_zoul/uip-debug.o
                0x0000000000209418                uip_debug_ipaddr_print
 .text.uip_nameserver_get
                0x00000000002094b8       0x10 obj_zoul/uip-nameserver.o
                0x00000000002094b8                uip_nameserver_get
 .text.uip_udp_packet_send
                0x00000000002094c8       0x38 obj_zoul/uip-udp-packet.o
                0x00000000002094c8                uip_udp_packet_send
 .text.rpl_get_mode
                0x0000000000209500        0xc obj_zoul/rpl.o
                0x0000000000209500                rpl_get_mode
 .text.rpl_purge_routes
                0x000000000020950c       0x64 obj_zoul/rpl.o
                0x000000000020950c                rpl_purge_routes
 .text.rpl_link_neighbor_callback
                0x0000000000209570       0x54 obj_zoul/rpl.o
                0x0000000000209570                rpl_link_neighbor_callback
 .text.rpl_ipv6_neighbor_callback
                0x00000000002095c4       0x28 obj_zoul/rpl.o
                0x00000000002095c4                rpl_ipv6_neighbor_callback
 .text.rpl_purge_dags
                0x00000000002095ec       0x3c obj_zoul/rpl.o
                0x00000000002095ec                rpl_purge_dags
 .text.rpl_init
                0x0000000000209628       0x4c obj_zoul/rpl.o
                0x0000000000209628                rpl_init
 .text.rpl_set_preferred_parent
                0x0000000000209674       0x28 obj_zoul/rpl-dag.o
 .text.set_ip_from_prefix
                0x000000000020969c       0x2c obj_zoul/rpl-dag.o
 .text.find_parent_any_dag_any_instance
                0x00000000002096c8       0x1c obj_zoul/rpl-dag.o
 .text.rpl_dag_init
                0x00000000002096e4       0x14 obj_zoul/rpl-dag.o
                0x00000000002096e4                rpl_dag_init
 .text.rpl_get_parent
                0x00000000002096f8       0x10 obj_zoul/rpl-dag.o
                0x00000000002096f8                rpl_get_parent
 .text.rpl_get_parent_lladdr
                0x0000000000209708       0x10 obj_zoul/rpl-dag.o
                0x0000000000209708                rpl_get_parent_lladdr
 .text.best_parent
                0x0000000000209718       0x74 obj_zoul/rpl-dag.o
 .text.rpl_alloc_instance
                0x000000000020978c       0x34 obj_zoul/rpl-dag.o
                0x000000000020978c                rpl_alloc_instance
 .text.rpl_add_parent
                0x00000000002097c0       0x30 obj_zoul/rpl-dag.o
                0x00000000002097c0                rpl_add_parent
 .text.rpl_remove_parent
                0x00000000002097f0       0x1c obj_zoul/rpl-dag.o
                0x00000000002097f0                rpl_remove_parent
 .text.remove_parents.constprop.3
                0x000000000020980c       0x2c obj_zoul/rpl-dag.o
 .text.rpl_get_any_dag
                0x0000000000209838       0x18 obj_zoul/rpl-dag.o
                0x0000000000209838                rpl_get_any_dag
 .text.rpl_get_instance
                0x0000000000209850       0x1c obj_zoul/rpl-dag.o
                0x0000000000209850                rpl_get_instance
 .text.rpl_find_of
                0x000000000020986c       0x14 obj_zoul/rpl-dag.o
                0x000000000020986c                rpl_find_of
 .text.rpl_join_instance
                0x0000000000209880      0x13c obj_zoul/rpl-dag.o
                0x0000000000209880                rpl_join_instance
 .text.rpl_local_repair
                0x00000000002099bc       0x74 obj_zoul/rpl-dag.o
                0x00000000002099bc                rpl_local_repair
 .text.rpl_recalculate_ranks
                0x0000000000209a30       0x3c obj_zoul/rpl-dag.o
                0x0000000000209a30                rpl_recalculate_ranks
 .text.update_hbh_header
                0x0000000000209a6c       0xc4 obj_zoul/rpl-ext-header.o
 .text.insert_hbh_header
                0x0000000000209b30       0x9c obj_zoul/rpl-ext-header.o
 .text.rpl_verify_hbh_header
                0x0000000000209bcc       0xec obj_zoul/rpl-ext-header.o
                0x0000000000209bcc                rpl_verify_hbh_header
 .text.rpl_remove_header
                0x0000000000209cb8       0x78 obj_zoul/rpl-ext-header.o
                0x0000000000209cb8                rpl_remove_header
 .text.rpl_update_header
                0x0000000000209d30       0x64 obj_zoul/rpl-ext-header.o
                0x0000000000209d30                rpl_update_header
 .text.dao_ack_input
                0x0000000000209d94       0x14 obj_zoul/rpl-icmp6.o
 .text.dio_input
                0x0000000000209da8      0x248 obj_zoul/rpl-icmp6.o
 .text.dao_input
                0x0000000000209ff0      0x268 obj_zoul/rpl-icmp6.o
 .text.dis_output
                0x000000000020a258       0x54 obj_zoul/rpl-icmp6.o
                0x000000000020a258                dis_output
 .text.dio_output
                0x000000000020a2ac      0x218 obj_zoul/rpl-icmp6.o
                0x000000000020a2ac                dio_output
 .text.dis_input
                0x000000000020a4c4       0x50 obj_zoul/rpl-icmp6.o
 .text.dao_output_target
                0x000000000020a514      0x100 obj_zoul/rpl-icmp6.o
                0x000000000020a514                dao_output_target
 .text.dao_output
                0x000000000020a614       0x90 obj_zoul/rpl-icmp6.o
                0x000000000020a614                dao_output
 .text.rpl_icmp6_register_handlers
                0x000000000020a6a4       0x30 obj_zoul/rpl-icmp6.o
                0x000000000020a6a4                rpl_icmp6_register_handlers
 .text.update_nbr
                0x000000000020a6d4      0x10c obj_zoul/rpl-nbr-policy.o
 .text.handle_periodic_timer
                0x000000000020a7e0       0x14 obj_zoul/rpl-nbr-policy.o
 .text.find_removable_dis
                0x000000000020a7f4       0x20 obj_zoul/rpl-nbr-policy.o
                0x000000000020a7f4                find_removable_dis
 .text.find_removable_dio
                0x000000000020a814       0x40 obj_zoul/rpl-nbr-policy.o
                0x000000000020a814                find_removable_dio
 .text.find_removable_dao
                0x000000000020a854       0x38 obj_zoul/rpl-nbr-policy.o
                0x000000000020a854                find_removable_dao
 .text.rpl_nbr_policy_find_removable
                0x000000000020a88c       0x28 obj_zoul/rpl-nbr-policy.o
                0x000000000020a88c                rpl_nbr_policy_find_removable
 .text.new_dio_interval
                0x000000000020a8b4       0x58 obj_zoul/rpl-timers.o
 .text.handle_periodic_timer
                0x000000000020a90c       0x4c obj_zoul/rpl-timers.o
 .text.set_dao_lifetime_timer
                0x000000000020a958       0x4c obj_zoul/rpl-timers.o
 .text.handle_dio_timer
                0x000000000020a9a4       0x80 obj_zoul/rpl-timers.o
 .text.schedule_dao
                0x000000000020aa24       0x54 obj_zoul/rpl-timers.o
 .text.handle_dao_timer
                0x000000000020aa78       0x58 obj_zoul/rpl-timers.o
 .text.rpl_reset_periodic_timer
                0x000000000020aad0       0x34 obj_zoul/rpl-timers.o
                0x000000000020aad0                rpl_reset_periodic_timer
 .text.rpl_schedule_unicast_dio_immediately
                0x000000000020ab04       0x14 obj_zoul/rpl-timers.o
                0x000000000020ab04                rpl_schedule_unicast_dio_immediately
 .text.get_probing_target
                0x000000000020ab18       0xcc obj_zoul/rpl-timers.o
                0x000000000020ab18                get_probing_target
 .text.rpl_schedule_probing
                0x000000000020abe4       0x20 obj_zoul/rpl-timers.o
                0x000000000020abe4                rpl_schedule_probing
 .text.periodic
                0x000000000020ac04       0x2c obj_zoul/link-stats.o
 .text.link_stats_from_lladdr
                0x000000000020ac30        0xc obj_zoul/link-stats.o
                0x000000000020ac30                link_stats_from_lladdr
 .text.link_stats_packet_sent
                0x000000000020ac3c       0x78 obj_zoul/link-stats.o
                0x000000000020ac3c                link_stats_packet_sent
 .text.link_stats_input_callback
                0x000000000020acb4       0x4c obj_zoul/link-stats.o
                0x000000000020acb4                link_stats_input_callback
 .text.link_stats_init
                0x000000000020ad00       0x28 obj_zoul/link-stats.o
                0x000000000020ad00                link_stats_init
 .text.index_from_key
                0x000000000020ad28       0x20 obj_zoul/nbr-table.o
 .text.index_from_lladdr
                0x000000000020ad48       0x40 obj_zoul/nbr-table.o
 .text.key_from_item
                0x000000000020ad88       0x2c obj_zoul/nbr-table.o
 .text.nbr_get_bit.constprop.0
                0x000000000020adb4       0x30 obj_zoul/nbr-table.o
 .text.remove_key
                0x000000000020ade4       0x58 obj_zoul/nbr-table.o
 .text.nbr_table_register
                0x000000000020ae3c       0x28 obj_zoul/nbr-table.o
                0x000000000020ae3c                nbr_table_register
 .text.nbr_table_head
                0x000000000020ae64       0x34 obj_zoul/nbr-table.o
                0x000000000020ae64                nbr_table_head
 .text.nbr_table_add_lladdr
                0x000000000020ae98      0x118 obj_zoul/nbr-table.o
                0x000000000020ae98                nbr_table_add_lladdr
 .text.nbr_table_remove
                0x000000000020afb0       0x2c obj_zoul/nbr-table.o
                0x000000000020afb0                nbr_table_remove
 .text.nbr_table_lock
                0x000000000020afdc       0x14 obj_zoul/nbr-table.o
                0x000000000020afdc                nbr_table_lock
 .text.nbr_table_unlock
                0x000000000020aff0       0x14 obj_zoul/nbr-table.o
                0x000000000020aff0                nbr_table_unlock
 .text.netstack_init
                0x000000000020b004       0x38 obj_zoul/netstack.o
                0x000000000020b004                netstack_init
 .text.packetbuf_hdrreduce
                0x000000000020b03c       0x28 obj_zoul/packetbuf.o
                0x000000000020b03c                packetbuf_hdrreduce
 .text.packetbuf_set_datalen
                0x000000000020b064        0xc obj_zoul/packetbuf.o
                0x000000000020b064                packetbuf_set_datalen
 .text.packetbuf_hdrptr
                0x000000000020b070        0x8 obj_zoul/packetbuf.o
                0x000000000020b070                packetbuf_hdrptr
 .text.packetbuf_datalen
                0x000000000020b078        0xc obj_zoul/packetbuf.o
                0x000000000020b078                packetbuf_datalen
 .text.packetbuf_hdrlen
                0x000000000020b084       0x18 obj_zoul/packetbuf.o
                0x000000000020b084                packetbuf_hdrlen
 .text.packetbuf_dataptr
                0x000000000020b09c       0x10 obj_zoul/packetbuf.o
                0x000000000020b09c                packetbuf_dataptr
 .text.packetbuf_copyto
                0x000000000020b0ac       0x40 obj_zoul/packetbuf.o
                0x000000000020b0ac                packetbuf_copyto
 .text.packetbuf_totlen
                0x000000000020b0ec       0x14 obj_zoul/packetbuf.o
                0x000000000020b0ec                packetbuf_totlen
 .text.packetbuf_hdralloc
                0x000000000020b100       0x3c obj_zoul/packetbuf.o
                0x000000000020b100                packetbuf_hdralloc
 .text.packetbuf_attr_clear
                0x000000000020b13c       0x34 obj_zoul/packetbuf.o
                0x000000000020b13c                packetbuf_attr_clear
 .text.packetbuf_clear
                0x000000000020b170       0x20 obj_zoul/packetbuf.o
                0x000000000020b170                packetbuf_clear
 .text.packetbuf_copyfrom
                0x000000000020b190       0x2c obj_zoul/packetbuf.o
                0x000000000020b190                packetbuf_copyfrom
 .text.packetbuf_attr_copyto
                0x000000000020b1bc       0x34 obj_zoul/packetbuf.o
                0x000000000020b1bc                packetbuf_attr_copyto
 .text.packetbuf_attr_copyfrom
                0x000000000020b1f0       0x34 obj_zoul/packetbuf.o
                0x000000000020b1f0                packetbuf_attr_copyfrom
 .text.packetbuf_set_attr
                0x000000000020b224       0x10 obj_zoul/packetbuf.o
                0x000000000020b224                packetbuf_set_attr
 .text.packetbuf_attr
                0x000000000020b234        0xc obj_zoul/packetbuf.o
                0x000000000020b234                packetbuf_attr
 .text.packetbuf_set_addr
                0x000000000020b240       0x18 obj_zoul/packetbuf.o
                0x000000000020b240                packetbuf_set_addr
 .text.packetbuf_addr
                0x000000000020b258       0x10 obj_zoul/packetbuf.o
                0x000000000020b258                packetbuf_addr
 .text.packetbuf_holds_broadcast
                0x000000000020b268       0x10 obj_zoul/packetbuf.o
                0x000000000020b268                packetbuf_holds_broadcast
 .text.queuebuf_init
                0x000000000020b278       0x1c obj_zoul/queuebuf.o
                0x000000000020b278                queuebuf_init
 .text.queuebuf_numfree
                0x000000000020b294        0xc obj_zoul/queuebuf.o
                0x000000000020b294                queuebuf_numfree
 .text.queuebuf_new_from_packetbuf
                0x000000000020b2a0       0x44 obj_zoul/queuebuf.o
                0x000000000020b2a0                queuebuf_new_from_packetbuf
 .text.queuebuf_free
                0x000000000020b2e4       0x2c obj_zoul/queuebuf.o
                0x000000000020b2e4                queuebuf_free
 .text.queuebuf_to_packetbuf
                0x000000000020b310       0x30 obj_zoul/queuebuf.o
                0x000000000020b310                queuebuf_to_packetbuf
 .text.input_packet
                0x000000000020b340       0x10 obj_zoul/csma.o
 .text.on       0x000000000020b350       0x10 obj_zoul/csma.o
 .text.off      0x000000000020b360       0x10 obj_zoul/csma.o
 .text.channel_check_interval
                0x000000000020b370       0x10 obj_zoul/csma.o
 .text.transmit_packet_list
                0x000000000020b380       0x24 obj_zoul/csma.o
 .text.schedule_transmission
                0x000000000020b3a4       0x4c obj_zoul/csma.o
 .text.send_packet
                0x000000000020b3f0      0x138 obj_zoul/csma.o
 .text.init     0x000000000020b528       0x24 obj_zoul/csma.o
 .text.tx_done  0x000000000020b54c       0x84 obj_zoul/csma.o
 .text.frame802154_get_pan_id
                0x000000000020b5d0        0xc obj_zoul/frame802154.o
                0x000000000020b5d0                frame802154_get_pan_id
 .text.frame802154_parse
                0x000000000020b5dc      0x16c obj_zoul/frame802154.o
                0x000000000020b5dc                frame802154_parse
 .text.create_frame.isra.0
                0x000000000020b748      0x128 obj_zoul/framer-802154.o
 .text.mac_sequence_is_duplicate
                0x000000000020b870       0x4c obj_zoul/mac-sequence.o
                0x000000000020b870                mac_sequence_is_duplicate
 .text.mac_sequence_register_seqno
                0x000000000020b8bc       0x5c obj_zoul/mac-sequence.o
                0x000000000020b8bc                mac_sequence_register_seqno
 .text.init     0x000000000020b918       0x40 obj_zoul/contikimac.o
 .text.on       0x000000000020b958       0x28 obj_zoul/contikimac.o
 .text.off      0x000000000020b980       0x34 obj_zoul/contikimac.o
 .text.recv_burst_off
                0x000000000020b9b4       0x14 obj_zoul/contikimac.o
 .text.powercycle_turn_radio_off
                0x000000000020b9c8       0x1c obj_zoul/contikimac.o
 .text.turn_off
                0x000000000020b9e4       0x34 obj_zoul/contikimac.o
 .text.turn_on  0x000000000020ba18       0x40 obj_zoul/contikimac.o
 .text.schedule_powercycle_fixed
                0x000000000020ba58       0x34 obj_zoul/contikimac.o
 .text.input_packet
                0x000000000020ba8c       0x9c obj_zoul/contikimac.o
 .text.send_packet.isra.8
                0x000000000020bb28      0x204 obj_zoul/contikimac.o
 .text.qsend_list
                0x000000000020bd2c       0xc4 obj_zoul/contikimac.o
 .text.powercycle_wrapper
                0x000000000020bdf0      0x1e8 obj_zoul/contikimac.o
 .text.input    0x000000000020bfd8       0x10 obj_zoul/nullsec.o
 .text.send     0x000000000020bfe8       0x20 obj_zoul/nullsec.o
 .text.process_thread_ubidots_demo_process
                0x000000000020c008      0x274 ubidots-demo.co
 .text          0x000000000020c27c       0x2c /usr/lib/gcc/arm-none-eabi/4.8.2/armv7-m/libgcc.a(_aeabi_uldivmod.o)
                0x000000000020c27c                __aeabi_uldivmod
 .text          0x000000000020c2a8       0x60 /usr/lib/gcc/arm-none-eabi/4.8.2/armv7-m/libgcc.a(bpabi.o)
                0x000000000020c2a8                __gnu_ldivmod_helper
                0x000000000020c2d8                __gnu_uldivmod_helper
 .text          0x000000000020c308        0x4 /usr/lib/gcc/arm-none-eabi/4.8.2/armv7-m/libgcc.a(_dvmd_tls.o)
                0x000000000020c308                __aeabi_ldiv0
                0x000000000020c308                __aeabi_idiv0
 .text          0x000000000020c30c      0x2bc /usr/lib/gcc/arm-none-eabi/4.8.2/armv7-m/libgcc.a(_divdi3.o)
                0x000000000020c30c                __divdi3
 .text          0x000000000020c5c8      0x284 /usr/lib/gcc/arm-none-eabi/4.8.2/armv7-m/libgcc.a(_udivdi3.o)
                0x000000000020c5c8                __udivdi3
 .text.memcmp   0x000000000020c84c       0x68 /usr/lib/gcc/arm-none-eabi/4.8.2/../../../arm-none-eabi/lib/armv7-m/libc.a(lib_a-memcmp.o)
                0x000000000020c84c                memcmp
 .text          0x000000000020c8b4       0xec /usr/lib/gcc/arm-none-eabi/4.8.2/../../../arm-none-eabi/lib/armv7-m/libc.a(lib_a-memcpy.o)
                0x000000000020c8b4                memcpy
 .text.memmove  0x000000000020c9a0       0xcc /usr/lib/gcc/arm-none-eabi/4.8.2/../../../arm-none-eabi/lib/armv7-m/libc.a(lib_a-memmove.o)
                0x000000000020c9a0                memmove
 .text.memset   0x000000000020ca6c       0x94 /usr/lib/gcc/arm-none-eabi/4.8.2/../../../arm-none-eabi/lib/armv7-m/libc.a(lib_a-memset.o)
                0x000000000020ca6c                memset
 .text.strcasecmp
                0x000000000020cb00       0x48 /usr/lib/gcc/arm-none-eabi/4.8.2/../../../arm-none-eabi/lib/armv7-m/libc.a(lib_a-strcasecmp.o)
                0x000000000020cb00                strcasecmp
 .text.strcat   0x000000000020cb48       0x4c /usr/lib/gcc/arm-none-eabi/4.8.2/../../../arm-none-eabi/lib/armv7-m/libc.a(lib_a-strcat.o)
                0x000000000020cb48                strcat
 .text          0x000000000020cb94      0x23c /usr/lib/gcc/arm-none-eabi/4.8.2/../../../arm-none-eabi/lib/armv7-m/libc.a(lib_a-strcmp.o)
                0x000000000020cb94                strcmp
 .text.strcpy   0x000000000020cdd0       0xbc /usr/lib/gcc/arm-none-eabi/4.8.2/../../../arm-none-eabi/lib/armv7-m/libc.a(lib_a-strcpy.o)
                0x000000000020cdd0                strcpy
 .text.strlen   0x000000000020ce8c       0x60 /usr/lib/gcc/arm-none-eabi/4.8.2/../../../arm-none-eabi/lib/armv7-m/libc.a(lib_a-strlen.o)
                0x000000000020ce8c                strlen
 .text.strncasecmp
                0x000000000020ceec       0x54 /usr/lib/gcc/arm-none-eabi/4.8.2/../../../arm-none-eabi/lib/armv7-m/libc.a(lib_a-strncasecmp.o)
                0x000000000020ceec                strncasecmp
 .text.strncat  0x000000000020cf40       0x64 /usr/lib/gcc/arm-none-eabi/4.8.2/../../../arm-none-eabi/lib/armv7-m/libc.a(lib_a-strncat.o)
                0x000000000020cf40                strncat
 .text.strncmp  0x000000000020cfa4       0xb4 /usr/lib/gcc/arm-none-eabi/4.8.2/../../../arm-none-eabi/lib/armv7-m/libc.a(lib_a-strncmp.o)
                0x000000000020cfa4                strncmp
 .text.strncpy  0x000000000020d058       0x68 /usr/lib/gcc/arm-none-eabi/4.8.2/../../../arm-none-eabi/lib/armv7-m/libc.a(lib_a-strncpy.o)
                0x000000000020d058                strncpy
 .text._strtol_r
                0x000000000020d0c0      0x124 /usr/lib/gcc/arm-none-eabi/4.8.2/../../../arm-none-eabi/lib/armv7-m/libc.a(lib_a-strtol.o)
                0x000000000020d0c0                _strtol_r
 .text.strtol   0x000000000020d1e4       0x1c /usr/lib/gcc/arm-none-eabi/4.8.2/../../../arm-none-eabi/lib/armv7-m/libc.a(lib_a-strtol.o)
                0x000000000020d1e4                strtol
 .text.default_handler
                0x000000000020d200        0x2 obj_zoul/startup-gcc.o
                0x000000000020d200                default_handler
 .text.nmi_handler
                0x000000000020d202        0x6 obj_zoul/startup-gcc.o
                0x000000000020d202                nmi_handler
 .text.fade     0x000000000020d208       0x54 obj_zoul/contiki-main.o
 .text.board_init
                0x000000000020d25c        0x4 obj_zoul/board.o
                0x000000000020d25c                board_init
 .text.clock_isr
                0x000000000020d260        0x4 obj_zoul/clock.o
                0x000000000020d260                clock_isr
 .text.rtimer_arch_init
                0x000000000020d264        0x2 obj_zoul/rtimer-arch.o
                0x000000000020d264                rtimer_arch_init
 .text.uart0_isr
                0x000000000020d266        0x6 obj_zoul/uart.o
                0x000000000020d266                uart0_isr
 .text.uart1_isr
                0x000000000020d26c        0x6 obj_zoul/uart.o
                0x000000000020d26c                uart1_isr
 .text.cpu_cpsie
                0x000000000020d272        0x8 obj_zoul/cpu.o
                0x000000000020d272                cpu_cpsie
 .text.cpu_cpsid
                0x000000000020d27a        0x8 obj_zoul/cpu.o
                0x000000000020d27a                cpu_cpsid
 .text.gpio_port_a_isr
                0x000000000020d282        0x6 obj_zoul/gpio.o
                0x000000000020d282                gpio_port_a_isr
 .text.gpio_port_b_isr
                0x000000000020d288        0x6 obj_zoul/gpio.o
                0x000000000020d288                gpio_port_b_isr
 .text.gpio_port_c_isr
                0x000000000020d28e        0x6 obj_zoul/gpio.o
                0x000000000020d28e                gpio_port_c_isr
 .text.gpio_port_d_isr
                0x000000000020d294        0x6 obj_zoul/gpio.o
                0x000000000020d294                gpio_port_d_isr
 .text.send     0x000000000020d29a       0x12 obj_zoul/cc2538-rf.o
 .text.putchar  0x000000000020d2ac       0x10 obj_zoul/dbg.o
                0x000000000020d2ac                putchar
 .text.dbg_send_bytes
                0x000000000020d2bc       0x22 obj_zoul/dbg.o
                0x000000000020d2bc                dbg_send_bytes
 .text.puts     0x000000000020d2de       0x20 obj_zoul/dbg.o
                0x000000000020d2de                puts
 .text.configure
                0x000000000020d2fe        0x4 obj_zoul/cc2538-temp-sensor.o
 .text.status   0x000000000020d302        0x4 obj_zoul/cc2538-temp-sensor.o
 .text.value    0x000000000020d306       0x34 obj_zoul/cc2538-temp-sensor.o
 .text.configure
                0x000000000020d33a        0x4 obj_zoul/vdd3-sensor.o
 .text.status   0x000000000020d33e        0x4 obj_zoul/vdd3-sensor.o
 .text.value    0x000000000020d342       0x2a obj_zoul/vdd3-sensor.o
 .text.write_str
                0x000000000020d36c       0x10 obj_zoul/dbg-printf.o
 .text.buffer_str
                0x000000000020d37c       0x28 obj_zoul/dbg-snprintf.o
 .text.snprintf
                0x000000000020d3a4       0x1a obj_zoul/dbg-snprintf.o
                0x000000000020d3a4                snprintf
 .text.autostart_start
                0x000000000020d3be       0x14 obj_zoul/autostart.o
                0x000000000020d3be                autostart_start
 .text.energest_init
                0x000000000020d3d2        0x2 obj_zoul/energest.o
                0x000000000020d3d2                energest_init
 .text.etimer_set
                0x000000000020d3d4       0x12 obj_zoul/etimer.o
                0x000000000020d3d4                etimer_set
 .text.etimer_reset
                0x000000000020d3e6       0x12 obj_zoul/etimer.o
                0x000000000020d3e6                etimer_reset
 .text.etimer_restart
                0x000000000020d3f8       0x12 obj_zoul/etimer.o
                0x000000000020d3f8                etimer_restart
 .text.etimer_expired
                0x000000000020d40a        0xc obj_zoul/etimer.o
                0x000000000020d40a                etimer_expired
 .text.etimer_expiration_time
                0x000000000020d416        0x6 obj_zoul/etimer.o
                0x000000000020d416                etimer_expiration_time
 .text.call_process
                0x000000000020d41c        0xc obj_zoul/process.o
 .text.rtimer_init
                0x000000000020d428        0x4 obj_zoul/rtimer.o
                0x000000000020d428                rtimer_init
 .text.stimer_set
                0x000000000020d42c        0xe obj_zoul/stimer.o
                0x000000000020d42c                stimer_set
 .text.timer_set
                0x000000000020d43a        0xe obj_zoul/timer.o
                0x000000000020d43a                timer_set
 .text.timer_reset
                0x000000000020d448        0xa obj_zoul/timer.o
                0x000000000020d448                timer_reset
 .text.timer_restart
                0x000000000020d452        0xc obj_zoul/timer.o
                0x000000000020d452                timer_restart
 .text.timer_expired
                0x000000000020d45e       0x1c obj_zoul/timer.o
                0x000000000020d45e                timer_expired
 .text.list_init
                0x000000000020d47a        0x6 obj_zoul/list.o
                0x000000000020d47a                list_init
 .text.list_head
                0x000000000020d480        0x4 obj_zoul/list.o
                0x000000000020d480                list_head
 .text.list_tail
                0x000000000020d484        0xe obj_zoul/list.o
                0x000000000020d484                list_tail
 .text.list_remove
                0x000000000020d492       0x28 obj_zoul/list.o
                0x000000000020d492                list_remove
 .text.list_add
                0x000000000020d4ba       0x1e obj_zoul/list.o
                0x000000000020d4ba                list_add
 .text.list_push
                0x000000000020d4d8       0x12 obj_zoul/list.o
                0x000000000020d4d8                list_push
 .text.list_length
                0x000000000020d4ea        0xe obj_zoul/list.o
                0x000000000020d4ea                list_length
 .text.list_item_next
                0x000000000020d4f8        0x6 obj_zoul/list.o
                0x000000000020d4f8                list_item_next
 .text.memb_init
                0x000000000020d4fe       0x20 obj_zoul/memb.o
                0x000000000020d4fe                memb_init
 .text.memb_alloc
                0x000000000020d51e       0x28 obj_zoul/memb.o
                0x000000000020d51e                memb_alloc
 .text.memb_free
                0x000000000020d546       0x2c obj_zoul/memb.o
                0x000000000020d546                memb_free
 .text.memb_inmemb
                0x000000000020d572       0x1c obj_zoul/memb.o
                0x000000000020d572                memb_inmemb
 .text.memb_numfree
                0x000000000020d58e       0x1c obj_zoul/memb.o
                0x000000000020d58e                memb_numfree
 .text.ringbuf_init
                0x000000000020d5aa        0xe obj_zoul/ringbuf.o
                0x000000000020d5aa                ringbuf_init
 .text.ringbuf_put
                0x000000000020d5b8       0x26 obj_zoul/ringbuf.o
                0x000000000020d5b8                ringbuf_put
 .text.ringbuf_get
                0x000000000020d5de       0x20 obj_zoul/ringbuf.o
                0x000000000020d5de                ringbuf_get
 .text.chksum   0x000000000020d5fe       0x38 obj_zoul/uip6.o
 .text.uip_icmp6chksum
                0x000000000020d636        0x6 obj_zoul/uip6.o
                0x000000000020d636                uip_icmp6chksum
 .text.uip_tcpchksum
                0x000000000020d63c        0x6 obj_zoul/uip6.o
                0x000000000020d63c                uip_tcpchksum
 .text.uip_udpchksum
                0x000000000020d642        0x6 obj_zoul/uip6.o
                0x000000000020d642                uip_udpchksum
 .text.uip_htons
                0x000000000020d648        0x6 obj_zoul/uip6.o
                0x000000000020d648                uip_htons
 .text.uip_htonl
                0x000000000020d64e       0x14 obj_zoul/uip6.o
                0x000000000020d64e                uip_htonl
 .text.uip_ds6_list_loop
                0x000000000020d662       0x4a obj_zoul/uip-ds6.o
                0x000000000020d662                uip_ds6_list_loop
 .text.uip_ds6_maddr_rm
                0x000000000020d6ac        0x8 obj_zoul/uip-ds6.o
                0x000000000020d6ac                uip_ds6_maddr_rm
 .text.uip_ds6_set_addr_iid
                0x000000000020d6b4       0x12 obj_zoul/uip-ds6.o
                0x000000000020d6b4                uip_ds6_set_addr_iid
 .text.get_match_length
                0x000000000020d6c6       0x38 obj_zoul/uip-ds6.o
                0x000000000020d6c6                get_match_length
 .text.uip_ds6_nbr_ipaddr_from_lladdr
                0x000000000020d6fe        0x4 obj_zoul/uip-ds6-nbr.o
                0x000000000020d6fe                uip_ds6_nbr_ipaddr_from_lladdr
 .text.uip_ds6_nbr_lladdr_from_ipaddr
                0x000000000020d702       0x12 obj_zoul/uip-ds6-nbr.o
                0x000000000020d702                uip_ds6_nbr_lladdr_from_ipaddr
 .text.uip_ds6_route_next
                0x000000000020d714        0x8 obj_zoul/uip-ds6-route.o
                0x000000000020d714                uip_ds6_route_next
 .text.rm_routelist_callback
                0x000000000020d71c        0x4 obj_zoul/uip-ds6-route.o
 .text.uip_nd6_init
                0x000000000020d720        0x2 obj_zoul/uip-nd6.o
                0x000000000020d720                uip_nd6_init
 .text.skip_name
                0x000000000020d722       0x1c obj_zoul/resolv.o
 .text.encode_name
                0x000000000020d73e       0x32 obj_zoul/resolv.o
 .text.call_event
                0x000000000020d770       0x10 obj_zoul/tcp-socket.o
 .text.relisten
                0x000000000020d780       0x14 obj_zoul/tcp-socket.o
 .text.tcp_socket_send
                0x000000000020d794       0x36 obj_zoul/tcp-socket.o
                0x000000000020d794                tcp_socket_send
 .text.uiplib_ip6addrconv
                0x000000000020d7ca       0xba obj_zoul/uiplib.o
                0x000000000020d7ca                uiplib_ip6addrconv
 .text.uip_udp_packet_sendto
                0x000000000020d884       0x56 obj_zoul/uip-udp-packet.o
                0x000000000020d884                uip_udp_packet_sendto
 .text.rpl_remove_routes
                0x000000000020d8da       0x1e obj_zoul/rpl.o
                0x000000000020d8da                rpl_remove_routes
 .text.rpl_remove_routes_by_nexthop
                0x000000000020d8f8       0x30 obj_zoul/rpl.o
                0x000000000020d8f8                rpl_remove_routes_by_nexthop
 .text.rpl_add_route
                0x000000000020d928       0x2e obj_zoul/rpl.o
                0x000000000020d928                rpl_add_route
 .text.lollipop_greater_than
                0x000000000020d956       0x32 obj_zoul/rpl-dag.o
 .text.check_prefix
                0x000000000020d988       0x58 obj_zoul/rpl-dag.o
 .text.rpl_rank_via_parent
                0x000000000020d9e0       0x1e obj_zoul/rpl-dag.o
                0x000000000020d9e0                rpl_rank_via_parent
 .text.rpl_get_parent_ipaddr
                0x000000000020d9fe        0xe obj_zoul/rpl-dag.o
                0x000000000020d9fe                rpl_get_parent_ipaddr
 .text.rpl_get_parent_link_stats
                0x000000000020da0c        0xe obj_zoul/rpl-dag.o
                0x000000000020da0c                rpl_get_parent_link_stats
 .text.rpl_parent_is_fresh
                0x000000000020da1a        0xe obj_zoul/rpl-dag.o
                0x000000000020da1a                rpl_parent_is_fresh
 .text.rpl_parent_is_reachable
                0x000000000020da28       0x36 obj_zoul/rpl-dag.o
                0x000000000020da28                rpl_parent_is_reachable
 .text.rpl_set_prefix
                0x000000000020da5e       0x6e obj_zoul/rpl-dag.o
                0x000000000020da5e                rpl_set_prefix
 .text.rpl_set_default_route
                0x000000000020dacc       0x30 obj_zoul/rpl-dag.o
                0x000000000020dacc                rpl_set_default_route
 .text.rpl_find_parent
                0x000000000020dafc       0x18 obj_zoul/rpl-dag.o
                0x000000000020dafc                rpl_find_parent
 .text.rpl_find_parent_any_dag
                0x000000000020db14       0x1e obj_zoul/rpl-dag.o
                0x000000000020db14                rpl_find_parent_any_dag
 .text.rpl_select_parent
                0x000000000020db32       0x4a obj_zoul/rpl-dag.o
                0x000000000020db32                rpl_select_parent
 .text.rpl_select_dag
                0x000000000020db7c      0x15c obj_zoul/rpl-dag.o
                0x000000000020db7c                rpl_select_dag
 .text.rpl_nullify_parent
                0x000000000020dcd8       0x54 obj_zoul/rpl-dag.o
                0x000000000020dcd8                rpl_nullify_parent
 .text.nbr_callback
                0x000000000020dd2c        0x4 obj_zoul/rpl-dag.o
 .text.rpl_free_dag
                0x000000000020dd30       0x3a obj_zoul/rpl-dag.o
                0x000000000020dd30                rpl_free_dag
 .text.rpl_move_parent
                0x000000000020dd6a       0x54 obj_zoul/rpl-dag.o
                0x000000000020dd6a                rpl_move_parent
 .text.rpl_repair_root
                0x000000000020ddbe       0x48 obj_zoul/rpl-dag.o
                0x000000000020ddbe                rpl_repair_root
 .text.rpl_alloc_dag
                0x000000000020de06       0x48 obj_zoul/rpl-dag.o
                0x000000000020de06                rpl_alloc_dag
 .text.rpl_process_parent_event
                0x000000000020de4e       0x96 obj_zoul/rpl-dag.o
                0x000000000020de4e                rpl_process_parent_event
 .text.rpl_add_dag
                0x000000000020dee4      0x10a obj_zoul/rpl-dag.o
                0x000000000020dee4                rpl_add_dag
 .text.rpl_process_dio
                0x000000000020dfee      0x2e8 obj_zoul/rpl-dag.o
                0x000000000020dfee                rpl_process_dio
 .text.get32    0x000000000020e2d6       0x18 obj_zoul/rpl-icmp6.o
 .text.set32    0x000000000020e2ee       0x12 obj_zoul/rpl-icmp6.o
 .text.get16    0x000000000020e300        0xc obj_zoul/rpl-icmp6.o
 .text.set16    0x000000000020e30c        0xa obj_zoul/rpl-icmp6.o
 .text.rpl_icmp6_update_nbr_table
                0x000000000020e316       0x2e obj_zoul/rpl-icmp6.o
                0x000000000020e316                rpl_icmp6_update_nbr_table
 .text.reset    0x000000000020e344        0x2 obj_zoul/rpl-mrhof.o
 .text.update_metric_container
                0x000000000020e346        0x6 obj_zoul/rpl-mrhof.o
 .text.parent_link_metric
                0x000000000020e34c       0x12 obj_zoul/rpl-mrhof.o
 .text.parent_has_usable_link
                0x000000000020e35e       0x12 obj_zoul/rpl-mrhof.o
 .text.best_dag
                0x000000000020e370       0x28 obj_zoul/rpl-mrhof.o
 .text.parent_path_cost
                0x000000000020e398       0x30 obj_zoul/rpl-mrhof.o
 .text.parent_is_acceptable
                0x000000000020e3c8       0x26 obj_zoul/rpl-mrhof.o
 .text.rank_via_parent
                0x000000000020e3ee       0x34 obj_zoul/rpl-mrhof.o
 .text.best_parent
                0x000000000020e422       0x66 obj_zoul/rpl-mrhof.o
 .text.handle_unicast_dio_timer
                0x000000000020e488       0x1c obj_zoul/rpl-timers.o
 .text.rpl_reset_dio_timer
                0x000000000020e4a4       0x1c obj_zoul/rpl-timers.o
                0x000000000020e4a4                rpl_reset_dio_timer
 .text.rpl_schedule_dao
                0x000000000020e4c0        0x8 obj_zoul/rpl-timers.o
                0x000000000020e4c0                rpl_schedule_dao
 .text.get_probing_delay
                0x000000000020e4c8       0x3a obj_zoul/rpl-timers.o
                0x000000000020e4c8                get_probing_delay
 .text.handle_probing_timer
                0x000000000020e502       0x32 obj_zoul/rpl-timers.o
 .text.linkaddr_copy
                0x000000000020e534        0xa obj_zoul/linkaddr.o
                0x000000000020e534                linkaddr_copy
 .text.linkaddr_cmp
                0x000000000020e53e       0x12 obj_zoul/linkaddr.o
                0x000000000020e53e                linkaddr_cmp
 .text.link_stats_is_fresh
                0x000000000020e550       0x24 obj_zoul/link-stats.o
                0x000000000020e550                link_stats_is_fresh
 .text.nbr_set_bit
                0x000000000020e574       0x34 obj_zoul/nbr-table.o
 .text.item_from_key
                0x000000000020e5a8       0x22 obj_zoul/nbr-table.o
 .text.nbr_table_next
                0x000000000020e5ca       0x2e obj_zoul/nbr-table.o
                0x000000000020e5ca                nbr_table_next
 .text.nbr_table_get_from_lladdr
                0x000000000020e5f8       0x32 obj_zoul/nbr-table.o
                0x000000000020e5f8                nbr_table_get_from_lladdr
 .text.nbr_table_get_lladdr
                0x000000000020e62a        0xc obj_zoul/nbr-table.o
                0x000000000020e62a                nbr_table_get_lladdr
 .text.queuebuf_update_attr_from_packetbuf
                0x000000000020e636        0xc obj_zoul/queuebuf.o
                0x000000000020e636                queuebuf_update_attr_from_packetbuf
 .text.queuebuf_update_from_packetbuf
                0x000000000020e642       0x1c obj_zoul/queuebuf.o
                0x000000000020e642                queuebuf_update_from_packetbuf
 .text.queuebuf_attr
                0x000000000020e65e        0xc obj_zoul/queuebuf.o
                0x000000000020e65e                queuebuf_attr
 .text.packet_sent
                0x000000000020e66a       0xca obj_zoul/csma.o
 .text.frame802154_has_panid
                0x000000000020e734       0x66 obj_zoul/frame802154.o
                0x000000000020e734                frame802154_has_panid
 .text.field_len
                0x000000000020e79a       0x84 obj_zoul/frame802154.o
 .text.frame802154_is_broadcast_addr
                0x000000000020e81e       0x20 obj_zoul/frame802154.o
                0x000000000020e81e                frame802154_is_broadcast_addr
 .text.frame802154_hdrlen
                0x000000000020e83e       0x32 obj_zoul/frame802154.o
                0x000000000020e83e                frame802154_hdrlen
 .text.frame802154_create
                0x000000000020e870       0xee obj_zoul/frame802154.o
                0x000000000020e870                frame802154_create
 .text.parse    0x000000000020e95e       0x94 obj_zoul/framer-802154.o
 .text.create   0x000000000020e9f2        0x6 obj_zoul/framer-802154.o
 .text.hdr_length
                0x000000000020e9f8        0x6 obj_zoul/framer-802154.o
 .text.mac_call_sent_callback
                0x000000000020e9fe       0x10 obj_zoul/mac.o
                0x000000000020e9fe                mac_call_sent_callback
 .text.duty_cycle
                0x000000000020ea0e        0x4 obj_zoul/contikimac.o
 .text.qsend_packet
                0x000000000020ea12       0x22 obj_zoul/contikimac.o
 .text.init     0x000000000020ea34        0x2 obj_zoul/nullsec.o
 *(SORT(.rodata*))
 *fill*         0x000000000020ea36        0x2 00000000
 .rodata.button_sensor
                0x000000000020ea38       0x10 obj_zoul/button-sensor.o
                0x000000000020ea38                button_sensor
 .rodata.uart_regs
                0x000000000020ea48       0x58 obj_zoul/uart.o
 .rodata.reset_cause.4692
                0x000000000020eaa0       0x10 obj_zoul/sys-ctrl.o
 .rodata.output_power
                0x000000000020eab0       0x70 obj_zoul/cc2538-rf.o
 .rodata.cc2538_rf_driver
                0x000000000020eb20       0x38 obj_zoul/cc2538-rf.o
                0x000000000020eb20                cc2538_rf_driver
 .rodata.cc2538_temp_sensor
                0x000000000020eb58       0x10 obj_zoul/cc2538-temp-sensor.o
                0x000000000020eb58                cc2538_temp_sensor
 .rodata.vdd3_sensor
                0x000000000020eb68       0x10 obj_zoul/vdd3-sensor.o
                0x000000000020eb68                vdd3_sensor
 .rodata.sicslowpan_driver
                0x000000000020eb78        0xc obj_zoul/sicslowpan.o
                0x000000000020eb78                sicslowpan_driver
 .rodata.csma_driver
                0x000000000020eb84       0x1c obj_zoul/csma.o
                0x000000000020eb84                csma_driver
 .rodata.framer_802154
                0x000000000020eba0        0xc obj_zoul/framer-802154.o
                0x000000000020eba0                framer_802154
 .rodata.contikimac_driver
                0x000000000020ebac       0x20 obj_zoul/contikimac.o
                0x000000000020ebac                contikimac_driver
 .rodata.nullsec_driver
                0x000000000020ebcc       0x10 obj_zoul/nullsec.o
                0x000000000020ebcc                nullsec_driver
 .rodata.autostart_processes
                0x000000000020ebdc        0x8 ubidots-demo.co
                0x000000000020ebdc                autostart_processes
 .rodata._ctype_
                0x000000000020ebe4      0x104 /usr/lib/gcc/arm-none-eabi/4.8.2/../../../arm-none-eabi/lib/armv7-m/libc.a(lib_a-ctype_.o)
                0x000000000020ebe4                _ctype_
 .rodata.str1.4
                0x000000000020ece8        0x4 /usr/lib/gcc/arm-none-eabi/4.8.2/../../../arm-none-eabi/lib/armv7-m/libc.a(lib_a-impure.o)
 .rodata.nsec_record.6549
                0x000000000020ecec       0x12 obj_zoul/resolv.o
 .rodata.resolv_mdns_addr
                0x000000000020ecfe       0x10 obj_zoul/resolv.o
 .rodata.str1.1
                0x000000000020ed0e      0x52c obj_zoul/ubidots.o
                                        0x548 (size before relaxing)
 .rodata.str1.1
                0x000000000020f23a       0x7e obj_zoul/contiki-main.o
 .rodata.str1.1
                0x000000000020f2b8        0x7 obj_zoul/button-sensor.o
 .rodata.str1.1
                0x000000000020f2bf       0x94 obj_zoul/soc.o
 .rodata.str1.1
                0x000000000020f353       0x2d obj_zoul/sys-ctrl.o
 .rodata.str1.1
                0x000000000020f380       0x11 obj_zoul/cc2538-rf.o
 .rodata.str1.1
                0x000000000020f391       0x14 obj_zoul/cc2538-temp-sensor.o
 .rodata.str1.1
                0x000000000020f3a5        0x5 obj_zoul/vdd3-sensor.o
 .rodata.str1.1
                0x000000000020f3aa       0x35 obj_zoul/strformat.o
                                         0x37 (size before relaxing)
 .rodata.buffer.4132
                0x000000000020f3df       0x10 obj_zoul/strformat.o
 .rodata.buffer.4141
                0x000000000020f3ef       0x10 obj_zoul/strformat.o
 .rodata.str1.1
                0x000000000020f3ff        0xf obj_zoul/ctimer.o
 .rodata.str1.1
                0x000000000020f40e        0xc obj_zoul/etimer.o
 .rodata.str1.1
                0x000000000020f41a        0xe obj_zoul/serial-line.o
 .rodata.str1.1
                0x000000000020f428        0x8 obj_zoul/sensors.o
 .rodata        0x000000000020f430        0x2 obj_zoul/sicslowpan.o
 .rodata.ttl_values
                0x000000000020f432        0x4 obj_zoul/sicslowpan.o
 .rodata.unc_llconf
                0x000000000020f436        0x4 obj_zoul/sicslowpan.o
                0x000000000020f436                unc_llconf
 .rodata.llprefix
                0x000000000020f43a        0x2 obj_zoul/sicslowpan.o
                0x000000000020f43a                llprefix
 .rodata.unc_mxconf
                0x000000000020f43c        0x4 obj_zoul/sicslowpan.o
                0x000000000020f43c                unc_mxconf
 .rodata.str1.1
                0x000000000020f440        0xb obj_zoul/sicslowpan.o
 .rodata.unc_ctxconf
                0x000000000020f44b        0x4 obj_zoul/sicslowpan.o
                0x000000000020f44b                unc_ctxconf
 .rodata.str1.1
                0x000000000020f44f       0x27 obj_zoul/resolv.o
                                         0x2d (size before relaxing)
 .rodata.str1.1
                0x000000000020f476        0xd obj_zoul/tcpip.o
 .rodata.str1.1
                0x000000000020f483       0x99 obj_zoul/tcp-socket.o
 .rodata.str1.1
                0x000000000020f51c       0x28 obj_zoul/uip-debug.o
 .rodata.linkaddr_null
                0x000000000020f544        0x8 obj_zoul/linkaddr.o
                0x000000000020f544                linkaddr_null
 .rodata.str1.1
                0x000000000020f54c        0x5 obj_zoul/csma.o
 .rodata.str1.1
                0x000000000020f551        0xb obj_zoul/contikimac.o
 .rodata.str1.1
                0x000000000020f55c        0x8 obj_zoul/nullsec.o
 .rodata.str1.1
                0x000000000020f564      0x199 ubidots-demo.co
                                        0x19c (size before relaxing)
                0x000000000020f6fd                _etext = .

.glue_7         0x000000000020f700        0x0
 .glue_7        0x0000000000000000        0x0 linker stubs

.glue_7t        0x000000000020f700        0x0
 .glue_7t       0x0000000000000000        0x0 linker stubs

.vfp11_veneer   0x000000000020f700        0x0
 .vfp11_veneer  0x0000000000000000        0x0 linker stubs

.v4_bx          0x000000000020f700        0x0
 .v4_bx         0x0000000000000000        0x0 linker stubs

.iplt           0x000000000020f700        0x0
 .iplt          0x0000000000000000        0x0 obj_zoul/startup-gcc.o

.socdata        0x0000000020004000       0x40
 *(SORT(.udma_channel_control_table))
 .udma_channel_control_table
                0x0000000020004000       0x40 obj_zoul/udma.o

.data           0x0000000020004040      0x629 load address 0x000000000020f700
                0x0000000020004040                _data = .
 *(SORT(.data*))
 .data.impure_data
                0x0000000020004040      0x428 /usr/lib/gcc/arm-none-eabi/4.8.2/../../../arm-none-eabi/lib/armv7-m/libc.a(lib_a-impure.o)
 .data.ubidots_client_process
                0x0000000020004468       0x10 obj_zoul/ubidots.o
                0x0000000020004468                ubidots_client_process
 .data.sensors  0x0000000020004478       0x10 obj_zoul/zoul-sensors.o
                0x0000000020004478                sensors
 .data.cc2538_rf_process
                0x0000000020004488       0x10 obj_zoul/cc2538-rf.o
                0x0000000020004488                cc2538_rf_process
 .data.ctxt     0x0000000020004498        0x8 obj_zoul/dbg-printf.o
 .data.ctimer_process
                0x00000000200044a0       0x10 obj_zoul/ctimer.o
                0x00000000200044a0                ctimer_process
 .data.etimer_process
                0x00000000200044b0       0x10 obj_zoul/etimer.o
                0x00000000200044b0                etimer_process
 .data.serial_line_process
                0x00000000200044c0       0x10 obj_zoul/serial-line.o
                0x00000000200044c0                serial_line_process
 .data.sensors_process
                0x00000000200044d0       0x10 obj_zoul/sensors.o
                0x00000000200044d0                sensors_process
 .data.ds6_neighbors
                0x00000000200044e0        0x4 obj_zoul/uip-ds6-nbr.o
                0x00000000200044e0                ds6_neighbors
 .data.ds6_neighbors_struct
                0x00000000200044e4       0x10 obj_zoul/uip-ds6-nbr.o
 .data.defaultroutermemb
                0x00000000200044f4        0xc obj_zoul/uip-ds6-route.o
 .data.nbr_routes_struct
                0x0000000020004500       0x10 obj_zoul/uip-ds6-route.o
 .data.nbr_routes
                0x0000000020004510        0x4 obj_zoul/uip-ds6-route.o
                0x0000000020004510                nbr_routes
 .data.routememb
                0x0000000020004514        0xc obj_zoul/uip-ds6-route.o
 .data.neighborroutememb
                0x0000000020004520        0xc obj_zoul/uip-ds6-route.o
 .data.echo_request_handler
                0x000000002000452c        0xc obj_zoul/uip-icmp6.o
 .data.echo_reply_handler
                0x0000000020004538        0xc obj_zoul/uip-icmp6.o
 .data.mdns_probe_process
                0x0000000020004544       0x10 obj_zoul/resolv.o
                0x0000000020004544                mdns_probe_process
 .data.resolv_process
                0x0000000020004554       0x10 obj_zoul/resolv.o
                0x0000000020004554                resolv_process
 .data.tcpip_process
                0x0000000020004564       0x10 obj_zoul/tcpip.o
                0x0000000020004564                tcpip_process
 .data.tcp_socket_process
                0x0000000020004574       0x10 obj_zoul/tcp-socket.o
                0x0000000020004574                tcp_socket_process
 .data.rpl_parents
                0x0000000020004584        0x4 obj_zoul/rpl-dag.o
                0x0000000020004584                rpl_parents
 .data.rpl_parents_struct
                0x0000000020004588       0x10 obj_zoul/rpl-dag.o
 .data.dao_ack_handler
                0x0000000020004598        0xc obj_zoul/rpl-icmp6.o
 .data.dis_handler
                0x00000000200045a4        0xc obj_zoul/rpl-icmp6.o
 .data.dao_handler
                0x00000000200045b0        0xc obj_zoul/rpl-icmp6.o
 .data.dio_handler
                0x00000000200045bc        0xc obj_zoul/rpl-icmp6.o
 .data.rpl_mrhof
                0x00000000200045c8       0x24 obj_zoul/rpl-mrhof.o
                0x00000000200045c8                rpl_mrhof
 .data.link_stats_struct
                0x00000000200045ec       0x10 obj_zoul/link-stats.o
 .data.neighbor_addr_mem
                0x00000000200045fc        0xc obj_zoul/nbr-table.o
 .data.bufmem   0x0000000020004608        0xc obj_zoul/queuebuf.o
 .data.buframmem
                0x0000000020004614        0xc obj_zoul/queuebuf.o
 .data.metadata_memb
                0x0000000020004620        0xc obj_zoul/csma.o
 .data.packet_memb
                0x000000002000462c        0xc obj_zoul/csma.o
 .data.neighbor_memb
                0x0000000020004638        0xc obj_zoul/csma.o
 .data.ubidots_demo_process
                0x0000000020004644       0x10 ubidots-demo.co
                0x0000000020004644                ubidots_demo_process
 .data.headers  0x0000000020004654        0x8 ubidots-demo.co
 .data.__ctype_ptr__
                0x000000002000465c        0x4 /usr/lib/gcc/arm-none-eabi/4.8.2/../../../arm-none-eabi/lib/armv7-m/libc.a(lib_a-ctype_.o)
                0x000000002000465c                __ctype_ptr__
 .data._impure_ptr
                0x0000000020004660        0x4 /usr/lib/gcc/arm-none-eabi/4.8.2/../../../arm-none-eabi/lib/armv7-m/libc.a(lib_a-impure.o)
                0x0000000020004660                _impure_ptr
 .data.mac_pan_id
                0x0000000020004664        0x2 obj_zoul/frame802154.o
 .data.send_on_cca
                0x0000000020004666        0x1 obj_zoul/cc2538-rf.o
 .data.rf_channel
                0x0000000020004667        0x1 obj_zoul/cc2538-rf.o
 .data.dao_sequence
                0x0000000020004668        0x1 obj_zoul/rpl-icmp6.o
                0x0000000020004669                _edata = .
                0x000000000020f700                _ldata = LOADADDR (.data)

.igot.plt       0x000000002000466c        0x0 load address 0x000000000020fd29
 .igot.plt      0x0000000000000000        0x0 obj_zoul/startup-gcc.o

.ARM.exidx      0x000000000020fd2c        0x8
 *(SORT(.ARM.exidx*))
 .ARM.exidx     0x000000000020fd2c        0x8 /usr/lib/gcc/arm-none-eabi/4.8.2/armv7-m/libgcc.a(_divdi3.o)
 .ARM.exidx     0x000000000020fd34        0x0 /usr/lib/gcc/arm-none-eabi/4.8.2/armv7-m/libgcc.a(_udivdi3.o)
                                          0x8 (size before relaxing)

.bss            0x0000000020004670     0x2d1c
                0x0000000020004670                _bss = .
 *(SORT(.bss*))
 .bss.rt_ticks_startup
                0x0000000020004670        0x8 obj_zoul/clock.o
 .bss.rt_ticks_epoch
                0x0000000020004678        0x8 obj_zoul/clock.o
 .bss.conn      0x0000000020004680      0x3e8 obj_zoul/ubidots.o
 .bss.press_counter
                0x0000000020004a68       0x20 obj_zoul/button-sensor.o
 .bss.debouncetimer
                0x0000000020004a88        0x8 obj_zoul/button-sensor.o
 .bss.press_duration
                0x0000000020004a90        0x4 obj_zoul/button-sensor.o
 .bss.next_trigger
                0x0000000020004a94        0x4 obj_zoul/rtimer-arch.o
 .bss.input_handler
                0x0000000020004a98        0x8 obj_zoul/uart.o
 .bss.interrupt_disable
                0x0000000020004aa0        0x4 obj_zoul/nvic.o
 .bss.interrupt_pend
                0x0000000020004aa4        0x4 obj_zoul/nvic.o
 .bss.interrupt_unpend
                0x0000000020004aa8        0x4 obj_zoul/nvic.o
 .bss.interrupt_enable
                0x0000000020004aac        0x4 obj_zoul/nvic.o
 .bss.gpio_callbacks
                0x0000000020004ab0       0x80 obj_zoul/gpio.o
 .bss.ioc_sel   0x0000000020004b30        0x4 obj_zoul/ioc.o
 .bss.ioc_over  0x0000000020004b34        0x4 obj_zoul/ioc.o
 .bss.notification_process
                0x0000000020004b38        0x4 obj_zoul/crypto.o
 .bss.periph_permit_pm1_funcs
                0x0000000020004b3c       0x14 obj_zoul/lpm.o
 .bss.notification_process
                0x0000000020004b50        0x4 obj_zoul/pka.o
 .bss.ctimer_list_list
                0x0000000020004b54        0x4 obj_zoul/ctimer.o
 .bss.timerlist
                0x0000000020004b58        0x4 obj_zoul/etimer.o
 .bss.next_expiration
                0x0000000020004b5c        0x4 obj_zoul/etimer.o
 .bss.process_current
                0x0000000020004b60        0x4 obj_zoul/process.o
                0x0000000020004b60                process_current
 .bss.process_list
                0x0000000020004b64        0x4 obj_zoul/process.o
                0x0000000020004b64                process_list
 .bss.events    0x0000000020004b68      0x180 obj_zoul/process.o
 .bss.next_rtimer
                0x0000000020004ce8        0x4 obj_zoul/rtimer.o
 .bss.rxbuf     0x0000000020004cec        0x8 obj_zoul/serial-line.o
 .bss.ptr.4707  0x0000000020004cf4        0x4 obj_zoul/serial-line.o
 .bss.i.4722    0x0000000020004cf8        0x4 obj_zoul/sensors.o
 .bss.events.4723
                0x0000000020004cfc        0x4 obj_zoul/sensors.o
 .bss.context   0x0000000020004d00        0x4 obj_zoul/sicslowpan.o
 .bss.last_rssi
                0x0000000020004d04        0x4 obj_zoul/sicslowpan.o
 .bss.hc06_ptr  0x0000000020004d08        0x4 obj_zoul/sicslowpan.o
 .bss.packetbuf_ptr
                0x0000000020004d0c        0x4 obj_zoul/sicslowpan.o
 .bss.packetbuf_payload_len
                0x0000000020004d10        0x4 obj_zoul/sicslowpan.o
 .bss.last_tx_status
                0x0000000020004d14        0x4 obj_zoul/sicslowpan.o
 .bss.callback  0x0000000020004d18        0x4 obj_zoul/sicslowpan.o
 .bss.frag_info
                0x0000000020004d1c      0x170 obj_zoul/sicslowpan.o
 .bss.locmaddr  0x0000000020004e8c        0x4 obj_zoul/uip-ds6.o
 .bss.locprefix
                0x0000000020004e90        0x4 obj_zoul/uip-ds6.o
 .bss.locaddr   0x0000000020004e94        0x4 obj_zoul/uip-ds6.o
 .bss.defaultroutermemb_memb_mem
                0x0000000020004e98       0x40 obj_zoul/uip-ds6-route.o
 .bss.num_routes
                0x0000000020004ed8        0x4 obj_zoul/uip-ds6-route.o
 .bss.defaultrouterlist_list
                0x0000000020004edc        0x4 obj_zoul/uip-ds6-route.o
 .bss._nbr_routes_mem
                0x0000000020004ee0       0x80 obj_zoul/uip-ds6-route.o
 .bss.routelist_list
                0x0000000020004f60        0x4 obj_zoul/uip-ds6-route.o
 .bss.routememb_memb_mem
                0x0000000020004f64      0x280 obj_zoul/uip-ds6-route.o
 .bss.neighborroutememb_memb_mem
                0x00000000200051e4       0x80 obj_zoul/uip-ds6-route.o
 .bss.notificationlist_list
                0x0000000020005264        0x4 obj_zoul/uip-ds6-route.o
 .bss.echo_reply_callback_list_list
                0x0000000020005268        0x4 obj_zoul/uip-icmp6.o
 .bss.input_handler_list_list
                0x000000002000526c        0x4 obj_zoul/uip-icmp6.o
 .bss.resolv_conn
                0x0000000020005270        0x4 obj_zoul/resolv.o
 .bss.mdns_needs_host_announce
                0x0000000020005274        0x4 obj_zoul/resolv.o
 .bss.retry     0x0000000020005278       0x10 obj_zoul/resolv.o
 .bss.names     0x0000000020005288      0x100 obj_zoul/resolv.o
 .bss.delay.6609
                0x0000000020005388       0x10 obj_zoul/resolv.o
 .bss.s         0x0000000020005398       0x44 obj_zoul/tcpip.o
 .bss.periodic  0x00000000200053dc       0x10 obj_zoul/tcpip.o
 .bss.outputfunc
                0x00000000200053ec        0x4 obj_zoul/tcpip.o
 .bss.socketlist_list
                0x00000000200053f0        0x4 obj_zoul/tcp-socket.o
 .bss._rpl_parents_mem
                0x00000000200053f4       0x80 obj_zoul/rpl-dag.o
 .bss.periodic_timer
                0x0000000020005474       0x20 obj_zoul/rpl-nbr-policy.o
 .bss.timer_init
                0x0000000020005494        0x4 obj_zoul/rpl-nbr-policy.o
 .bss.num_children
                0x0000000020005498        0x4 obj_zoul/rpl-nbr-policy.o
 .bss.worst_rank_nbr
                0x000000002000549c        0x4 obj_zoul/rpl-nbr-policy.o
 .bss.num_free  0x00000000200054a0        0x4 obj_zoul/rpl-nbr-policy.o
 .bss.num_parents
                0x00000000200054a4        0x4 obj_zoul/rpl-nbr-policy.o
 .bss.periodic_timer
                0x00000000200054a8       0x20 obj_zoul/rpl-timers.o
 .bss._link_stats_mem
                0x00000000200054c8       0xc0 obj_zoul/link-stats.o
 .bss.nbr_table_keys_list
                0x0000000020005588        0x4 obj_zoul/nbr-table.o
 .bss.neighbor_addr_mem_memb_mem