Archive member included because of file (symbol)

/usr/lib/gcc/arm-none-eabi/4.8.2/armv7-m/libgcc.a(_aeabi_uldivmod.o)
                              obj_zoul/cc2538-rf.o (__aeabi_uldivmod)
/usr/lib/gcc/arm-none-eabi/4.8.2/armv7-m/libgcc.a(bpabi.o)
                              /usr/lib/gcc/arm-none-eabi/4.8.2/armv7-m/libgcc.a(_aeabi_uldivmod.o) (__gnu_uldivmod_helper)
/usr/lib/gcc/arm-none-eabi/4.8.2/armv7-m/libgcc.a(_dvmd_tls.o)
                              /usr/lib/gcc/arm-none-eabi/4.8.2/armv7-m/libgcc.a(_aeabi_uldivmod.o) (__aeabi_ldiv0)
/usr/lib/gcc/arm-none-eabi/4.8.2/armv7-m/libgcc.a(_divdi3.o)
                              /usr/lib/gcc/arm-none-eabi/4.8.2/armv7-m/libgcc.a(bpabi.o) (__divdi3)
/usr/lib/gcc/arm-none-eabi/4.8.2/armv7-m/libgcc.a(_udivdi3.o)
                              /usr/lib/gcc/arm-none-eabi/4.8.2/armv7-m/libgcc.a(bpabi.o) (__udivdi3)
/usr/lib/gcc/arm-none-eabi/4.8.2/../../../arm-none-eabi/lib/armv7-m/libc.a(lib_a-ctype_.o)
                              obj_zoul/resolv.o (__ctype_ptr__)
/usr/lib/gcc/arm-none-eabi/4.8.2/../../../arm-none-eabi/lib/armv7-m/libc.a(lib_a-memcmp.o)
                              obj_zoul/slip.o (memcmp)
/usr/lib/gcc/arm-none-eabi/4.8.2/../../../arm-none-eabi/lib/armv7-m/libc.a(lib_a-memcpy.o)
                              obj_zoul/dbg-snprintf.o (memcpy)
/usr/lib/gcc/arm-none-eabi/4.8.2/../../../arm-none-eabi/lib/armv7-m/libc.a(lib_a-memmove.o)
                              obj_zoul/mmem.o (memmove)
/usr/lib/gcc/arm-none-eabi/4.8.2/../../../arm-none-eabi/lib/armv7-m/libc.a(lib_a-memset.o)
                              obj_zoul/gpio.o (memset)
/usr/lib/gcc/arm-none-eabi/4.8.2/../../../arm-none-eabi/lib/armv7-m/libc.a(lib_a-reent.o)
                              obj_zoul/syscalls.o (errno)
/usr/lib/gcc/arm-none-eabi/4.8.2/../../../arm-none-eabi/lib/armv7-m/libc.a(lib_a-strcasecmp.o)
                              obj_zoul/resolv.o (strcasecmp)
/usr/lib/gcc/arm-none-eabi/4.8.2/../../../arm-none-eabi/lib/armv7-m/libc.a(lib_a-strcat.o)
                              obj_zoul/resolv.o (strcat)
/usr/lib/gcc/arm-none-eabi/4.8.2/../../../arm-none-eabi/lib/armv7-m/libc.a(lib_a-strcmp.o)
                              obj_zoul/cfs-coffee.o (strcmp)
/usr/lib/gcc/arm-none-eabi/4.8.2/../../../arm-none-eabi/lib/armv7-m/libc.a(lib_a-strcpy.o)
                              border-router.co (strcpy)
/usr/lib/gcc/arm-none-eabi/4.8.2/../../../arm-none-eabi/lib/armv7-m/libc.a(lib_a-strlen.o)
                              obj_zoul/sensors.o (strlen)
/usr/lib/gcc/arm-none-eabi/4.8.2/../../../arm-none-eabi/lib/armv7-m/libc.a(lib_a-strncasecmp.o)
                              obj_zoul/resolv.o (strncasecmp)
/usr/lib/gcc/arm-none-eabi/4.8.2/../../../arm-none-eabi/lib/armv7-m/libc.a(lib_a-strncat.o)
                              obj_zoul/resolv.o (strncat)
/usr/lib/gcc/arm-none-eabi/4.8.2/../../../arm-none-eabi/lib/armv7-m/libc.a(lib_a-strncmp.o)
                              obj_zoul/sensors.o (strncmp)
/usr/lib/gcc/arm-none-eabi/4.8.2/../../../arm-none-eabi/lib/armv7-m/libc.a(lib_a-strncpy.o)
                              obj_zoul/cfs-coffee.o (strncpy)
/usr/lib/gcc/arm-none-eabi/4.8.2/../../../arm-none-eabi/lib/armv7-m/libc.a(lib_a-freer.o)
                              /usr/lib/gcc/arm-none-eabi/4.8.2/../../../arm-none-eabi/lib/armv7-m/libc.a(lib_a-reent.o) (_free_r)
/usr/lib/gcc/arm-none-eabi/4.8.2/../../../arm-none-eabi/lib/armv7-m/libc.a(lib_a-impure.o)
                              /usr/lib/gcc/arm-none-eabi/4.8.2/../../../arm-none-eabi/lib/armv7-m/libc.a(lib_a-reent.o) (_impure_ptr)
/usr/lib/gcc/arm-none-eabi/4.8.2/../../../arm-none-eabi/lib/armv7-m/libc.a(lib_a-mallocr.o)
                              /usr/lib/gcc/arm-none-eabi/4.8.2/../../../arm-none-eabi/lib/armv7-m/libc.a(lib_a-freer.o) (__malloc_current_mallinfo)
/usr/lib/gcc/arm-none-eabi/4.8.2/../../../arm-none-eabi/lib/armv7-m/libc.a(lib_a-mlock.o)
                              /usr/lib/gcc/arm-none-eabi/4.8.2/../../../arm-none-eabi/lib/armv7-m/libc.a(lib_a-freer.o) (__malloc_lock)
/usr/lib/gcc/arm-none-eabi/4.8.2/../../../arm-none-eabi/lib/armv7-m/libc.a(lib_a-sbrkr.o)
                              /usr/lib/gcc/arm-none-eabi/4.8.2/../../../arm-none-eabi/lib/armv7-m/libc.a(lib_a-freer.o) (_sbrk_r)

Allocating common symbols
Common symbol       size              file

compower_idle_activity
                    0x8               obj_zoul/compower.o
uip_ds6_timer_ra    0x8               obj_zoul/uip-ds6.o
rtcc_int1_callback  0x4               obj_zoul/rtcc.o
usb_setup_buffer    0x8               obj_zoul/usb-core.o
uip_ds6_if          0xf8              obj_zoul/uip-ds6.o
resolv_event_found  0x1               obj_zoul/resolv.o
uip_ds6_netif_addr_list_offset
                    0x1               obj_zoul/uip-ds6.o
uip_len             0x2               obj_zoul/uip6.o
errno               0x4               /usr/lib/gcc/arm-none-eabi/4.8.2/../../../arm-none-eabi/lib/armv7-m/libc.a(lib_a-reent.o)
[...]
Memory Configuration

Name             Origin             Length             Attributes
FLASH_FW         0x0000000000202000 0x000000000007dfd4 xr
FLASH_CCA        0x000000000027ffd4 0x000000000000002c xr
NRSRAM           0x0000000020000000 0x0000000000004000 xrw
FRSRAM           0x0000000020004000 0x0000000000004000 xrw
*default*        0x0000000000000000 0xffffffffffffffff

Linker script and memory map

LOAD obj_zoul/startup-gcc.o
LOAD obj_zoul/contiki-main.o
LOAD obj_zoul/leds.o
LOAD obj_zoul/cc1200-zoul-arch.o
LOAD obj_zoul/adc-zoul.o
LOAD obj_zoul/button-sensor.o
LOAD obj_zoul/zoul-sensors.o
LOAD obj_zoul/board.o
LOAD obj_zoul/antenna-sw.o
LOAD obj_zoul/rtcc.o
LOAD obj_zoul/leds-res-arch.o
LOAD obj_zoul/power-mgmt.o
LOAD obj_zoul/soc.o
LOAD obj_zoul/clock.o
LOAD obj_zoul/rtimer-arch.o
LOAD obj_zoul/uart.o
LOAD obj_zoul/watchdog.o
LOAD obj_zoul/nvic.o
LOAD obj_zoul/cpu.o
LOAD obj_zoul/sys-ctrl.o
LOAD obj_zoul/gpio.o
LOAD obj_zoul/ioc.o
LOAD obj_zoul/spi.o
LOAD obj_zoul/adc.o
LOAD obj_zoul/crypto.o
LOAD obj_zoul/aes.o
LOAD obj_zoul/ecb.o
LOAD obj_zoul/cbc.o
LOAD obj_zoul/ctr.o
LOAD obj_zoul/cbc-mac.o
LOAD obj_zoul/gcm.o
LOAD obj_zoul/ccm.o
LOAD obj_zoul/sha256.o
LOAD obj_zoul/cc2538-aes-128.o
LOAD obj_zoul/cc2538-ccm-star.o
LOAD obj_zoul/cc2538-rf.o
LOAD obj_zoul/udma.o
LOAD obj_zoul/lpm.o
LOAD obj_zoul/pka.o
LOAD obj_zoul/bignum-driver.o
LOAD obj_zoul/ecc-driver.o
LOAD obj_zoul/ecc-algorithm.o
LOAD obj_zoul/ecc-curve.o
LOAD obj_zoul/dbg.o
LOAD obj_zoul/ieee-addr.o
LOAD obj_zoul/slip-arch.o
LOAD obj_zoul/slip.o
LOAD obj_zoul/i2c.o
LOAD obj_zoul/cc2538-temp-sensor.o
LOAD obj_zoul/vdd3-sensor.o
LOAD obj_zoul/cfs-coffee.o
LOAD obj_zoul/cfs-coffee-arch.o
LOAD obj_zoul/pwm.o
LOAD obj_zoul/dbg-printf.o
LOAD obj_zoul/dbg-snprintf.o
LOAD obj_zoul/dbg-sprintf.o
LOAD obj_zoul/strformat.o
LOAD obj_zoul/usb-core.o
LOAD obj_zoul/cdc-acm.o
LOAD obj_zoul/usb-arch.o
LOAD obj_zoul/usb-serial.o
LOAD obj_zoul/cdc-acm-descriptors.o
LOAD obj_zoul/arg.o
LOAD obj_zoul/autostart.o
LOAD obj_zoul/compower.o
LOAD obj_zoul/ctimer.o
LOAD obj_zoul/energest.o
LOAD obj_zoul/etimer.o
LOAD obj_zoul/mt.o
LOAD obj_zoul/process.o
LOAD obj_zoul/procinit.o
LOAD obj_zoul/rtimer.o
LOAD obj_zoul/stimer.o
LOAD obj_zoul/timer.o
LOAD obj_zoul/nullradio.o
LOAD obj_zoul/serial-line.o
LOAD obj_zoul/aes-128.o
LOAD obj_zoul/assert.o
LOAD obj_zoul/ccm-star.o
LOAD obj_zoul/crc16.o
LOAD obj_zoul/gcr.o
LOAD obj_zoul/ifft.o
LOAD obj_zoul/list.o
LOAD obj_zoul/me.o
LOAD obj_zoul/memb.o
LOAD obj_zoul/me_tabs.o
LOAD obj_zoul/mmem.o
LOAD obj_zoul/petsciiconv.o
LOAD obj_zoul/print-stats.o
LOAD obj_zoul/random.o
LOAD obj_zoul/ringbuf.o
LOAD obj_zoul/ringbufindex.o
LOAD obj_zoul/sensors.o
LOAD obj_zoul/settings.o
LOAD obj_zoul/trickle-timer.o
LOAD obj_zoul/sicslowpan.o
LOAD obj_zoul/uip6.o
LOAD obj_zoul/uip-ds6.o
LOAD obj_zoul/uip-ds6-nbr.o
LOAD obj_zoul/uip-ds6-route.o
LOAD obj_zoul/uip-icmp6.o
LOAD obj_zoul/uip-nd6.o
LOAD obj_zoul/dhcpc.o
LOAD obj_zoul/ip64-addr.o
LOAD obj_zoul/psock.o
LOAD obj_zoul/resolv.o
LOAD obj_zoul/simple-udp.o
LOAD obj_zoul/slipdev.o
LOAD obj_zoul/tcpip.o
LOAD obj_zoul/tcp-socket.o
LOAD obj_zoul/udp-socket.o
LOAD obj_zoul/uip-debug.o
LOAD obj_zoul/uiplib.o
LOAD obj_zoul/uip-nameserver.o
LOAD obj_zoul/uip-packetqueue.o
LOAD obj_zoul/uip-split.o
LOAD obj_zoul/uip-udp-packet.o
LOAD obj_zoul/rpl.o
LOAD obj_zoul/rpl-dag.o
LOAD obj_zoul/rpl-dag-root.o
LOAD obj_zoul/rpl-ext-header.o
LOAD obj_zoul/rpl-icmp6.o
LOAD obj_zoul/rpl-mrhof.o
LOAD obj_zoul/rpl-nbr-policy.o
LOAD obj_zoul/rpl-ns.o
LOAD obj_zoul/rpl-of0.o
LOAD obj_zoul/rpl-timers.o
LOAD obj_zoul/syscalls.o
LOAD obj_zoul/linkaddr.o
LOAD obj_zoul/link-stats.o
LOAD obj_zoul/nbr-table.o
LOAD obj_zoul/net-debug.o
LOAD obj_zoul/netstack.o
LOAD obj_zoul/packetbuf.o
LOAD obj_zoul/queuebuf.o
LOAD obj_zoul/csma.o
LOAD obj_zoul/frame802154.o
LOAD obj_zoul/frame802154e-ie.o
LOAD obj_zoul/framer-802154.o
LOAD obj_zoul/framer-nullmac.o
LOAD obj_zoul/mac.o
LOAD obj_zoul/mac-sequence.o
LOAD obj_zoul/nordc.o
LOAD obj_zoul/nullmac.o
LOAD obj_zoul/nullrdc.o
LOAD obj_zoul/nullrdc-noframer.o
LOAD obj_zoul/phase.o
LOAD obj_zoul/contikimac.o
LOAD obj_zoul/contikimac-framer.o
LOAD obj_zoul/anti-replay.o
LOAD obj_zoul/ccm-star-packetbuf.o
LOAD obj_zoul/nullsec.o
LOAD obj_zoul/noncoresec.o
LOAD obj_zoul/cc1200-802154g-863-870-fsk-50kbps.o
LOAD obj_zoul/cc1200-868-fsk-1-2kbps.o
LOAD obj_zoul/cc1200.o
LOAD border-router.co
LOAD obj_zoul/slip-bridge.o
LOAD obj_zoul/httpd-simple.o
START GROUP
LOAD /usr/lib/gcc/arm-none-eabi/4.8.2/armv7-m/libgcc.a
LOAD /usr/lib/gcc/arm-none-eabi/4.8.2/../../../arm-none-eabi/lib/armv7-m/libc.a
END GROUP

.text           0x0000000000202000     0xbd42
                0x0000000000202000                _text = .
 *(SORT(.vectors))
 .vectors       0x0000000000202000      0x28c obj_zoul/startup-gcc.o
                0x0000000000202000                vectors
 *(SORT(.text*))
 .text.reset_handler
                0x000000000020228c       0x40 obj_zoul/startup-gcc.o
                0x000000000020228c                reset_handler
 .text.startup.main
                0x00000000002022cc      0x1b4 obj_zoul/contiki-main.o
                0x00000000002022cc                main
 .text.leds_init
                0x0000000000202480       0x14 obj_zoul/leds.o
                0x0000000000202480                leds_init
 .text.leds_on  0x0000000000202494       0x10 obj_zoul/leds.o
                0x0000000000202494                leds_on
 .text.leds_off
                0x00000000002024a4       0x14 obj_zoul/leds.o
                0x00000000002024a4                leds_off
 .text.value    0x00000000002024b8       0x20 obj_zoul/button-sensor.o
 .text.duration_exceeded_callback
                0x00000000002024d8       0x3c obj_zoul/button-sensor.o
 .text.config_user
                0x0000000000202514       0xa0 obj_zoul/button-sensor.o
 .text.btn_callback
                0x00000000002025b4       0x5c obj_zoul/button-sensor.o
 .text.antenna_sw_config
                0x0000000000202610       0x30 obj_zoul/antenna-sw.o
                0x0000000000202610                antenna_sw_config
 .text.leds_arch_init
                0x0000000000202640       0x48 obj_zoul/leds-res-arch.o
                0x0000000000202640                leds_arch_init
 .text.leds_arch_set
                0x0000000000202688       0x44 obj_zoul/leds-res-arch.o
                0x0000000000202688                leds_arch_set
 .text.soc_get_rev
                0x00000000002026cc       0x18 obj_zoul/soc.o
                0x00000000002026cc                soc_get_rev
 .text.soc_get_sram_size
                0x00000000002026e4       0x20 obj_zoul/soc.o
                0x00000000002026e4                soc_get_sram_size
 .text.soc_print_info
                0x0000000000202704       0x70 obj_zoul/soc.o
                0x0000000000202704                soc_print_info
 .text.update_ticks
                0x0000000000202774       0x50 obj_zoul/clock.o
 .text.clock_init
                0x00000000002027c4       0x50 obj_zoul/clock.o
                0x00000000002027c4                clock_init
 .text.clock_time
                0x0000000000202814       0x14 obj_zoul/clock.o
                0x0000000000202814                clock_time
 .text.clock_seconds
                0x0000000000202828       0x14 obj_zoul/clock.o
                0x0000000000202828                clock_seconds
 .text.clock_delay_usec
                0x000000000020283c       0x1c obj_zoul/clock.o
                0x000000000020283c                clock_delay_usec
 .text.clock_adjust
                0x0000000000202858       0x20 obj_zoul/clock.o
                0x0000000000202858                clock_adjust
 .text.rtimer_arch_next_trigger
                0x0000000000202878        0xc obj_zoul/rtimer-arch.o
                0x0000000000202878                rtimer_arch_next_trigger
 .text.rtimer_arch_now
                0x0000000000202884       0x24 obj_zoul/rtimer-arch.o
                0x0000000000202884                rtimer_arch_now
 .text.rtimer_arch_schedule
                0x00000000002028a8       0x58 obj_zoul/rtimer-arch.o
                0x00000000002028a8                rtimer_arch_schedule
 .text.rtimer_isr
                0x0000000000202900       0x24 obj_zoul/rtimer-arch.o
                0x0000000000202900                rtimer_isr
 .text.permit_pm1
                0x0000000000202924       0x24 obj_zoul/uart.o
 .text.uart_isr
                0x0000000000202948       0x64 obj_zoul/uart.o
 .text.uart_init
                0x00000000002029ac      0x184 obj_zoul/uart.o
                0x00000000002029ac                uart_init
 .text.uart_set_input
                0x0000000000202b30       0x10 obj_zoul/uart.o
                0x0000000000202b30                uart_set_input
 .text.uart_write_byte
                0x0000000000202b40       0x1c obj_zoul/uart.o
                0x0000000000202b40                uart_write_byte
 .text.watchdog_init
                0x0000000000202b5c        0xc obj_zoul/watchdog.o
                0x0000000000202b5c                watchdog_init
 .text.watchdog_start
                0x0000000000202b68        0xc obj_zoul/watchdog.o
                0x0000000000202b68                watchdog_start
 .text.watchdog_periodic
                0x0000000000202b74       0x10 obj_zoul/watchdog.o
                0x0000000000202b74                watchdog_periodic
 .text.nvic_init
                0x0000000000202b84       0x3c obj_zoul/nvic.o
                0x0000000000202b84                nvic_init
 .text.nvic_interrupt_enable
                0x0000000000202bc0       0x1c obj_zoul/nvic.o
                0x0000000000202bc0                nvic_interrupt_enable
 .text.nvic_interrupt_disable
                0x0000000000202bdc       0x1c obj_zoul/nvic.o
                0x0000000000202bdc                nvic_interrupt_disable
 .text.nvic_interrupt_unpend
                0x0000000000202bf8       0x1c obj_zoul/nvic.o
                0x0000000000202bf8                nvic_interrupt_unpend
 .text.sys_ctrl_get_reset_cause
                0x0000000000202c14       0x10 obj_zoul/sys-ctrl.o
                0x0000000000202c14                sys_ctrl_get_reset_cause
 .text.sys_ctrl_get_reset_cause_str
                0x0000000000202c24       0x14 obj_zoul/sys-ctrl.o
                0x0000000000202c24                sys_ctrl_get_reset_cause_str
 .text.sys_ctrl_init
                0x0000000000202c38       0x74 obj_zoul/sys-ctrl.o
                0x0000000000202c38                sys_ctrl_init
 .text.sys_ctrl_get_sys_clock
                0x0000000000202cac       0x18 obj_zoul/sys-ctrl.o
                0x0000000000202cac                sys_ctrl_get_sys_clock
 .text.sys_ctrl_get_io_clock
                0x0000000000202cc4       0x18 obj_zoul/sys-ctrl.o
                0x0000000000202cc4                sys_ctrl_get_io_clock
 .text.gpio_register_callback
                0x0000000000202cdc       0x10 obj_zoul/gpio.o
                0x0000000000202cdc                gpio_register_callback
 .text.notify   0x0000000000202cec       0x30 obj_zoul/gpio.o
                0x0000000000202cec                notify
 .text.gpio_port_isr
                0x0000000000202d1c       0x4c obj_zoul/gpio.o
 .text.gpio_init
                0x0000000000202d68       0x10 obj_zoul/gpio.o
                0x0000000000202d68                gpio_init
 .text.ioc_init
                0x0000000000202d78       0x1c obj_zoul/ioc.o
                0x0000000000202d78                ioc_init
 .text.ioc_set_over
                0x0000000000202d94       0x14 obj_zoul/ioc.o
                0x0000000000202d94                ioc_set_over
 .text.ioc_set_sel
                0x0000000000202da8       0x14 obj_zoul/ioc.o
                0x0000000000202da8                ioc_set_sel
 .text.adc_get  0x0000000000202dbc       0x74 obj_zoul/adc.o
                0x0000000000202dbc                adc_get
 .text.permit_pm1
                0x0000000000202e30       0x14 obj_zoul/crypto.o
 .text.crypto_isr
                0x0000000000202e44       0x24 obj_zoul/crypto.o
                0x0000000000202e44                crypto_isr
 .text.crypto_enable
                0x0000000000202e68       0x20 obj_zoul/crypto.o
                0x0000000000202e68                crypto_enable
 .text.crypto_init
                0x0000000000202e88       0x3c obj_zoul/crypto.o
                0x0000000000202e88                crypto_init
 .text.crypto_disable
                0x0000000000202ec4       0x20 obj_zoul/crypto.o
                0x0000000000202ec4                crypto_disable
 .text.on       0x0000000000202ee4       0x2c obj_zoul/cc2538-rf.o
 .text.off      0x0000000000202f10       0x40 obj_zoul/cc2538-rf.o
 .text.set_channel
                0x0000000000202f50       0x48 obj_zoul/cc2538-rf.o
 .text.channel_clear
                0x0000000000202f98       0x3c obj_zoul/cc2538-rf.o
 .text.receiving_packet
                0x0000000000202fd4       0x1c obj_zoul/cc2538-rf.o
 .text.pending_packet
                0x0000000000202ff0       0x10 obj_zoul/cc2538-rf.o
 .text.get_value
                0x0000000000203000      0x164 obj_zoul/cc2538-rf.o
 .text.prepare  0x0000000000203164       0x64 obj_zoul/cc2538-rf.o
 .text.transmit
                0x00000000002031c8       0xa0 obj_zoul/cc2538-rf.o
 .text.set_frame_filtering
                0x0000000000203268       0x18 obj_zoul/cc2538-rf.o
 .text.set_object
                0x0000000000203280       0x34 obj_zoul/cc2538-rf.o
 .text.read     0x00000000002032b4       0xf0 obj_zoul/cc2538-rf.o
 .text.set_poll_mode
                0x00000000002033a4       0x8c obj_zoul/cc2538-rf.o
 .text.set_value
                0x0000000000203430       0xec obj_zoul/cc2538-rf.o
 .text.init     0x000000000020351c       0xbc obj_zoul/cc2538-rf.o
 .text.process_thread_cc2538_rf_process
                0x00000000002035d8       0x90 obj_zoul/cc2538-rf.o
 .text.get_object
                0x0000000000203668      0x13c obj_zoul/cc2538-rf.o
 .text.cc2538_rf_rx_tx_isr
                0x00000000002037a4       0x24 obj_zoul/cc2538-rf.o
                0x00000000002037a4                cc2538_rf_rx_tx_isr
 .text.cc2538_rf_err_isr
                0x00000000002037c8       0x2c obj_zoul/cc2538-rf.o
                0x00000000002037c8                cc2538_rf_err_isr
 .text.udma_init
                0x00000000002037f4       0x30 obj_zoul/udma.o
                0x00000000002037f4                udma_init
 .text.udma_set_channel_src
                0x0000000000203824       0x10 obj_zoul/udma.o
                0x0000000000203824                udma_set_channel_src
 .text.udma_set_channel_dst
                0x0000000000203834       0x14 obj_zoul/udma.o
                0x0000000000203834                udma_set_channel_dst
 .text.udma_set_channel_control_word
                0x0000000000203848       0x14 obj_zoul/udma.o
                0x0000000000203848                udma_set_channel_control_word
 .text.udma_channel_enable
                0x000000000020385c       0x18 obj_zoul/udma.o
                0x000000000020385c                udma_channel_enable
 .text.udma_channel_mask_set
                0x0000000000203874       0x18 obj_zoul/udma.o
                0x0000000000203874                udma_channel_mask_set
 .text.udma_channel_sw_request
                0x000000000020388c       0x18 obj_zoul/udma.o
                0x000000000020388c                udma_channel_sw_request
 .text.udma_channel_get_mode
                0x00000000002038a4       0x1c obj_zoul/udma.o
                0x00000000002038a4                udma_channel_get_mode
 .text.udma_isr
                0x00000000002038c0       0x10 obj_zoul/udma.o
                0x00000000002038c0                udma_isr
 .text.udma_err_isr
                0x00000000002038d0        0xc obj_zoul/udma.o
                0x00000000002038d0                udma_err_isr
 .text.select_32_mhz_xosc
                0x00000000002038dc       0x2c obj_zoul/lpm.o
 .text.lpm_exit
                0x0000000000203908       0x30 obj_zoul/lpm.o
                0x0000000000203908                lpm_exit
 .text.lpm_enter
                0x0000000000203938       0xb4 obj_zoul/lpm.o
                0x0000000000203938                lpm_enter
 .text.lpm_register_peripheral
                0x00000000002039ec       0x20 obj_zoul/lpm.o
                0x00000000002039ec                lpm_register_peripheral
 .text.lpm_init
                0x0000000000203a0c       0x24 obj_zoul/lpm.o
                0x0000000000203a0c                lpm_init
 .text.pka_isr  0x0000000000203a30       0x24 obj_zoul/pka.o
                0x0000000000203a30                pka_isr
 .text.putchar  0x0000000000203a54       0x40 obj_zoul/dbg.o
                0x0000000000203a54                putchar
 .text.ieee_addr_cpy_to
                0x0000000000203a94       0x70 obj_zoul/ieee-addr.o
                0x0000000000203a94                ieee_addr_cpy_to
 .text.slip_arch_init
                0x0000000000203b04        0xc obj_zoul/slip-arch.o
                0x0000000000203b04                slip_arch_init
 .text.process_thread_slip_process
                0x0000000000203b10      0x214 obj_zoul/slip.o
 .text.slip_set_input_callback
                0x0000000000203d24        0xc obj_zoul/slip.o
                0x0000000000203d24                slip_set_input_callback
 .text.slip_send
                0x0000000000203d30       0x5c obj_zoul/slip.o
                0x0000000000203d30                slip_send
 .text.slip_input_byte
                0x0000000000203d8c       0xb0 obj_zoul/slip.o
                0x0000000000203d8c                slip_input_byte
 .text.printf   0x0000000000203e3c       0x20 obj_zoul/dbg-printf.o
                0x0000000000203e3c                printf
 .text.vsnprintf
                0x0000000000203e5c       0x28 obj_zoul/dbg-snprintf.o
                0x0000000000203e5c                vsnprintf
 .text.fill_space
                0x0000000000203e84       0x30 obj_zoul/strformat.o
 .text.format_str_v
                0x0000000000203eb4      0x6c8 obj_zoul/strformat.o
                0x0000000000203eb4                format_str_v
 .text.process_thread_ctimer_process
                0x000000000020457c       0x80 obj_zoul/ctimer.o
 .text.ctimer_init
                0x00000000002045fc       0x28 obj_zoul/ctimer.o
                0x00000000002045fc                ctimer_init
 .text.ctimer_set_with_process
                0x0000000000204624       0x44 obj_zoul/ctimer.o
                0x0000000000204624                ctimer_set_with_process
 .text.ctimer_set
                0x0000000000204668       0x14 obj_zoul/ctimer.o
                0x0000000000204668                ctimer_set
 .text.ctimer_reset
                0x000000000020467c       0x38 obj_zoul/ctimer.o
                0x000000000020467c                ctimer_reset
 .text.ctimer_restart
                0x00000000002046b4       0x38 obj_zoul/ctimer.o
                0x00000000002046b4                ctimer_restart
 .text.ctimer_stop
                0x00000000002046ec       0x2c obj_zoul/ctimer.o
                0x00000000002046ec                ctimer_stop
 .text.update_time
                0x0000000000204718       0x40 obj_zoul/etimer.o
 .text.etimer_request_poll
                0x0000000000204758        0xc obj_zoul/etimer.o
                0x0000000000204758                etimer_request_poll
 .text.process_thread_etimer_process
                0x0000000000204764       0x94 obj_zoul/etimer.o
 .text.add_timer
                0x00000000002047f8       0x40 obj_zoul/etimer.o
 .text.etimer_pending
                0x0000000000204838       0x10 obj_zoul/etimer.o
                0x0000000000204838                etimer_pending
 .text.etimer_stop
                0x0000000000204848       0x34 obj_zoul/etimer.o
                0x0000000000204848                etimer_stop
 .text.call_process.part.0
                0x000000000020487c       0x38 obj_zoul/process.o
 .text.exit_process
                0x00000000002048b4       0x84 obj_zoul/process.o
 .text.do_poll  0x0000000000204938       0x30 obj_zoul/process.o
 .text.process_alloc_event
                0x0000000000204968       0x10 obj_zoul/process.o
                0x0000000000204968                process_alloc_event
 .text.process_init
                0x0000000000204978       0x30 obj_zoul/process.o
                0x0000000000204978                process_init
 .text.process_run
                0x00000000002049a8       0x80 obj_zoul/process.o
                0x00000000002049a8                process_run
 .text.process_nevents
                0x0000000000204a28       0x14 obj_zoul/process.o
                0x0000000000204a28                process_nevents
 .text.process_post
                0x0000000000204a3c       0x3c obj_zoul/process.o
                0x0000000000204a3c                process_post
 .text.process_post_synch
                0x0000000000204a78       0x14 obj_zoul/process.o
                0x0000000000204a78                process_post_synch
 .text.process_start
                0x0000000000204a8c       0x30 obj_zoul/process.o
                0x0000000000204a8c                process_start
 .text.process_poll
                0x0000000000204abc       0x1c obj_zoul/process.o
                0x0000000000204abc                process_poll
 .text.rtimer_set
                0x0000000000204ad8       0x24 obj_zoul/rtimer.o
                0x0000000000204ad8                rtimer_set
 .text.rtimer_run_next
                0x0000000000204afc       0x28 obj_zoul/rtimer.o
                0x0000000000204afc                rtimer_run_next
 .text.stimer_expired
                0x0000000000204b24       0x20 obj_zoul/stimer.o
                0x0000000000204b24                stimer_expired
 .text.process_thread_serial_line_process
                0x0000000000204b44       0x98 obj_zoul/serial-line.o
 .text.serial_line_input_byte
                0x0000000000204bdc       0x44 obj_zoul/serial-line.o
                0x0000000000204bdc                serial_line_input_byte
 .text.serial_line_init
                0x0000000000204c20       0x24 obj_zoul/serial-line.o
                0x0000000000204c20                serial_line_init
 .text.random_rand
                0x0000000000204c44       0x24 obj_zoul/random.o
                0x0000000000204c44                random_rand
 .text.random_init
                0x0000000000204c68       0x7c obj_zoul/random.o
                0x0000000000204c68                random_init
 .text.process_thread_sensors_process
                0x0000000000204ce4       0xd4 obj_zoul/sensors.o
 .text.sensors_changed
                0x0000000000204db8       0x38 obj_zoul/sensors.o
                0x0000000000204db8                sensors_changed
 .text.clear_fragments
                0x0000000000204df0       0x3c obj_zoul/sicslowpan.o
 .text.sicslowpan_init
                0x0000000000204e2c       0x24 obj_zoul/sicslowpan.o
                0x0000000000204e2c                sicslowpan_init
 .text.compress_addr_64
                0x0000000000204e50       0x90 obj_zoul/sicslowpan.o
 .text.set_packet_attrs
                0x0000000000204ee0       0x44 obj_zoul/sicslowpan.o
 .text.addr_context_lookup_by_prefix
                0x0000000000204f24       0x24 obj_zoul/sicslowpan.o
 .text.send_packet
                0x0000000000204f48       0x24 obj_zoul/sicslowpan.o
 .text.packet_sent
                0x0000000000204f6c       0x28 obj_zoul/sicslowpan.o
 .text.store_fragment
                0x0000000000204f94       0x58 obj_zoul/sicslowpan.o
 .text.uncompress_addr
                0x0000000000204fec       0x7c obj_zoul/sicslowpan.o
 .text.output   0x0000000000205068      0x684 obj_zoul/sicslowpan.o
 .text.add_fragment
                0x00000000002056ec      0x118 obj_zoul/sicslowpan.o
 .text.input    0x0000000000205804      0x5b4 obj_zoul/sicslowpan.o
 .text.upper_layer_chksum
                0x0000000000205db8       0x54 obj_zoul/uip6.o
 .text.ext_hdr_options_process
                0x0000000000205e0c       0xa8 obj_zoul/uip6.o
 .text.uip_add32
                0x0000000000205eb4       0x54 obj_zoul/uip6.o
                0x0000000000205eb4                uip_add32
 .text.unlikely.uip_add_rcv_nxt
                0x0000000000205f08       0x2c obj_zoul/uip6.o
 .text.uip_init
                0x0000000000205f34       0x58 obj_zoul/uip6.o
                0x0000000000205f34                uip_init
 .text.remove_ext_hdr
                0x0000000000205f8c       0x58 obj_zoul/uip6.o
                0x0000000000205f8c                remove_ext_hdr
 .text.uip_unlisten
                0x0000000000205fe4       0x20 obj_zoul/uip6.o
                0x0000000000205fe4                uip_unlisten
 .text.uip_listen
                0x0000000000206004       0x1c obj_zoul/uip6.o
                0x0000000000206004                uip_listen
 .text.uip_process
                0x0000000000206020      0xd10 obj_zoul/uip6.o
                0x0000000000206020                uip_process
 .text.uip_send
                0x0000000000206d30       0x4c obj_zoul/uip6.o
                0x0000000000206d30                uip_send
 .text.uip_ds6_prefix_add
                0x0000000000206d7c       0x60 obj_zoul/uip-ds6.o
                0x0000000000206d7c                uip_ds6_prefix_add
 .text.uip_ds6_is_addr_onlink
                0x0000000000206ddc       0x40 obj_zoul/uip-ds6.o
                0x0000000000206ddc                uip_ds6_is_addr_onlink
 .text.uip_ds6_addr_lookup
                0x0000000000206e1c       0x2c obj_zoul/uip-ds6.o
                0x0000000000206e1c                uip_ds6_addr_lookup
 .text.uip_ds6_get_link_local
                0x0000000000206e48       0x40 obj_zoul/uip-ds6.o
                0x0000000000206e48                uip_ds6_get_link_local
 .text.uip_ds6_maddr_add
                0x0000000000206e88       0x4c obj_zoul/uip-ds6.o
                0x0000000000206e88                uip_ds6_maddr_add
 .text.uip_ds6_addr_add
                0x0000000000206ed4       0x98 obj_zoul/uip-ds6.o
                0x0000000000206ed4                uip_ds6_addr_add
 .text.uip_ds6_maddr_lookup
                0x0000000000206f6c       0x2c obj_zoul/uip-ds6.o
                0x0000000000206f6c                uip_ds6_maddr_lookup
 .text.uip_ds6_addr_rm
                0x0000000000206f98       0x44 obj_zoul/uip-ds6.o
                0x0000000000206f98                uip_ds6_addr_rm
 .text.uip_ds6_periodic
                0x0000000000206fdc       0x4c obj_zoul/uip-ds6.o
                0x0000000000206fdc                uip_ds6_periodic
 .text.uip_ds6_select_src
                0x0000000000207028       0x98 obj_zoul/uip-ds6.o
                0x0000000000207028                uip_ds6_select_src
 .text.uip_ds6_compute_reachable_time
                0x00000000002070c0       0x28 obj_zoul/uip-ds6.o
                0x00000000002070c0                uip_ds6_compute_reachable_time
 .text.uip_ds6_init
                0x00000000002070e8       0xe0 obj_zoul/uip-ds6.o
                0x00000000002070e8                uip_ds6_init
 .text.uip_ds6_nbr_rm
                0x00000000002071c8       0x20 obj_zoul/uip-ds6-nbr.o
                0x00000000002071c8                uip_ds6_nbr_rm
 .text.uip_ds6_neighbors_init
                0x00000000002071e8       0x1c obj_zoul/uip-ds6-nbr.o
                0x00000000002071e8                uip_ds6_neighbors_init
 .text.uip_ds6_nbr_add
                0x0000000000207204       0x3c obj_zoul/uip-ds6-nbr.o
                0x0000000000207204                uip_ds6_nbr_add
 .text.uip_ds6_nbr_get_ll
                0x0000000000207240       0x10 obj_zoul/uip-ds6-nbr.o
                0x0000000000207240                uip_ds6_nbr_get_ll
 .text.uip_ds6_nbr_lookup
                0x0000000000207250       0x38 obj_zoul/uip-ds6-nbr.o
                0x0000000000207250                uip_ds6_nbr_lookup
 .text.uip_ds6_nbr_ll_lookup
                0x0000000000207288       0x10 obj_zoul/uip-ds6-nbr.o
                0x0000000000207288                uip_ds6_nbr_ll_lookup
 .text.uip_ds6_link_neighbor_callback
                0x0000000000207298       0x34 obj_zoul/uip-ds6-nbr.o
                0x0000000000207298                uip_ds6_link_neighbor_callback
 .text.call_route_callback
                0x00000000002072cc       0x48 obj_zoul/uip-ds6-route.o
 .text.uip_ds6_route_init
                0x0000000000207314       0x4c obj_zoul/uip-ds6-route.o
                0x0000000000207314                uip_ds6_route_init
 .text.uip_ds6_route_nexthop
                0x0000000000207360       0x20 obj_zoul/uip-ds6-route.o
                0x0000000000207360                uip_ds6_route_nexthop
 .text.uip_ds6_route_head
                0x0000000000207380        0xc obj_zoul/uip-ds6-route.o
                0x0000000000207380                uip_ds6_route_head
 .text.uip_ds6_route_is_nexthop
                0x000000000020738c       0x20 obj_zoul/uip-ds6-route.o
                0x000000000020738c                uip_ds6_route_is_nexthop
 .text.uip_ds6_route_lookup
                0x00000000002073ac       0x64 obj_zoul/uip-ds6-route.o
                0x00000000002073ac                uip_ds6_route_lookup
 .text.uip_ds6_route_rm
                0x0000000000207410       0x9c obj_zoul/uip-ds6-route.o
                0x0000000000207410                uip_ds6_route_rm
 .text.rm_routelist
                0x00000000002074ac       0x30 obj_zoul/uip-ds6-route.o
 .text.uip_ds6_route_add
                0x00000000002074dc      0x110 obj_zoul/uip-ds6-route.o
                0x00000000002074dc                uip_ds6_route_add
 .text.uip_ds6_defrt_rm
                0x00000000002075ec       0x44 obj_zoul/uip-ds6-route.o
                0x00000000002075ec                uip_ds6_defrt_rm
 .text.uip_ds6_defrt_lookup
                0x0000000000207630       0x2c obj_zoul/uip-ds6-route.o
                0x0000000000207630                uip_ds6_defrt_lookup
 .text.uip_ds6_defrt_add
                0x000000000020765c       0x64 obj_zoul/uip-ds6-route.o
                0x000000000020765c                uip_ds6_defrt_add
 .text.uip_ds6_defrt_choose
                0x00000000002076c0       0x30 obj_zoul/uip-ds6-route.o
                0x00000000002076c0                uip_ds6_defrt_choose
 .text.uip_ds6_defrt_periodic
                0x00000000002076f0       0x30 obj_zoul/uip-ds6-route.o
                0x00000000002076f0                uip_ds6_defrt_periodic
 .text.echo_reply_input
                0x0000000000207720       0x94 obj_zoul/uip-icmp6.o
 .text.echo_request_input
                0x00000000002077b4       0xc8 obj_zoul/uip-icmp6.o
 .text.uip_icmp6_input
                0x000000000020787c       0x38 obj_zoul/uip-icmp6.o
                0x000000000020787c                uip_icmp6_input
 .text.uip_icmp6_register_input_handler
                0x00000000002078b4        0xc obj_zoul/uip-icmp6.o
                0x00000000002078b4                uip_icmp6_register_input_handler
 .text.uip_icmp6_error_output
                0x00000000002078c0      0x14c obj_zoul/uip-icmp6.o
                0x00000000002078c0                uip_icmp6_error_output
 .text.uip_icmp6_send
                0x0000000000207a0c       0x90 obj_zoul/uip-icmp6.o
                0x0000000000207a0c                uip_icmp6_send
 .text.uip_icmp6_init
                0x0000000000207a9c       0x1c obj_zoul/uip-icmp6.o
                0x0000000000207a9c                uip_icmp6_init
 .text.psock_send
                0x0000000000207ab8       0x98 obj_zoul/psock.o
                0x0000000000207ab8                psock_send
 .text.psock_newdata
                0x0000000000207b50       0x28 obj_zoul/psock.o
                0x0000000000207b50                psock_newdata
 .text.psock_readto
                0x0000000000207b78       0xa4 obj_zoul/psock.o
                0x0000000000207b78                psock_readto
 .text.start_periodic_tcp_timer
                0x0000000000207c1c       0x1c obj_zoul/tcpip.o
 .text.tcpip_output
                0x0000000000207c38       0x14 obj_zoul/tcpip.o
                0x0000000000207c38                tcpip_output
 .text.tcpip_set_outputfunc
                0x0000000000207c4c        0xc obj_zoul/tcpip.o
                0x0000000000207c4c                tcpip_set_outputfunc
 .text.tcp_listen
                0x0000000000207c58       0x28 obj_zoul/tcpip.o
                0x0000000000207c58                tcp_listen
 .text.tcp_attach
                0x0000000000207c80       0x10 obj_zoul/tcpip.o
                0x0000000000207c80                tcp_attach
 .text.tcpip_icmp6_call
                0x0000000000207c90       0x28 obj_zoul/tcpip.o
                0x0000000000207c90                tcpip_icmp6_call
 .text.tcpip_input
                0x0000000000207cb8       0x24 obj_zoul/tcpip.o
                0x0000000000207cb8                tcpip_input
 .text.tcpip_ipv6_output
                0x0000000000207cdc       0xf8 obj_zoul/tcpip.o
                0x0000000000207cdc                tcpip_ipv6_output
 .text.process_thread_tcpip_process
                0x0000000000207dd4      0x1b0 obj_zoul/tcpip.o
 .text.tcpip_uipcall
                0x0000000000207f84       0x68 obj_zoul/tcpip.o
                0x0000000000207f84                tcpip_uipcall
 .text.uip_debug_ipaddr_print
                0x0000000000207fec       0xa0 obj_zoul/uip-debug.o
                0x0000000000207fec                uip_debug_ipaddr_print
 .text.rpl_get_mode
                0x000000000020808c        0xc obj_zoul/rpl.o
                0x000000000020808c                rpl_get_mode
 .text.rpl_purge_routes
                0x0000000000208098       0x64 obj_zoul/rpl.o
                0x0000000000208098                rpl_purge_routes
 .text.rpl_link_neighbor_callback
                0x00000000002080fc       0x54 obj_zoul/rpl.o
                0x00000000002080fc                rpl_link_neighbor_callback
 .text.rpl_ipv6_neighbor_callback
                0x0000000000208150       0x28 obj_zoul/rpl.o
                0x0000000000208150                rpl_ipv6_neighbor_callback
 .text.rpl_purge_dags
                0x0000000000208178       0x3c obj_zoul/rpl.o
                0x0000000000208178                rpl_purge_dags
 .text.rpl_init
                0x00000000002081b4       0x4c obj_zoul/rpl.o
                0x00000000002081b4                rpl_init
 .text.rpl_set_preferred_parent
                0x0000000000208200       0x28 obj_zoul/rpl-dag.o
 .text.set_ip_from_prefix
                0x0000000000208228       0x2c obj_zoul/rpl-dag.o
 .text.find_parent_any_dag_any_instance
                0x0000000000208254       0x1c obj_zoul/rpl-dag.o
 .text.rpl_dag_init
                0x0000000000208270       0x14 obj_zoul/rpl-dag.o
                0x0000000000208270                rpl_dag_init
 .text.rpl_get_parent
                0x0000000000208284       0x10 obj_zoul/rpl-dag.o
                0x0000000000208284                rpl_get_parent
 .text.rpl_get_parent_lladdr
                0x0000000000208294       0x10 obj_zoul/rpl-dag.o
                0x0000000000208294                rpl_get_parent_lladdr
 .text.best_parent
                0x00000000002082a4       0x74 obj_zoul/rpl-dag.o
 .text.rpl_alloc_instance
                0x0000000000208318       0x34 obj_zoul/rpl-dag.o
                0x0000000000208318                rpl_alloc_instance
 .text.rpl_add_parent
                0x000000000020834c       0x30 obj_zoul/rpl-dag.o
                0x000000000020834c                rpl_add_parent
 .text.rpl_remove_parent
                0x000000000020837c       0x1c obj_zoul/rpl-dag.o
                0x000000000020837c                rpl_remove_parent
 .text.remove_parents.constprop.3
                0x0000000000208398       0x2c obj_zoul/rpl-dag.o
 .text.rpl_get_any_dag
                0x00000000002083c4       0x18 obj_zoul/rpl-dag.o
                0x00000000002083c4                rpl_get_any_dag
 .text.rpl_get_instance
                0x00000000002083dc       0x1c obj_zoul/rpl-dag.o
                0x00000000002083dc                rpl_get_instance
 .text.rpl_find_of
                0x00000000002083f8       0x14 obj_zoul/rpl-dag.o
                0x00000000002083f8                rpl_find_of
 .text.rpl_set_root
                0x000000000020840c      0x114 obj_zoul/rpl-dag.o
                0x000000000020840c                rpl_set_root
 .text.rpl_join_instance
                0x0000000000208520      0x13c obj_zoul/rpl-dag.o
                0x0000000000208520                rpl_join_instance
 .text.rpl_local_repair
                0x000000000020865c       0x74 obj_zoul/rpl-dag.o
                0x000000000020865c                rpl_local_repair
 .text.rpl_recalculate_ranks
                0x00000000002086d0       0x3c obj_zoul/rpl-dag.o
                0x00000000002086d0                rpl_recalculate_ranks
 .text.update_hbh_header
                0x000000000020870c       0xc4 obj_zoul/rpl-ext-header.o
 .text.insert_hbh_header
                0x00000000002087d0       0x98 obj_zoul/rpl-ext-header.o
 .text.rpl_verify_hbh_header
                0x0000000000208868       0xec obj_zoul/rpl-ext-header.o
                0x0000000000208868                rpl_verify_hbh_header
 .text.rpl_remove_header
                0x0000000000208954       0x78 obj_zoul/rpl-ext-header.o
                0x0000000000208954                rpl_remove_header
 .text.rpl_update_header
                0x00000000002089cc       0x64 obj_zoul/rpl-ext-header.o
                0x00000000002089cc                rpl_update_header
 .text.dao_ack_input
                0x0000000000208a30       0x14 obj_zoul/rpl-icmp6.o
 .text.dio_input
                0x0000000000208a44      0x248 obj_zoul/rpl-icmp6.o
 .text.dao_input
                0x0000000000208c8c      0x268 obj_zoul/rpl-icmp6.o
 .text.dis_output
                0x0000000000208ef4       0x54 obj_zoul/rpl-icmp6.o
                0x0000000000208ef4                dis_output
 .text.dio_output
                0x0000000000208f48      0x218 obj_zoul/rpl-icmp6.o
                0x0000000000208f48                dio_output
 .text.dis_input
                0x0000000000209160       0x50 obj_zoul/rpl-icmp6.o
 .text.dao_output_target
                0x00000000002091b0      0x100 obj_zoul/rpl-icmp6.o
                0x00000000002091b0                dao_output_target
 .text.dao_output
                0x00000000002092b0       0x90 obj_zoul/rpl-icmp6.o
                0x00000000002092b0                dao_output
 .text.rpl_icmp6_register_handlers
                0x0000000000209340       0x30 obj_zoul/rpl-icmp6.o
                0x0000000000209340                rpl_icmp6_register_handlers
 .text.update_nbr
                0x0000000000209370      0x10c obj_zoul/rpl-nbr-policy.o
 .text.handle_periodic_timer
                0x000000000020947c       0x14 obj_zoul/rpl-nbr-policy.o
 .text.find_removable_dis
                0x0000000000209490       0x20 obj_zoul/rpl-nbr-policy.o
                0x0000000000209490                find_removable_dis
 .text.find_removable_dio
                0x00000000002094b0       0x40 obj_zoul/rpl-nbr-policy.o
                0x00000000002094b0                find_removable_dio
 .text.find_removable_dao
                0x00000000002094f0       0x38 obj_zoul/rpl-nbr-policy.o
                0x00000000002094f0                find_removable_dao
 .text.rpl_nbr_policy_find_removable
                0x0000000000209528       0x28 obj_zoul/rpl-nbr-policy.o
                0x0000000000209528                rpl_nbr_policy_find_removable
 .text.new_dio_interval
                0x0000000000209550       0x58 obj_zoul/rpl-timers.o
 .text.handle_periodic_timer
                0x00000000002095a8       0x4c obj_zoul/rpl-timers.o
 .text.set_dao_lifetime_timer
                0x00000000002095f4       0x4c obj_zoul/rpl-timers.o
 .text.handle_dio_timer
                0x0000000000209640       0x80 obj_zoul/rpl-timers.o
 .text.schedule_dao
                0x00000000002096c0       0x54 obj_zoul/rpl-timers.o
 .text.handle_dao_timer
                0x0000000000209714       0x58 obj_zoul/rpl-timers.o
 .text.rpl_reset_periodic_timer
                0x000000000020976c       0x34 obj_zoul/rpl-timers.o
                0x000000000020976c                rpl_reset_periodic_timer
 .text.rpl_schedule_unicast_dio_immediately
                0x00000000002097a0       0x14 obj_zoul/rpl-timers.o
                0x00000000002097a0                rpl_schedule_unicast_dio_immediately
 .text.get_probing_target
                0x00000000002097b4       0xcc obj_zoul/rpl-timers.o
                0x00000000002097b4                get_probing_target
 .text.rpl_schedule_probing
                0x0000000000209880       0x20 obj_zoul/rpl-timers.o
                0x0000000000209880                rpl_schedule_probing
 .text.periodic
                0x00000000002098a0       0x2c obj_zoul/link-stats.o
 .text.link_stats_from_lladdr
                0x00000000002098cc        0xc obj_zoul/link-stats.o
                0x00000000002098cc                link_stats_from_lladdr
 .text.link_stats_packet_sent
                0x00000000002098d8       0x78 obj_zoul/link-stats.o
                0x00000000002098d8                link_stats_packet_sent
 .text.link_stats_input_callback
                0x0000000000209950       0x4c obj_zoul/link-stats.o
                0x0000000000209950                link_stats_input_callback
 .text.link_stats_init
                0x000000000020999c       0x28 obj_zoul/link-stats.o
                0x000000000020999c                link_stats_init
 .text.index_from_key
                0x00000000002099c4       0x20 obj_zoul/nbr-table.o
 .text.index_from_lladdr
                0x00000000002099e4       0x40 obj_zoul/nbr-table.o
 .text.key_from_item
                0x0000000000209a24       0x2c obj_zoul/nbr-table.o
 .text.nbr_get_bit.constprop.0
                0x0000000000209a50       0x30 obj_zoul/nbr-table.o
 .text.remove_key
                0x0000000000209a80       0x58 obj_zoul/nbr-table.o
 .text.nbr_table_register
                0x0000000000209ad8       0x28 obj_zoul/nbr-table.o
                0x0000000000209ad8                nbr_table_register
 .text.nbr_table_head
                0x0000000000209b00       0x34 obj_zoul/nbr-table.o
                0x0000000000209b00                nbr_table_head
 .text.nbr_table_add_lladdr
                0x0000000000209b34      0x118 obj_zoul/nbr-table.o
                0x0000000000209b34                nbr_table_add_lladdr
 .text.nbr_table_remove
                0x0000000000209c4c       0x2c obj_zoul/nbr-table.o
                0x0000000000209c4c                nbr_table_remove
 .text.nbr_table_lock
                0x0000000000209c78       0x14 obj_zoul/nbr-table.o
                0x0000000000209c78                nbr_table_lock
 .text.nbr_table_unlock
                0x0000000000209c8c       0x14 obj_zoul/nbr-table.o
                0x0000000000209c8c                nbr_table_unlock
 .text.netstack_init
                0x0000000000209ca0       0x38 obj_zoul/netstack.o
                0x0000000000209ca0                netstack_init
 .text.packetbuf_hdrreduce
                0x0000000000209cd8       0x28 obj_zoul/packetbuf.o
                0x0000000000209cd8                packetbuf_hdrreduce
 .text.packetbuf_set_datalen
                0x0000000000209d00        0xc obj_zoul/packetbuf.o
                0x0000000000209d00                packetbuf_set_datalen
 .text.packetbuf_hdrptr
                0x0000000000209d0c        0x8 obj_zoul/packetbuf.o
                0x0000000000209d0c                packetbuf_hdrptr
 .text.packetbuf_datalen
                0x0000000000209d14        0xc obj_zoul/packetbuf.o
                0x0000000000209d14                packetbuf_datalen
 .text.packetbuf_hdrlen
                0x0000000000209d20       0x18 obj_zoul/packetbuf.o
                0x0000000000209d20                packetbuf_hdrlen
 .text.packetbuf_dataptr
                0x0000000000209d38       0x10 obj_zoul/packetbuf.o
                0x0000000000209d38                packetbuf_dataptr
 .text.packetbuf_copyto
                0x0000000000209d48       0x40 obj_zoul/packetbuf.o
                0x0000000000209d48                packetbuf_copyto
 .text.packetbuf_totlen
                0x0000000000209d88       0x14 obj_zoul/packetbuf.o
                0x0000000000209d88                packetbuf_totlen
 .text.packetbuf_hdralloc
                0x0000000000209d9c       0x3c obj_zoul/packetbuf.o
                0x0000000000209d9c                packetbuf_hdralloc
 .text.packetbuf_attr_clear
                0x0000000000209dd8       0x34 obj_zoul/packetbuf.o
                0x0000000000209dd8                packetbuf_attr_clear
 .text.packetbuf_clear
                0x0000000000209e0c       0x20 obj_zoul/packetbuf.o
                0x0000000000209e0c                packetbuf_clear
 .text.packetbuf_copyfrom
                0x0000000000209e2c       0x2c obj_zoul/packetbuf.o
                0x0000000000209e2c                packetbuf_copyfrom
 .text.packetbuf_attr_copyto
                0x0000000000209e58       0x34 obj_zoul/packetbuf.o
                0x0000000000209e58                packetbuf_attr_copyto
 .text.packetbuf_attr_copyfrom
                0x0000000000209e8c       0x34 obj_zoul/packetbuf.o
                0x0000000000209e8c                packetbuf_attr_copyfrom
 .text.packetbuf_set_attr
                0x0000000000209ec0       0x10 obj_zoul/packetbuf.o
                0x0000000000209ec0                packetbuf_set_attr
 .text.packetbuf_attr
                0x0000000000209ed0        0xc obj_zoul/packetbuf.o
                0x0000000000209ed0                packetbuf_attr
 .text.packetbuf_set_addr
                0x0000000000209edc       0x18 obj_zoul/packetbuf.o
                0x0000000000209edc                packetbuf_set_addr
 .text.packetbuf_addr
                0x0000000000209ef4       0x10 obj_zoul/packetbuf.o
                0x0000000000209ef4                packetbuf_addr
 .text.packetbuf_holds_broadcast
                0x0000000000209f04       0x10 obj_zoul/packetbuf.o
                0x0000000000209f04                packetbuf_holds_broadcast
 .text.queuebuf_init
                0x0000000000209f14       0x1c obj_zoul/queuebuf.o
                0x0000000000209f14                queuebuf_init
 .text.queuebuf_numfree
                0x0000000000209f30        0xc obj_zoul/queuebuf.o
                0x0000000000209f30                queuebuf_numfree
 .text.queuebuf_new_from_packetbuf
                0x0000000000209f3c       0x44 obj_zoul/queuebuf.o
                0x0000000000209f3c                queuebuf_new_from_packetbuf
 .text.queuebuf_free
                0x0000000000209f80       0x2c obj_zoul/queuebuf.o
                0x0000000000209f80                queuebuf_free
 .text.queuebuf_to_packetbuf
                0x0000000000209fac       0x30 obj_zoul/queuebuf.o
                0x0000000000209fac                queuebuf_to_packetbuf
 .text.input_packet
                0x0000000000209fdc       0x10 obj_zoul/csma.o
 .text.on       0x0000000000209fec       0x10 obj_zoul/csma.o
 .text.off      0x0000000000209ffc       0x10 obj_zoul/csma.o
 .text.channel_check_interval
                0x000000000020a00c       0x10 obj_zoul/csma.o
 .text.transmit_packet_list
                0x000000000020a01c       0x24 obj_zoul/csma.o
 .text.schedule_transmission
                0x000000000020a040       0x4c obj_zoul/csma.o
 .text.send_packet
                0x000000000020a08c      0x138 obj_zoul/csma.o
 .text.init     0x000000000020a1c4       0x24 obj_zoul/csma.o
 .text.tx_done  0x000000000020a1e8       0x84 obj_zoul/csma.o
 .text.frame802154_get_pan_id
                0x000000000020a26c        0xc obj_zoul/frame802154.o
                0x000000000020a26c                frame802154_get_pan_id
 .text.frame802154_parse
                0x000000000020a278      0x16c obj_zoul/frame802154.o
                0x000000000020a278                frame802154_parse
 .text.create_frame.isra.0
                0x000000000020a3e4      0x128 obj_zoul/framer-802154.o
 .text.mac_sequence_is_duplicate
                0x000000000020a50c       0x4c obj_zoul/mac-sequence.o
                0x000000000020a50c                mac_sequence_is_duplicate
 .text.mac_sequence_register_seqno
                0x000000000020a558       0x5c obj_zoul/mac-sequence.o
                0x000000000020a558                mac_sequence_register_seqno
 .text.init     0x000000000020a5b4       0x40 obj_zoul/contikimac.o
 .text.on       0x000000000020a5f4       0x28 obj_zoul/contikimac.o
 .text.off      0x000000000020a61c       0x34 obj_zoul/contikimac.o
 .text.recv_burst_off
                0x000000000020a650       0x14 obj_zoul/contikimac.o
 .text.powercycle_turn_radio_off
                0x000000000020a664       0x1c obj_zoul/contikimac.o
 .text.turn_off
                0x000000000020a680       0x34 obj_zoul/contikimac.o
 .text.turn_on  0x000000000020a6b4       0x40 obj_zoul/contikimac.o
 .text.schedule_powercycle_fixed
                0x000000000020a6f4       0x34 obj_zoul/contikimac.o
 .text.input_packet
                0x000000000020a728       0x9c obj_zoul/contikimac.o
 .text.send_packet.isra.8
                0x000000000020a7c4      0x204 obj_zoul/contikimac.o
 .text.qsend_list
                0x000000000020a9c8       0xc4 obj_zoul/contikimac.o
 .text.powercycle_wrapper
                0x000000000020aa8c      0x1e8 obj_zoul/contikimac.o
 .text.input    0x000000000020ac74       0x10 obj_zoul/nullsec.o
 .text.send     0x000000000020ac84       0x20 obj_zoul/nullsec.o
 .text.process_thread_webserver_nogui_process
                0x000000000020aca4       0x34 border-router.co
 .text.ipaddr_add
                0x000000000020acd8       0xa8 border-router.co
 .text.generate_routes
                0x000000000020ad80      0x208 border-router.co
 .text.httpd_simple_get_script
                0x000000000020af88        0x8 border-router.co
                0x000000000020af88                httpd_simple_get_script
 .text.request_prefix
                0x000000000020af90       0x2c border-router.co
                0x000000000020af90                request_prefix
 .text.process_thread_border_router_process
                0x000000000020afbc       0xf0 border-router.co
 .text.set_prefix_64
                0x000000000020b0ac       0x68 border-router.co
                0x000000000020b0ac                set_prefix_64
 .text.init     0x000000000020b114       0x24 obj_zoul/slip-bridge.o
 .text.slip_input_callback
                0x000000000020b138       0xe0 obj_zoul/slip-bridge.o
 .text.output   0x000000000020b218       0x4c obj_zoul/slip-bridge.o
 .text.handle_input
                0x000000000020b264       0xc8 obj_zoul/httpd-simple.o
 .text.send_headers
                0x000000000020b32c       0x50 obj_zoul/httpd-simple.o
 .text.handle_output
                0x000000000020b37c       0xcc obj_zoul/httpd-simple.o
 .text.httpd_appcall
                0x000000000020b448       0xc4 obj_zoul/httpd-simple.o
                0x000000000020b448                httpd_appcall
 .text.httpd_init
                0x000000000020b50c       0x18 obj_zoul/httpd-simple.o
                0x000000000020b50c                httpd_init
 .text          0x000000000020b524       0x2c /usr/lib/gcc/arm-none-eabi/4.8.2/armv7-m/libgcc.a(_aeabi_uldivmod.o)
                0x000000000020b524                __aeabi_uldivmod
 .text          0x000000000020b550       0x60 /usr/lib/gcc/arm-none-eabi/4.8.2/armv7-m/libgcc.a(bpabi.o)
                0x000000000020b550                __gnu_ldivmod_helper
                0x000000000020b580                __gnu_uldivmod_helper
 .text          0x000000000020b5b0        0x4 /usr/lib/gcc/arm-none-eabi/4.8.2/armv7-m/libgcc.a(_dvmd_tls.o)
                0x000000000020b5b0                __aeabi_ldiv0
                0x000000000020b5b0                __aeabi_idiv0
 .text          0x000000000020b5b4      0x2bc /usr/lib/gcc/arm-none-eabi/4.8.2/armv7-m/libgcc.a(_divdi3.o)
                0x000000000020b5b4                __divdi3
 .text          0x000000000020b870      0x284 /usr/lib/gcc/arm-none-eabi/4.8.2/armv7-m/libgcc.a(_udivdi3.o)
                0x000000000020b870                __udivdi3
 .text.memcmp   0x000000000020baf4       0x68 /usr/lib/gcc/arm-none-eabi/4.8.2/../../../arm-none-eabi/lib/armv7-m/libc.a(lib_a-memcmp.o)
                0x000000000020baf4                memcmp
 .text          0x000000000020bb5c       0xec /usr/lib/gcc/arm-none-eabi/4.8.2/../../../arm-none-eabi/lib/armv7-m/libc.a(lib_a-memcpy.o)
                0x000000000020bb5c                memcpy
 .text.memmove  0x000000000020bc48       0xcc /usr/lib/gcc/arm-none-eabi/4.8.2/../../../arm-none-eabi/lib/armv7-m/libc.a(lib_a-memmove.o)
                0x000000000020bc48                memmove
 .text.memset   0x000000000020bd14       0x94 /usr/lib/gcc/arm-none-eabi/4.8.2/../../../arm-none-eabi/lib/armv7-m/libc.a(lib_a-memset.o)
                0x000000000020bd14                memset
 .text.strcpy   0x000000000020bda8       0xbc /usr/lib/gcc/arm-none-eabi/4.8.2/../../../arm-none-eabi/lib/armv7-m/libc.a(lib_a-strcpy.o)
                0x000000000020bda8                strcpy
 .text.strlen   0x000000000020be64       0x60 /usr/lib/gcc/arm-none-eabi/4.8.2/../../../arm-none-eabi/lib/armv7-m/libc.a(lib_a-strlen.o)
                0x000000000020be64                strlen
 .text.strncmp  0x000000000020bec4       0xb4 /usr/lib/gcc/arm-none-eabi/4.8.2/../../../arm-none-eabi/lib/armv7-m/libc.a(lib_a-strncmp.o)
                0x000000000020bec4                strncmp
 .text.strncpy  0x000000000020bf78       0x68 /usr/lib/gcc/arm-none-eabi/4.8.2/../../../arm-none-eabi/lib/armv7-m/libc.a(lib_a-strncpy.o)
                0x000000000020bf78                strncpy
 .text.default_handler
                0x000000000020bfe0        0x2 obj_zoul/startup-gcc.o
                0x000000000020bfe0                default_handler
 .text.nmi_handler
                0x000000000020bfe2        0x6 obj_zoul/startup-gcc.o
                0x000000000020bfe2                nmi_handler
 .text.fade     0x000000000020bfe8       0x54 obj_zoul/contiki-main.o
 .text.board_init
                0x000000000020c03c        0x4 obj_zoul/board.o
                0x000000000020c03c                board_init
 .text.clock_isr
                0x000000000020c040        0x4 obj_zoul/clock.o
                0x000000000020c040                clock_isr
 .text.rtimer_arch_init
                0x000000000020c044        0x2 obj_zoul/rtimer-arch.o
                0x000000000020c044                rtimer_arch_init
 .text.uart0_isr
                0x000000000020c046        0x6 obj_zoul/uart.o
                0x000000000020c046                uart0_isr
 .text.uart1_isr
                0x000000000020c04c        0x6 obj_zoul/uart.o
                0x000000000020c04c                uart1_isr
 .text.cpu_cpsie
                0x000000000020c052        0x8 obj_zoul/cpu.o
                0x000000000020c052                cpu_cpsie
 .text.cpu_cpsid
                0x000000000020c05a        0x8 obj_zoul/cpu.o
                0x000000000020c05a                cpu_cpsid
 .text.gpio_port_a_isr
                0x000000000020c062        0x6 obj_zoul/gpio.o
                0x000000000020c062                gpio_port_a_isr
 .text.gpio_port_b_isr
                0x000000000020c068        0x6 obj_zoul/gpio.o
                0x000000000020c068                gpio_port_b_isr
 .text.gpio_port_c_isr
                0x000000000020c06e        0x6 obj_zoul/gpio.o
                0x000000000020c06e                gpio_port_c_isr
 .text.gpio_port_d_isr
                0x000000000020c074        0x6 obj_zoul/gpio.o
                0x000000000020c074                gpio_port_d_isr
 .text.send     0x000000000020c07a       0x12 obj_zoul/cc2538-rf.o
 .text.dbg_send_bytes
                0x000000000020c08c       0x22 obj_zoul/dbg.o
                0x000000000020c08c                dbg_send_bytes
 .text.puts     0x000000000020c0ae       0x20 obj_zoul/dbg.o
                0x000000000020c0ae                puts
 .text.slip_arch_writeb
                0x000000000020c0ce        0x8 obj_zoul/slip-arch.o
                0x000000000020c0ce                slip_arch_writeb
 .text.configure
                0x000000000020c0d6        0x4 obj_zoul/cc2538-temp-sensor.o
 .text.status   0x000000000020c0da        0x4 obj_zoul/cc2538-temp-sensor.o
 .text.value    0x000000000020c0de       0x34 obj_zoul/cc2538-temp-sensor.o
 .text.configure
                0x000000000020c112        0x4 obj_zoul/vdd3-sensor.o
 .text.status   0x000000000020c116        0x4 obj_zoul/vdd3-sensor.o
 .text.value    0x000000000020c11a       0x2a obj_zoul/vdd3-sensor.o
 .text.write_str
                0x000000000020c144       0x10 obj_zoul/dbg-printf.o
 .text.buffer_str
                0x000000000020c154       0x28 obj_zoul/dbg-snprintf.o
 .text.snprintf
                0x000000000020c17c       0x1a obj_zoul/dbg-snprintf.o
                0x000000000020c17c                snprintf
 .text.autostart_start
                0x000000000020c196       0x14 obj_zoul/autostart.o
                0x000000000020c196                autostart_start
 .text.energest_init
                0x000000000020c1aa        0x2 obj_zoul/energest.o
                0x000000000020c1aa                energest_init
 .text.etimer_set
                0x000000000020c1ac       0x12 obj_zoul/etimer.o
                0x000000000020c1ac                etimer_set
 .text.etimer_reset
                0x000000000020c1be       0x12 obj_zoul/etimer.o
                0x000000000020c1be                etimer_reset
 .text.etimer_restart
                0x000000000020c1d0       0x12 obj_zoul/etimer.o
                0x000000000020c1d0                etimer_restart
 .text.etimer_expired
                0x000000000020c1e2        0xc obj_zoul/etimer.o
                0x000000000020c1e2                etimer_expired
 .text.etimer_expiration_time
                0x000000000020c1ee        0x6 obj_zoul/etimer.o
                0x000000000020c1ee                etimer_expiration_time
 .text.call_process
                0x000000000020c1f4        0xc obj_zoul/process.o
 .text.rtimer_init
                0x000000000020c200        0x4 obj_zoul/rtimer.o
                0x000000000020c200                rtimer_init
 .text.stimer_set
                0x000000000020c204        0xe obj_zoul/stimer.o
                0x000000000020c204                stimer_set
 .text.timer_set
                0x000000000020c212        0xe obj_zoul/timer.o
                0x000000000020c212                timer_set
 .text.timer_reset
                0x000000000020c220        0xa obj_zoul/timer.o
                0x000000000020c220                timer_reset
 .text.timer_restart
                0x000000000020c22a        0xc obj_zoul/timer.o
                0x000000000020c22a                timer_restart
 .text.timer_expired
                0x000000000020c236       0x1c obj_zoul/timer.o
                0x000000000020c236                timer_expired
 .text.list_init
                0x000000000020c252        0x6 obj_zoul/list.o
                0x000000000020c252                list_init
 .text.list_head
                0x000000000020c258        0x4 obj_zoul/list.o
                0x000000000020c258                list_head
 .text.list_tail
                0x000000000020c25c        0xe obj_zoul/list.o
                0x000000000020c25c                list_tail
 .text.list_remove
                0x000000000020c26a       0x28 obj_zoul/list.o
                0x000000000020c26a                list_remove
 .text.list_add
                0x000000000020c292       0x1e obj_zoul/list.o
                0x000000000020c292                list_add
 .text.list_push
                0x000000000020c2b0       0x12 obj_zoul/list.o
                0x000000000020c2b0                list_push
 .text.list_length
                0x000000000020c2c2        0xe obj_zoul/list.o
                0x000000000020c2c2                list_length
 .text.list_item_next
                0x000000000020c2d0        0x6 obj_zoul/list.o
                0x000000000020c2d0                list_item_next
 .text.memb_init
                0x000000000020c2d6       0x20 obj_zoul/memb.o
                0x000000000020c2d6                memb_init
 .text.memb_alloc
                0x000000000020c2f6       0x28 obj_zoul/memb.o
                0x000000000020c2f6                memb_alloc
 .text.memb_free
                0x000000000020c31e       0x2c obj_zoul/memb.o
                0x000000000020c31e                memb_free
 .text.memb_inmemb
                0x000000000020c34a       0x1c obj_zoul/memb.o
                0x000000000020c34a                memb_inmemb
 .text.memb_numfree
                0x000000000020c366       0x1c obj_zoul/memb.o
                0x000000000020c366                memb_numfree
 .text.ringbuf_init
                0x000000000020c382        0xe obj_zoul/ringbuf.o
                0x000000000020c382                ringbuf_init
 .text.ringbuf_put
                0x000000000020c390       0x26 obj_zoul/ringbuf.o
                0x000000000020c390                ringbuf_put
 .text.ringbuf_get
                0x000000000020c3b6       0x20 obj_zoul/ringbuf.o
                0x000000000020c3b6                ringbuf_get
 .text.chksum   0x000000000020c3d6       0x38 obj_zoul/uip6.o
 .text.uip_icmp6chksum
                0x000000000020c40e        0x6 obj_zoul/uip6.o
                0x000000000020c40e                uip_icmp6chksum
 .text.uip_tcpchksum
                0x000000000020c414        0x6 obj_zoul/uip6.o
                0x000000000020c414                uip_tcpchksum
 .text.uip_udpchksum
                0x000000000020c41a        0x6 obj_zoul/uip6.o
                0x000000000020c41a                uip_udpchksum
 .text.uip_htonl
                0x000000000020c420       0x14 obj_zoul/uip6.o
                0x000000000020c420                uip_htonl
 .text.uip_ds6_list_loop
                0x000000000020c434       0x4a obj_zoul/uip-ds6.o
                0x000000000020c434                uip_ds6_list_loop
 .text.uip_ds6_maddr_rm
                0x000000000020c47e        0x8 obj_zoul/uip-ds6.o
                0x000000000020c47e                uip_ds6_maddr_rm
 .text.uip_ds6_set_addr_iid
                0x000000000020c486       0x12 obj_zoul/uip-ds6.o
                0x000000000020c486                uip_ds6_set_addr_iid
 .text.get_match_length
                0x000000000020c498       0x38 obj_zoul/uip-ds6.o
                0x000000000020c498                get_match_length
 .text.uip_ds6_nbr_ipaddr_from_lladdr
                0x000000000020c4d0        0x4 obj_zoul/uip-ds6-nbr.o
                0x000000000020c4d0                uip_ds6_nbr_ipaddr_from_lladdr
 .text.uip_ds6_nbr_lladdr_from_ipaddr
                0x000000000020c4d4       0x12 obj_zoul/uip-ds6-nbr.o
                0x000000000020c4d4                uip_ds6_nbr_lladdr_from_ipaddr
 .text.uip_ds6_route_next
                0x000000000020c4e6        0x8 obj_zoul/uip-ds6-route.o
                0x000000000020c4e6                uip_ds6_route_next
 .text.rm_routelist_callback
                0x000000000020c4ee        0x4 obj_zoul/uip-ds6-route.o
 .text.uip_nd6_init
                0x000000000020c4f2        0x2 obj_zoul/uip-nd6.o
                0x000000000020c4f2                uip_nd6_init
 .text.psock_datalen
                0x000000000020c4f4        0xa obj_zoul/psock.o
                0x000000000020c4f4                psock_datalen
 .text.psock_init
                0x000000000020c4fe       0x16 obj_zoul/psock.o
                0x000000000020c4fe                psock_init
 .text.rpl_remove_routes
                0x000000000020c514       0x1e obj_zoul/rpl.o
                0x000000000020c514                rpl_remove_routes
 .text.rpl_remove_routes_by_nexthop
                0x000000000020c532       0x30 obj_zoul/rpl.o
                0x000000000020c532                rpl_remove_routes_by_nexthop
 .text.rpl_add_route
                0x000000000020c562       0x2e obj_zoul/rpl.o
                0x000000000020c562                rpl_add_route
 .text.lollipop_greater_than
                0x000000000020c590       0x32 obj_zoul/rpl-dag.o
 .text.check_prefix
                0x000000000020c5c2       0x58 obj_zoul/rpl-dag.o
 .text.rpl_rank_via_parent
                0x000000000020c61a       0x1e obj_zoul/rpl-dag.o
                0x000000000020c61a                rpl_rank_via_parent
 .text.rpl_get_parent_ipaddr
                0x000000000020c638        0xe obj_zoul/rpl-dag.o
                0x000000000020c638                rpl_get_parent_ipaddr
 .text.rpl_get_parent_link_stats
                0x000000000020c646        0xe obj_zoul/rpl-dag.o
                0x000000000020c646                rpl_get_parent_link_stats
 .text.rpl_parent_is_fresh
                0x000000000020c654        0xe obj_zoul/rpl-dag.o
                0x000000000020c654                rpl_parent_is_fresh
 .text.rpl_parent_is_reachable
                0x000000000020c662       0x36 obj_zoul/rpl-dag.o
                0x000000000020c662                rpl_parent_is_reachable
 .text.rpl_set_prefix
                0x000000000020c698       0x6e obj_zoul/rpl-dag.o
                0x000000000020c698                rpl_set_prefix
 .text.rpl_set_default_route
                0x000000000020c706       0x30 obj_zoul/rpl-dag.o
                0x000000000020c706                rpl_set_default_route
 .text.rpl_find_parent
                0x000000000020c736       0x18 obj_zoul/rpl-dag.o
                0x000000000020c736                rpl_find_parent
 .text.rpl_find_parent_any_dag
                0x000000000020c74e       0x1e obj_zoul/rpl-dag.o
                0x000000000020c74e                rpl_find_parent_any_dag
 .text.rpl_select_parent
                0x000000000020c76c       0x4a obj_zoul/rpl-dag.o
                0x000000000020c76c                rpl_select_parent
 .text.rpl_select_dag
                0x000000000020c7b6      0x15c obj_zoul/rpl-dag.o
                0x000000000020c7b6                rpl_select_dag
 .text.rpl_nullify_parent
                0x000000000020c912       0x54 obj_zoul/rpl-dag.o
                0x000000000020c912                rpl_nullify_parent
 .text.nbr_callback
                0x000000000020c966        0x4 obj_zoul/rpl-dag.o
 .text.rpl_free_dag
                0x000000000020c96a       0x3a obj_zoul/rpl-dag.o
                0x000000000020c96a                rpl_free_dag
 .text.rpl_move_parent
                0x000000000020c9a4       0x54 obj_zoul/rpl-dag.o
                0x000000000020c9a4                rpl_move_parent
 .text.rpl_repair_root
                0x000000000020c9f8       0x48 obj_zoul/rpl-dag.o
                0x000000000020c9f8                rpl_repair_root
 .text.rpl_alloc_dag
                0x000000000020ca40       0x48 obj_zoul/rpl-dag.o
                0x000000000020ca40                rpl_alloc_dag
 .text.rpl_process_parent_event
                0x000000000020ca88       0x96 obj_zoul/rpl-dag.o
                0x000000000020ca88                rpl_process_parent_event
 .text.rpl_add_dag
                0x000000000020cb1e      0x10a obj_zoul/rpl-dag.o
                0x000000000020cb1e                rpl_add_dag
 .text.rpl_process_dio
                0x000000000020cc28      0x2e8 obj_zoul/rpl-dag.o
                0x000000000020cc28                rpl_process_dio
 .text.get32    0x000000000020cf10       0x18 obj_zoul/rpl-icmp6.o
 .text.set32    0x000000000020cf28       0x12 obj_zoul/rpl-icmp6.o
 .text.get16    0x000000000020cf3a        0xc obj_zoul/rpl-icmp6.o
 .text.set16    0x000000000020cf46        0xa obj_zoul/rpl-icmp6.o
 .text.rpl_icmp6_update_nbr_table
                0x000000000020cf50       0x2e obj_zoul/rpl-icmp6.o
                0x000000000020cf50                rpl_icmp6_update_nbr_table
 .text.reset    0x000000000020cf7e        0x2 obj_zoul/rpl-mrhof.o
 .text.update_metric_container
                0x000000000020cf80        0x6 obj_zoul/rpl-mrhof.o
 .text.parent_link_metric
                0x000000000020cf86       0x12 obj_zoul/rpl-mrhof.o
 .text.parent_has_usable_link
                0x000000000020cf98       0x12 obj_zoul/rpl-mrhof.o
 .text.best_dag
                0x000000000020cfaa       0x28 obj_zoul/rpl-mrhof.o
 .text.parent_path_cost
                0x000000000020cfd2       0x30 obj_zoul/rpl-mrhof.o
 .text.parent_is_acceptable
                0x000000000020d002       0x26 obj_zoul/rpl-mrhof.o
 .text.rank_via_parent
                0x000000000020d028       0x34 obj_zoul/rpl-mrhof.o
 .text.best_parent
                0x000000000020d05c       0x66 obj_zoul/rpl-mrhof.o
 .text.handle_unicast_dio_timer
                0x000000000020d0c2       0x1c obj_zoul/rpl-timers.o
 .text.rpl_reset_dio_timer
                0x000000000020d0de       0x1c obj_zoul/rpl-timers.o
                0x000000000020d0de                rpl_reset_dio_timer
 .text.rpl_schedule_dao
                0x000000000020d0fa        0x8 obj_zoul/rpl-timers.o
                0x000000000020d0fa                rpl_schedule_dao
 .text.get_probing_delay
                0x000000000020d102       0x3a obj_zoul/rpl-timers.o
                0x000000000020d102                get_probing_delay
 .text.handle_probing_timer
                0x000000000020d13c       0x32 obj_zoul/rpl-timers.o
 .text.linkaddr_copy
                0x000000000020d16e        0xa obj_zoul/linkaddr.o
                0x000000000020d16e                linkaddr_copy
 .text.linkaddr_cmp
                0x000000000020d178       0x12 obj_zoul/linkaddr.o
                0x000000000020d178                linkaddr_cmp
 .text.link_stats_is_fresh
                0x000000000020d18a       0x24 obj_zoul/link-stats.o
                0x000000000020d18a                link_stats_is_fresh
 .text.nbr_set_bit
                0x000000000020d1ae       0x34 obj_zoul/nbr-table.o
 .text.item_from_key
                0x000000000020d1e2       0x22 obj_zoul/nbr-table.o
 .text.nbr_table_next
                0x000000000020d204       0x2e obj_zoul/nbr-table.o
                0x000000000020d204                nbr_table_next
 .text.nbr_table_get_from_lladdr
                0x000000000020d232       0x32 obj_zoul/nbr-table.o
                0x000000000020d232                nbr_table_get_from_lladdr
 .text.nbr_table_get_lladdr
                0x000000000020d264        0xc obj_zoul/nbr-table.o
                0x000000000020d264                nbr_table_get_lladdr
 .text.queuebuf_update_attr_from_packetbuf
                0x000000000020d270        0xc obj_zoul/queuebuf.o
                0x000000000020d270                queuebuf_update_attr_from_packetbuf
 .text.queuebuf_update_from_packetbuf
                0x000000000020d27c       0x1c obj_zoul/queuebuf.o
                0x000000000020d27c                queuebuf_update_from_packetbuf
 .text.queuebuf_attr
                0x000000000020d298        0xc obj_zoul/queuebuf.o
                0x000000000020d298                queuebuf_attr
 .text.packet_sent
                0x000000000020d2a4       0xca obj_zoul/csma.o
 .text.frame802154_has_panid
                0x000000000020d36e       0x66 obj_zoul/frame802154.o
                0x000000000020d36e                frame802154_has_panid
 .text.field_len
                0x000000000020d3d4       0x84 obj_zoul/frame802154.o
 .text.frame802154_is_broadcast_addr
                0x000000000020d458       0x20 obj_zoul/frame802154.o
                0x000000000020d458                frame802154_is_broadcast_addr
 .text.frame802154_hdrlen
                0x000000000020d478       0x32 obj_zoul/frame802154.o
                0x000000000020d478                frame802154_hdrlen
 .text.frame802154_create
                0x000000000020d4aa       0xee obj_zoul/frame802154.o
                0x000000000020d4aa                frame802154_create
 .text.parse    0x000000000020d598       0x94 obj_zoul/framer-802154.o
 .text.create   0x000000000020d62c        0x6 obj_zoul/framer-802154.o
 .text.hdr_length
                0x000000000020d632        0x6 obj_zoul/framer-802154.o
 .text.mac_call_sent_callback
                0x000000000020d638       0x10 obj_zoul/mac.o
                0x000000000020d638                mac_call_sent_callback
 .text.duty_cycle
                0x000000000020d648        0x4 obj_zoul/contikimac.o
 .text.qsend_packet
                0x000000000020d64c       0x22 obj_zoul/contikimac.o
 .text.init     0x000000000020d66e        0x2 obj_zoul/nullsec.o
 *(SORT(.rodata*))
 .rodata.button_sensor
                0x000000000020d670       0x10 obj_zoul/button-sensor.o
                0x000000000020d670                button_sensor
 .rodata.uart_regs
                0x000000000020d680       0x58 obj_zoul/uart.o
 .rodata.reset_cause.4692
                0x000000000020d6d8       0x10 obj_zoul/sys-ctrl.o
 .rodata.output_power
                0x000000000020d6e8       0x70 obj_zoul/cc2538-rf.o
 .rodata.cc2538_rf_driver
                0x000000000020d758       0x38 obj_zoul/cc2538-rf.o
                0x000000000020d758                cc2538_rf_driver
 .rodata.cc2538_temp_sensor
                0x000000000020d790       0x10 obj_zoul/cc2538-temp-sensor.o
                0x000000000020d790                cc2538_temp_sensor
 .rodata.vdd3_sensor
                0x000000000020d7a0       0x10 obj_zoul/vdd3-sensor.o
                0x000000000020d7a0                vdd3_sensor
 .rodata.sicslowpan_driver
                0x000000000020d7b0        0xc obj_zoul/sicslowpan.o
                0x000000000020d7b0                sicslowpan_driver
 .rodata.csma_driver
                0x000000000020d7bc       0x1c obj_zoul/csma.o
                0x000000000020d7bc                csma_driver
 .rodata.framer_802154
                0x000000000020d7d8        0xc obj_zoul/framer-802154.o
                0x000000000020d7d8                framer_802154
 .rodata.contikimac_driver
                0x000000000020d7e4       0x20 obj_zoul/contikimac.o
                0x000000000020d7e4                contikimac_driver
 .rodata.nullsec_driver
                0x000000000020d804       0x10 obj_zoul/nullsec.o
                0x000000000020d804                nullsec_driver
 .rodata.autostart_processes
                0x000000000020d814        0xc border-router.co
                0x000000000020d814                autostart_processes
 .rodata.rpl_interface
                0x000000000020d820        0x8 obj_zoul/slip-bridge.o
                0x000000000020d820                rpl_interface
 .rodata.str1.1
                0x000000000020d828       0x7e obj_zoul/contiki-main.o
 .rodata.str1.1
                0x000000000020d8a6        0x7 obj_zoul/button-sensor.o
 .rodata.str1.1
                0x000000000020d8ad       0x94 obj_zoul/soc.o
 .rodata.str1.1
                0x000000000020d941       0x2d obj_zoul/sys-ctrl.o
 .rodata.str1.1
                0x000000000020d96e       0x11 obj_zoul/cc2538-rf.o
 .rodata.str1.1
                0x000000000020d97f       0x21 obj_zoul/slip.o
 .rodata.str1.1
                0x000000000020d9a0       0x14 obj_zoul/cc2538-temp-sensor.o
 .rodata.str1.1
                0x000000000020d9b4        0x5 obj_zoul/vdd3-sensor.o
 .rodata.str1.1
                0x000000000020d9b9       0x35 obj_zoul/strformat.o
                                         0x37 (size before relaxing)
 .rodata.buffer.4132
                0x000000000020d9ee       0x10 obj_zoul/strformat.o
 .rodata.buffer.4141
                0x000000000020d9fe       0x10 obj_zoul/strformat.o
 .rodata.str1.1
                0x000000000020da0e        0xf obj_zoul/ctimer.o
 .rodata.str1.1
                0x000000000020da1d        0xc obj_zoul/etimer.o
 .rodata.str1.1
                0x000000000020da29        0xe obj_zoul/serial-line.o
 .rodata.str1.1
                0x000000000020da37        0x8 obj_zoul/sensors.o
 .rodata        0x000000000020da3f        0x2 obj_zoul/sicslowpan.o
 .rodata.ttl_values
                0x000000000020da41        0x4 obj_zoul/sicslowpan.o
 .rodata.unc_llconf
                0x000000000020da45        0x4 obj_zoul/sicslowpan.o
                0x000000000020da45                unc_llconf
 .rodata.llprefix
                0x000000000020da49        0x2 obj_zoul/sicslowpan.o
                0x000000000020da49                llprefix
 .rodata.unc_mxconf
                0x000000000020da4b        0x4 obj_zoul/sicslowpan.o
                0x000000000020da4b                unc_mxconf
 .rodata.str1.1
                0x000000000020da4f        0xb obj_zoul/sicslowpan.o
 .rodata.unc_ctxconf
                0x000000000020da5a        0x4 obj_zoul/sicslowpan.o
                0x000000000020da5a                unc_ctxconf
 .rodata.str1.1
                0x000000000020da5e        0xd obj_zoul/tcpip.o
 .rodata.str1.1
                0x000000000020da6b       0x28 obj_zoul/uip-debug.o
 .rodata.linkaddr_null
                0x000000000020da93        0x8 obj_zoul/linkaddr.o
                0x000000000020da93                linkaddr_null
 .rodata.str1.1
                0x000000000020da9b        0x5 obj_zoul/csma.o
 .rodata.str1.1
                0x000000000020daa0        0xb obj_zoul/contikimac.o
 .rodata.str1.1
                0x000000000020daab        0x8 obj_zoul/nullsec.o
 .rodata.str1.1
                0x000000000020dab3       0xb7 border-router.co
                                         0xc1 (size before relaxing)
 .rodata.str1.1
                0x000000000020db6a       0x90 obj_zoul/slip-bridge.o
                                         0xa1 (size before relaxing)
 .rodata.http_index_html
                0x000000000020dbfa        0xc obj_zoul/httpd-simple.o
                0x000000000020dbfa                http_index_html
 .rodata.http_header_404
                0x000000000020dc06       0x5d obj_zoul/httpd-simple.o
                0x000000000020dc06                http_header_404
 .rodata.http_header_200
                0x000000000020dc63       0x56 obj_zoul/httpd-simple.o
                0x000000000020dc63                http_header_200
 .rodata.http_content_type_html
                0x000000000020dcb9       0x1c obj_zoul/httpd-simple.o
                0x000000000020dcb9                http_content_type_html
 .rodata.str1.1
                0x000000000020dcd5       0x68 obj_zoul/httpd-simple.o
 .rodata.http_get
                0x000000000020dd3d        0x5 obj_zoul/httpd-simple.o
                0x000000000020dd3d                http_get
                0x000000000020dd42                _etext = .

.glue_7         0x000000000020dd44        0x0
 .glue_7        0x0000000000000000        0x0 linker stubs

.glue_7t        0x000000000020dd44        0x0
 .glue_7t       0x0000000000000000        0x0 linker stubs

.vfp11_veneer   0x000000000020dd44        0x0
 .vfp11_veneer  0x0000000000000000        0x0 linker stubs

.v4_bx          0x000000000020dd44        0x0
 .v4_bx         0x0000000000000000        0x0 linker stubs

.iplt           0x000000000020dd44        0x0
 .iplt          0x0000000000000000        0x0 obj_zoul/startup-gcc.o

.socdata        0x0000000020004000       0x40
 *(SORT(.udma_channel_control_table))
 .udma_channel_control_table
                0x0000000020004000       0x40 obj_zoul/udma.o

.data           0x0000000020004040      0x1dd load address 0x000000000020dd44
                0x0000000020004040                _data = .
 *(SORT(.data*))
 .data.sensors  0x0000000020004040       0x10 obj_zoul/zoul-sensors.o
                0x0000000020004040                sensors
 .data.cc2538_rf_process
                0x0000000020004050       0x10 obj_zoul/cc2538-rf.o
                0x0000000020004050                cc2538_rf_process
 .data.slip_process
                0x0000000020004060       0x10 obj_zoul/slip.o
                0x0000000020004060                slip_process
 .data.ctxt     0x0000000020004070        0x8 obj_zoul/dbg-printf.o
 .data.ctimer_process
                0x0000000020004078       0x10 obj_zoul/ctimer.o
                0x0000000020004078                ctimer_process
 .data.etimer_process
                0x0000000020004088       0x10 obj_zoul/etimer.o
                0x0000000020004088                etimer_process
 .data.serial_line_process
                0x0000000020004098       0x10 obj_zoul/serial-line.o
                0x0000000020004098                serial_line_process
 .data.sensors_process
                0x00000000200040a8       0x10 obj_zoul/sensors.o
                0x00000000200040a8                sensors_process
 .data.ds6_neighbors
                0x00000000200040b8        0x4 obj_zoul/uip-ds6-nbr.o
                0x00000000200040b8                ds6_neighbors
 .data.ds6_neighbors_struct
                0x00000000200040bc       0x10 obj_zoul/uip-ds6-nbr.o
 .data.defaultroutermemb
                0x00000000200040cc        0xc obj_zoul/uip-ds6-route.o
 .data.nbr_routes_struct
                0x00000000200040d8       0x10 obj_zoul/uip-ds6-route.o
 .data.nbr_routes
                0x00000000200040e8        0x4 obj_zoul/uip-ds6-route.o
                0x00000000200040e8                nbr_routes
 .data.routememb
                0x00000000200040ec        0xc obj_zoul/uip-ds6-route.o
 .data.neighborroutememb
                0x00000000200040f8        0xc obj_zoul/uip-ds6-route.o
 .data.echo_request_handler
                0x0000000020004104        0xc obj_zoul/uip-icmp6.o
 .data.echo_reply_handler
                0x0000000020004110        0xc obj_zoul/uip-icmp6.o
 .data.tcpip_process
                0x000000002000411c       0x10 obj_zoul/tcpip.o
                0x000000002000411c                tcpip_process
 .data.rpl_parents
                0x000000002000412c        0x4 obj_zoul/rpl-dag.o
                0x000000002000412c                rpl_parents
 .data.rpl_parents_struct
                0x0000000020004130       0x10 obj_zoul/rpl-dag.o
 .data.dao_ack_handler
                0x0000000020004140        0xc obj_zoul/rpl-icmp6.o
 .data.dis_handler
                0x000000002000414c        0xc obj_zoul/rpl-icmp6.o
 .data.dao_handler
                0x0000000020004158        0xc obj_zoul/rpl-icmp6.o
 .data.dio_handler
                0x0000000020004164        0xc obj_zoul/rpl-icmp6.o
 .data.rpl_mrhof
                0x0000000020004170       0x24 obj_zoul/rpl-mrhof.o
                0x0000000020004170                rpl_mrhof
 .data.link_stats_struct
                0x0000000020004194       0x10 obj_zoul/link-stats.o
 .data.neighbor_addr_mem
                0x00000000200041a4        0xc obj_zoul/nbr-table.o
 .data.bufmem   0x00000000200041b0        0xc obj_zoul/queuebuf.o
 .data.buframmem
                0x00000000200041bc        0xc obj_zoul/queuebuf.o
 .data.metadata_memb
                0x00000000200041c8        0xc obj_zoul/csma.o
 .data.packet_memb
                0x00000000200041d4        0xc obj_zoul/csma.o
 .data.neighbor_memb
                0x00000000200041e0        0xc obj_zoul/csma.o
 .data.border_router_process
                0x00000000200041ec       0x10 border-router.co
                0x00000000200041ec                border_router_process
 .data.webserver_nogui_process
                0x00000000200041fc       0x10 border-router.co
                0x00000000200041fc                webserver_nogui_process
 .data.conns    0x000000002000420c        0xc obj_zoul/httpd-simple.o
 .data.mac_pan_id
                0x0000000020004218        0x2 obj_zoul/frame802154.o
 .data.send_on_cca
                0x000000002000421a        0x1 obj_zoul/cc2538-rf.o
 .data.rf_channel
                0x000000002000421b        0x1 obj_zoul/cc2538-rf.o
 .data.dao_sequence
                0x000000002000421c        0x1 obj_zoul/rpl-icmp6.o
                0x000000002000421d                _edata = .
                0x000000000020dd44                _ldata = LOADADDR (.data)

.igot.plt       0x0000000020004220        0x0 load address 0x000000000020df21
 .igot.plt      0x0000000000000000        0x0 obj_zoul/startup-gcc.o

.ARM.exidx      0x000000000020df24        0x8
 *(SORT(.ARM.exidx*))
 .ARM.exidx     0x000000000020df24        0x8 /usr/lib/gcc/arm-none-eabi/4.8.2/armv7-m/libgcc.a(_divdi3.o)
 .ARM.exidx     0x000000000020df2c        0x0 /usr/lib/gcc/arm-none-eabi/4.8.2/armv7-m/libgcc.a(_udivdi3.o)
                                          0x8 (size before relaxing)

.bss            0x0000000020004220     0x226c
                0x0000000020004220                _bss = .
 *(SORT(.bss*))
 .bss.rt_ticks_startup
                0x0000000020004220        0x8 obj_zoul/clock.o
 .bss.rt_ticks_epoch
                0x0000000020004228        0x8 obj_zoul/clock.o
 .bss.press_counter
                0x0000000020004230       0x20 obj_zoul/button-sensor.o
 .bss.debouncetimer
                0x0000000020004250        0x8 obj_zoul/button-sensor.o
 .bss.press_duration
                0x0000000020004258        0x4 obj_zoul/button-sensor.o
 .bss.next_trigger
                0x000000002000425c        0x4 obj_zoul/rtimer-arch.o
 .bss.input_handler
                0x0000000020004260        0x8 obj_zoul/uart.o
 .bss.interrupt_disable
                0x0000000020004268        0x4 obj_zoul/nvic.o
 .bss.interrupt_pend
                0x000000002000426c        0x4 obj_zoul/nvic.o
 .bss.interrupt_unpend
                0x0000000020004270        0x4 obj_zoul/nvic.o
 .bss.interrupt_enable
                0x0000000020004274        0x4 obj_zoul/nvic.o
 .bss.gpio_callbacks
                0x0000000020004278       0x80 obj_zoul/gpio.o
 .bss.ioc_sel   0x00000000200042f8        0x4 obj_zoul/ioc.o
 .bss.ioc_over  0x00000000200042fc        0x4 obj_zoul/ioc.o
 .bss.notification_process
                0x0000000020004300        0x4 obj_zoul/crypto.o
 .bss.periph_permit_pm1_funcs
                0x0000000020004304       0x14 obj_zoul/lpm.o
 .bss.notification_process
                0x0000000020004318        0x4 obj_zoul/pka.o
 .bss.input_callback
                0x000000002000431c        0x4 obj_zoul/slip.o
 .bss.ctimer_list_list
                0x0000000020004320        0x4 obj_zoul/ctimer.o
 .bss.timerlist
                0x0000000020004324        0x4 obj_zoul/etimer.o
 .bss.next_expiration
                0x0000000020004328        0x4 obj_zoul/etimer.o
 .bss.process_current
                0x000000002000432c        0x4 obj_zoul/process.o
                0x000000002000432c                process_current
 .bss.process_list
                0x0000000020004330        0x4 obj_zoul/process.o
                0x0000000020004330                process_list
 .bss.events    0x0000000020004334      0x180 obj_zoul/process.o
 .bss.next_rtimer
                0x00000000200044b4        0x4 obj_zoul/rtimer.o
 .bss.rxbuf     0x00000000200044b8        0x8 obj_zoul/serial-line.o
 .bss.ptr.4707  0x00000000200044c0        0x4 obj_zoul/serial-line.o
 .bss.i.4722    0x00000000200044c4        0x4 obj_zoul/sensors.o
 .bss.events.4723
                0x00000000200044c8        0x4 obj_zoul/sensors.o
 .bss.context   0x00000000200044cc        0x4 obj_zoul/sicslowpan.o
 .bss.last_rssi
                0x00000000200044d0        0x4 obj_zoul/sicslowpan.o
 .bss.hc06_ptr  0x00000000200044d4        0x4 obj_zoul/sicslowpan.o
 .bss.packetbuf_ptr
                0x00000000200044d8        0x4 obj_zoul/sicslowpan.o
 .bss.packetbuf_payload_len
                0x00000000200044dc        0x4 obj_zoul/sicslowpan.o
 .bss.last_tx_status
                0x00000000200044e0        0x4 obj_zoul/sicslowpan.o
 .bss.callback  0x00000000200044e4        0x4 obj_zoul/sicslowpan.o
 .bss.frag_info
                0x00000000200044e8      0x170 obj_zoul/sicslowpan.o
 .bss.locmaddr  0x0000000020004658        0x4 obj_zoul/uip-ds6.o
 .bss.locprefix
                0x000000002000465c        0x4 obj_zoul/uip-ds6.o
 .bss.locaddr   0x0000000020004660        0x4 obj_zoul/uip-ds6.o
 .bss.defaultroutermemb_memb_mem
                0x0000000020004664       0x40 obj_zoul/uip-ds6-route.o
 .bss.num_routes
                0x00000000200046a4        0x4 obj_zoul/uip-ds6-route.o
 .bss.defaultrouterlist_list
                0x00000000200046a8        0x4 obj_zoul/uip-ds6-route.o
 .bss._nbr_routes_mem
                0x00000000200046ac       0x80 obj_zoul/uip-ds6-route.o
 .bss.routelist_list
                0x000000002000472c        0x4 obj_zoul/uip-ds6-route.o
 .bss.routememb_memb_mem
                0x0000000020004730      0x280 obj_zoul/uip-ds6-route.o
 .bss.neighborroutememb_memb_mem
                0x00000000200049b0       0x80 obj_zoul/uip-ds6-route.o
 .bss.notificationlist_list
                0x0000000020004a30        0x4 obj_zoul/uip-ds6-route.o
 .bss.echo_reply_callback_list_list
                0x0000000020004a34        0x4 obj_zoul/uip-icmp6.o
 .bss.input_handler_list_list
                0x0000000020004a38        0x4 obj_zoul/uip-icmp6.o
 .bss.s         0x0000000020004a3c       0x44 obj_zoul/tcpip.o
 .bss.periodic  0x0000000020004a80       0x10 obj_zoul/tcpip.o
 .bss.outputfunc
                0x0000000020004a90        0x4 obj_zoul/tcpip.o
 .bss._rpl_parents_mem
                0x0000000020004a94       0x80 obj_zoul/rpl-dag.o
 .bss.periodic_timer
                0x0000000020004b14       0x20 obj_zoul/rpl-nbr-policy.o
 .bss.timer_init
                0x0000000020004b34        0x4 obj_zoul/rpl-nbr-policy.o
 .bss.num_children
                0x0000000020004b38        0x4 obj_zoul/rpl-nbr-policy.o
 .bss.worst_rank_nbr
                0x0000000020004b3c        0x4 obj_zoul/rpl-nbr-policy.o
 .bss.num_free  0x0000000020004b40        0x4 obj_zoul/rpl-nbr-policy.o
 .bss.num_parents
                0x0000000020004b44        0x4 obj_zoul/rpl-nbr-policy.o
 .bss.periodic_timer
                0x0000000020004b48       0x20 obj_zoul/rpl-timers.o
 .bss._link_stats_mem
                0x0000000020004b68       0xc0 obj_zoul/link-stats.o
 .bss.nbr_table_keys_list
                0x0000000020004c28        0x4 obj_zoul/nbr-table.o
 .bss.neighbor_addr_mem_memb_mem
                0x0000000020004c2c       0xc0 obj_zoul/nbr-table.o
 .bss.all_tables
                0x0000000020004cec       0x20 obj_zoul/nbr-table.o
 .bss.num_tables
                0x0000000020004d0c        0x4 obj_zoul/nbr-table.o
 .bss.packetbuf_aligned
                0x0000000020004d10       0x80 obj_zoul/packetbuf.o
 .bss.bufmem_memb_mem
                0x0000000020004d90       0x10 obj_zoul/queuebuf.o
 .bss.metadata_memb_memb_mem
                0x0000000020004da0       0x30 obj_zoul/csma.o
 .bss.neighbor_list_list
                0x0000000020004dd0        0x4 obj_zoul/csma.o
 .bss.packet_memb_memb_mem
                0x0000000020004dd4       0x30 obj_zoul/csma.o
 .bss.neighbor_memb_memb_mem
                0x0000000020004e04       0x70 obj_zoul/csma.o
 .bss.received_seqnos
                0x0000000020004e74      0x100 obj_zoul/mac-sequence.o
 .bss.cycle_start
                0x0000000020004f74        0x4 obj_zoul/contikimac.o
 .bss.we_are_receiving_burst
                0x0000000020004f78        0x4 obj_zoul/contikimac.o
 .bss.rt        0x0000000020004f7c        0xc obj_zoul/contikimac.o
 .bss.start.6945
                0x0000000020004f88        0x4 obj_zoul/contikimac.o
 .bss.ct.7020   0x0000000020004f8c       0x20 obj_zoul/contikimac.o
 .bss.et.8467   0x0000000020004fac       0x10 border-router.co
 .bss.r.8427    0x0000000020004fbc        0x4 border-router.co
 .bss.blen      0x0000000020004fc0        0x4 border-router.co
 .bss.nbr.8428  0x0000000020004fc4        0x4 border-router.co
 .bss.conns_memb_mem
                0x0000000020004fc8       0xf0 obj_zoul/httpd-simple.o
 .bss.next_free
                0x00000000200050b8        0x2 obj_zoul/slip.o
 .bss.pkt_end   0x00000000200050ba        0x2 obj_zoul/slip.o
 .bss.begin     0x00000000200050bc        0x2 obj_zoul/slip.o
 .bss.my_tag    0x00000000200050be        0x2 obj_zoul/sicslowpan.o
 .bss.lastport  0x00000000200050c0        0x2 obj_zoul/uip6.o
 .bss.loc_fipaddr
                0x00000000200050c2       0x10 obj_zoul/uip-ds6.o
 .bss._ds6_neighbors_mem
                0x00000000200050d2      0x120 obj_zoul/uip-ds6-nbr.o
 .bss.tmp_ipaddr
                0x00000000200051f2       0x10 obj_zoul/uip-icmp6.o
 .bss.worst_rank
                0x0000000020005202        0x2 obj_zoul/rpl-nbr-policy.o
 .bss.next_dis  0x0000000020005204        0x2 obj_zoul/rpl-timers.o
 .bss.buflen    0x0000000020005206        0x2 obj_zoul/packetbuf.o
 .bss.bufptr    0x0000000020005208        0x2 obj_zoul/packetbuf.o
 .bss.buframmem_memb_mem
                0x000000002000520a      0x2c0 obj_zoul/queuebuf.o
 .bss.seqno.6219
                0x00000000200054ca        0x2 obj_zoul/csma.o
 .bss.pt        0x00000000200054cc        0x2 obj_zoul/contikimac.o
 .bss.prefix    0x00000000200054ce       0x10 border-router.co
 .bss.last_sender
                0x00000000200054de       0x10 obj_zoul/slip-bridge.o
 .bss.leds      0x00000000200054ee        0x1 obj_zoul/leds.o
 .bss.press_event_counter
                0x00000000200054ef        0x1 obj_zoul/button-sensor.o
 .bss.initialized
                0x00000000200054f0        0x1 obj_zoul/antenna-sw.o
 .bss.crc_corr  0x00000000200054f1        0x1 obj_zoul/cc2538-rf.o
 .bss.rssi      0x00000000200054f2        0x1 obj_zoul/cc2538-rf.o
 .bss.poll_mode
                0x00000000200054f3        0x1 obj_zoul/cc2538-rf.o
 .bss.rf_flags  0x00000000200054f4        0x1 obj_zoul/cc2538-rf.o
 .bss.max_pm    0x00000000200054f5        0x1 obj_zoul/lpm.o
 .bss.debug_frame.5413
                0x00000000200054f6        0x1 obj_zoul/dbg.o
 .bss.state     0x00000000200054f7        0x1 obj_zoul/slip.o
 .bss.rxbuf     0x00000000200054f8       0x9c obj_zoul/slip.o
 .bss.initialized
                0x0000000020005594        0x1 obj_zoul/ctimer.o
 .bss.fevent    0x0000000020005595        0x1 obj_zoul/process.o
 .bss.nevents   0x0000000020005596        0x1 obj_zoul/process.o
 .bss.poll_requested
                0x0000000020005597        0x1 obj_zoul/process.o
 .bss.lastevent
                0x0000000020005598        0x1 obj_zoul/process.o
 .bss.overflow.4700
                0x0000000020005599        0x1 obj_zoul/serial-line.o
 .bss.rxbuf_data
                0x000000002000559a       0x80 obj_zoul/serial-line.o
 .bss.buf.4706  0x000000002000561a       0x80 obj_zoul/serial-line.o
 .bss.num_sensors
                0x000000002000569a        0x1 obj_zoul/sensors.o
 .bss.uncomp_hdr_len
                0x000000002000569b        0x1 obj_zoul/sicslowpan.o
 .bss.addr_contexts
                0x000000002000569c        0xa obj_zoul/sicslowpan.o
 .bss.frag_buf  0x00000000200056a6      0x54c obj_zoul/sicslowpan.o
 .bss.packetbuf_hdr_len
                0x0000000020005bf2        0x1 obj_zoul/sicslowpan.o
 .bss.uip_ext_len
                0x0000000020005bf3        0x1 obj_zoul/uip6.o
                0x0000000020005bf3                uip_ext_len
 .bss.uip_ext_bitmap
                0x0000000020005bf4        0x1 obj_zoul/uip6.o